Archive member included to satisfy reference by file (symbol)

C:/ST/STM32CubeIDE_1.16.1/STM32CubeIDE/plugins/com.st.stm32cube.ide.mcu.externaltools.gnu-tools-for-stm32.12.3.rel1.win32_1.0.200.202406191623/tools/bin/../lib/gcc/arm-none-eabi/12.3.1/../../../../arm-none-eabi/lib/thumb/v7e-m+fp/hard\libc_nano.a(libc_a-exit.o)
                              C:/ST/STM32CubeIDE_1.16.1/STM32CubeIDE/plugins/com.st.stm32cube.ide.mcu.externaltools.gnu-tools-for-stm32.12.3.rel1.win32_1.0.200.202406191623/tools/bin/../lib/gcc/arm-none-eabi/12.3.1/../../../../arm-none-eabi/lib/thumb/v7e-m+fp/hard/crt0.o (exit)
C:/ST/STM32CubeIDE_1.16.1/STM32CubeIDE/plugins/com.st.stm32cube.ide.mcu.externaltools.gnu-tools-for-stm32.12.3.rel1.win32_1.0.200.202406191623/tools/bin/../lib/gcc/arm-none-eabi/12.3.1/../../../../arm-none-eabi/lib/thumb/v7e-m+fp/hard\libc_nano.a(libc_a-realloc.o)
                              ./Core/Src/ros1.o (realloc)
C:/ST/STM32CubeIDE_1.16.1/STM32CubeIDE/plugins/com.st.stm32cube.ide.mcu.externaltools.gnu-tools-for-stm32.12.3.rel1.win32_1.0.200.202406191623/tools/bin/../lib/gcc/arm-none-eabi/12.3.1/../../../../arm-none-eabi/lib/thumb/v7e-m+fp/hard\libc_nano.a(libc_a-reallocr.o)
                              C:/ST/STM32CubeIDE_1.16.1/STM32CubeIDE/plugins/com.st.stm32cube.ide.mcu.externaltools.gnu-tools-for-stm32.12.3.rel1.win32_1.0.200.202406191623/tools/bin/../lib/gcc/arm-none-eabi/12.3.1/../../../../arm-none-eabi/lib/thumb/v7e-m+fp/hard\libc_nano.a(libc_a-realloc.o) (_realloc_r)
C:/ST/STM32CubeIDE_1.16.1/STM32CubeIDE/plugins/com.st.stm32cube.ide.mcu.externaltools.gnu-tools-for-stm32.12.3.rel1.win32_1.0.200.202406191623/tools/bin/../lib/gcc/arm-none-eabi/12.3.1/../../../../arm-none-eabi/lib/thumb/v7e-m+fp/hard\libc_nano.a(libc_a-findfp.o)
                              C:/ST/STM32CubeIDE_1.16.1/STM32CubeIDE/plugins/com.st.stm32cube.ide.mcu.externaltools.gnu-tools-for-stm32.12.3.rel1.win32_1.0.200.202406191623/tools/bin/../lib/gcc/arm-none-eabi/12.3.1/../../../../arm-none-eabi/lib/thumb/v7e-m+fp/hard\libc_nano.a(libc_a-exit.o) (__stdio_exit_handler)
C:/ST/STM32CubeIDE_1.16.1/STM32CubeIDE/plugins/com.st.stm32cube.ide.mcu.externaltools.gnu-tools-for-stm32.12.3.rel1.win32_1.0.200.202406191623/tools/bin/../lib/gcc/arm-none-eabi/12.3.1/../../../../arm-none-eabi/lib/thumb/v7e-m+fp/hard\libc_nano.a(libc_a-fwalk.o)
                              C:/ST/STM32CubeIDE_1.16.1/STM32CubeIDE/plugins/com.st.stm32cube.ide.mcu.externaltools.gnu-tools-for-stm32.12.3.rel1.win32_1.0.200.202406191623/tools/bin/../lib/gcc/arm-none-eabi/12.3.1/../../../../arm-none-eabi/lib/thumb/v7e-m+fp/hard\libc_nano.a(libc_a-findfp.o) (_fwalk_sglue)
C:/ST/STM32CubeIDE_1.16.1/STM32CubeIDE/plugins/com.st.stm32cube.ide.mcu.externaltools.gnu-tools-for-stm32.12.3.rel1.win32_1.0.200.202406191623/tools/bin/../lib/gcc/arm-none-eabi/12.3.1/../../../../arm-none-eabi/lib/thumb/v7e-m+fp/hard\libc_nano.a(libc_a-stdio.o)
                              C:/ST/STM32CubeIDE_1.16.1/STM32CubeIDE/plugins/com.st.stm32cube.ide.mcu.externaltools.gnu-tools-for-stm32.12.3.rel1.win32_1.0.200.202406191623/tools/bin/../lib/gcc/arm-none-eabi/12.3.1/../../../../arm-none-eabi/lib/thumb/v7e-m+fp/hard\libc_nano.a(libc_a-findfp.o) (__sread)
C:/ST/STM32CubeIDE_1.16.1/STM32CubeIDE/plugins/com.st.stm32cube.ide.mcu.externaltools.gnu-tools-for-stm32.12.3.rel1.win32_1.0.200.202406191623/tools/bin/../lib/gcc/arm-none-eabi/12.3.1/../../../../arm-none-eabi/lib/thumb/v7e-m+fp/hard\libc_nano.a(libc_a-memset.o)
                              C:/ST/STM32CubeIDE_1.16.1/STM32CubeIDE/plugins/com.st.stm32cube.ide.mcu.externaltools.gnu-tools-for-stm32.12.3.rel1.win32_1.0.200.202406191623/tools/bin/../lib/gcc/arm-none-eabi/12.3.1/../../../../arm-none-eabi/lib/thumb/v7e-m+fp/hard/crt0.o (memset)
C:/ST/STM32CubeIDE_1.16.1/STM32CubeIDE/plugins/com.st.stm32cube.ide.mcu.externaltools.gnu-tools-for-stm32.12.3.rel1.win32_1.0.200.202406191623/tools/bin/../lib/gcc/arm-none-eabi/12.3.1/../../../../arm-none-eabi/lib/thumb/v7e-m+fp/hard\libc_nano.a(libc_a-closer.o)
                              C:/ST/STM32CubeIDE_1.16.1/STM32CubeIDE/plugins/com.st.stm32cube.ide.mcu.externaltools.gnu-tools-for-stm32.12.3.rel1.win32_1.0.200.202406191623/tools/bin/../lib/gcc/arm-none-eabi/12.3.1/../../../../arm-none-eabi/lib/thumb/v7e-m+fp/hard\libc_nano.a(libc_a-stdio.o) (_close_r)
C:/ST/STM32CubeIDE_1.16.1/STM32CubeIDE/plugins/com.st.stm32cube.ide.mcu.externaltools.gnu-tools-for-stm32.12.3.rel1.win32_1.0.200.202406191623/tools/bin/../lib/gcc/arm-none-eabi/12.3.1/../../../../arm-none-eabi/lib/thumb/v7e-m+fp/hard\libc_nano.a(libc_a-reent.o)
                              C:/ST/STM32CubeIDE_1.16.1/STM32CubeIDE/plugins/com.st.stm32cube.ide.mcu.externaltools.gnu-tools-for-stm32.12.3.rel1.win32_1.0.200.202406191623/tools/bin/../lib/gcc/arm-none-eabi/12.3.1/../../../../arm-none-eabi/lib/thumb/v7e-m+fp/hard\libc_nano.a(libc_a-closer.o) (errno)
[...]
Memory Configuration

Name             Origin             Length             Attributes
RAM              0x20000000         0x00008000         xrw
FLASH            0x08000000         0x00020000         xr
*default*        0x00000000         0xffffffff

Linker script and memory map

LOAD C:/ST/STM32CubeIDE_1.16.1/STM32CubeIDE/plugins/com.st.stm32cube.ide.mcu.externaltools.gnu-tools-for-stm32.12.3.rel1.win32_1.0.200.202406191623/tools/bin/../lib/gcc/arm-none-eabi/12.3.1/thumb/v7e-m+fp/hard/crti.o
LOAD C:/ST/STM32CubeIDE_1.16.1/STM32CubeIDE/plugins/com.st.stm32cube.ide.mcu.externaltools.gnu-tools-for-stm32.12.3.rel1.win32_1.0.200.202406191623/tools/bin/../lib/gcc/arm-none-eabi/12.3.1/thumb/v7e-m+fp/hard/crtbegin.o
LOAD C:/ST/STM32CubeIDE_1.16.1/STM32CubeIDE/plugins/com.st.stm32cube.ide.mcu.externaltools.gnu-tools-for-stm32.12.3.rel1.win32_1.0.200.202406191623/tools/bin/../lib/gcc/arm-none-eabi/12.3.1/../../../../arm-none-eabi/lib/thumb/v7e-m+fp/hard/crt0.o
LOAD ./Core/Inc/duration.o
LOAD ./Core/Inc/time.o
LOAD ./Core/Src/DC_motor.o
LOAD ./Core/Src/control.o
LOAD ./Core/Src/encoder.o
LOAD ./Core/Src/main.o
LOAD ./Core/Src/mainpp.o
LOAD ./Core/Src/mission.o
LOAD ./Core/Src/ros1.o
LOAD ./Core/Src/servo.o
LOAD ./Core/Src/stm32g4xx_hal_msp.o
LOAD ./Core/Src/stm32g4xx_it.o
LOAD ./Core/Src/syscalls.o
LOAD ./Core/Src/sysmem.o
LOAD ./Core/Src/system_stm32g4xx.o
LOAD ./Core/Src/timer.o
LOAD ./Core/Startup/startup_stm32g431rbtx.o
LOAD ./Drivers/STM32G4xx_HAL_Driver/Src/stm32g4xx_hal.o
LOAD ./Drivers/STM32G4xx_HAL_Driver/Src/stm32g4xx_hal_cortex.o
LOAD ./Drivers/STM32G4xx_HAL_Driver/Src/stm32g4xx_hal_dma.o
LOAD ./Drivers/STM32G4xx_HAL_Driver/Src/stm32g4xx_hal_dma_ex.o
LOAD ./Drivers/STM32G4xx_HAL_Driver/Src/stm32g4xx_hal_exti.o
LOAD ./Drivers/STM32G4xx_HAL_Driver/Src/stm32g4xx_hal_flash.o
LOAD ./Drivers/STM32G4xx_HAL_Driver/Src/stm32g4xx_hal_flash_ex.o
LOAD ./Drivers/STM32G4xx_HAL_Driver/Src/stm32g4xx_hal_flash_ramfunc.o
LOAD ./Drivers/STM32G4xx_HAL_Driver/Src/stm32g4xx_hal_gpio.o
LOAD ./Drivers/STM32G4xx_HAL_Driver/Src/stm32g4xx_hal_i2c.o
LOAD ./Drivers/STM32G4xx_HAL_Driver/Src/stm32g4xx_hal_i2c_ex.o
LOAD ./Drivers/STM32G4xx_HAL_Driver/Src/stm32g4xx_hal_pwr.o
LOAD ./Drivers/STM32G4xx_HAL_Driver/Src/stm32g4xx_hal_pwr_ex.o
LOAD ./Drivers/STM32G4xx_HAL_Driver/Src/stm32g4xx_hal_rcc.o
LOAD ./Drivers/STM32G4xx_HAL_Driver/Src/stm32g4xx_hal_rcc_ex.o
LOAD ./Drivers/STM32G4xx_HAL_Driver/Src/stm32g4xx_hal_tim.o
LOAD ./Drivers/STM32G4xx_HAL_Driver/Src/stm32g4xx_hal_tim_ex.o
LOAD ./Drivers/STM32G4xx_HAL_Driver/Src/stm32g4xx_hal_uart.o
LOAD ./Drivers/STM32G4xx_HAL_Driver/Src/stm32g4xx_hal_uart_ex.o
START GROUP
LOAD C:/ST/STM32CubeIDE_1.16.1/STM32CubeIDE/plugins/com.st.stm32cube.ide.mcu.externaltools.gnu-tools-for-stm32.12.3.rel1.win32_1.0.200.202406191623/tools/bin/../lib/gcc/arm-none-eabi/12.3.1/../../../../arm-none-eabi/lib/thumb/v7e-m+fp/hard\libstdc++_nano.a
LOAD C:/ST/STM32CubeIDE_1.16.1/STM32CubeIDE/plugins/com.st.stm32cube.ide.mcu.externaltools.gnu-tools-for-stm32.12.3.rel1.win32_1.0.200.202406191623/tools/bin/../lib/gcc/arm-none-eabi/12.3.1/../../../../arm-none-eabi/lib/thumb/v7e-m+fp/hard\libsupc++_nano.a
END GROUP
LOAD C:/ST/STM32CubeIDE_1.16.1/STM32CubeIDE/plugins/com.st.stm32cube.ide.mcu.externaltools.gnu-tools-for-stm32.12.3.rel1.win32_1.0.200.202406191623/tools/bin/../lib/gcc/arm-none-eabi/12.3.1/../../../../arm-none-eabi/lib/thumb/v7e-m+fp/hard\libstdc++_nano.a
LOAD C:/ST/STM32CubeIDE_1.16.1/STM32CubeIDE/plugins/com.st.stm32cube.ide.mcu.externaltools.gnu-tools-for-stm32.12.3.rel1.win32_1.0.200.202406191623/tools/bin/../lib/gcc/arm-none-eabi/12.3.1/../../../../arm-none-eabi/lib/thumb/v7e-m+fp/hard\libm.a
LOAD C:/ST/STM32CubeIDE_1.16.1/STM32CubeIDE/plugins/com.st.stm32cube.ide.mcu.externaltools.gnu-tools-for-stm32.12.3.rel1.win32_1.0.200.202406191623/tools/bin/../lib/gcc/arm-none-eabi/12.3.1/../../../../arm-none-eabi/lib/thumb/v7e-m+fp/hard\libc_nano.a
START GROUP
LOAD C:/ST/STM32CubeIDE_1.16.1/STM32CubeIDE/plugins/com.st.stm32cube.ide.mcu.externaltools.gnu-tools-for-stm32.12.3.rel1.win32_1.0.200.202406191623/tools/bin/../lib/gcc/arm-none-eabi/12.3.1/thumb/v7e-m+fp/hard\libgcc.a
LOAD C:/ST/STM32CubeIDE_1.16.1/STM32CubeIDE/plugins/com.st.stm32cube.ide.mcu.externaltools.gnu-tools-for-stm32.12.3.rel1.win32_1.0.200.202406191623/tools/bin/../lib/gcc/arm-none-eabi/12.3.1/../../../../arm-none-eabi/lib/thumb/v7e-m+fp/hard\libc_nano.a
END GROUP
START GROUP
LOAD C:/ST/STM32CubeIDE_1.16.1/STM32CubeIDE/plugins/com.st.stm32cube.ide.mcu.externaltools.gnu-tools-for-stm32.12.3.rel1.win32_1.0.200.202406191623/tools/bin/../lib/gcc/arm-none-eabi/12.3.1/thumb/v7e-m+fp/hard\libgcc.a
LOAD C:/ST/STM32CubeIDE_1.16.1/STM32CubeIDE/plugins/com.st.stm32cube.ide.mcu.externaltools.gnu-tools-for-stm32.12.3.rel1.win32_1.0.200.202406191623/tools/bin/../lib/gcc/arm-none-eabi/12.3.1/../../../../arm-none-eabi/lib/thumb/v7e-m+fp/hard\libc_nano.a
END GROUP
LOAD C:/ST/STM32CubeIDE_1.16.1/STM32CubeIDE/plugins/com.st.stm32cube.ide.mcu.externaltools.gnu-tools-for-stm32.12.3.rel1.win32_1.0.200.202406191623/tools/bin/../lib/gcc/arm-none-eabi/12.3.1/thumb/v7e-m+fp/hard/crtend.o
LOAD C:/ST/STM32CubeIDE_1.16.1/STM32CubeIDE/plugins/com.st.stm32cube.ide.mcu.externaltools.gnu-tools-for-stm32.12.3.rel1.win32_1.0.200.202406191623/tools/bin/../lib/gcc/arm-none-eabi/12.3.1/thumb/v7e-m+fp/hard/crtn.o
                0x20008000                        _estack = (ORIGIN (RAM) + LENGTH (RAM))
                0x00000200                        _Min_Heap_Size = 0x200
                0x00000400                        _Min_Stack_Size = 0x400

.isr_vector     0x08000000      0x1d8
                0x08000000                        . = ALIGN (0x4)
 *(.isr_vector)
 .isr_vector    0x08000000      0x1d8 ./Core/Startup/startup_stm32g431rbtx.o
                0x08000000                g_pfnVectors
                0x080001d8                        . = ALIGN (0x4)

.text           0x080001d8     0xaf94
                0x080001d8                        . = ALIGN (0x4)
 *(.text)
 .text          0x080001d8       0x40 C:/ST/STM32CubeIDE_1.16.1/STM32CubeIDE/plugins/com.st.stm32cube.ide.mcu.externaltools.gnu-tools-for-stm32.12.3.rel1.win32_1.0.200.202406191623/tools/bin/../lib/gcc/arm-none-eabi/12.3.1/thumb/v7e-m+fp/hard/crtbegin.o
 .text          0x08000218       0x10 C:/ST/STM32CubeIDE_1.16.1/STM32CubeIDE/plugins/com.st.stm32cube.ide.mcu.externaltools.gnu-tools-for-stm32.12.3.rel1.win32_1.0.200.202406191623/tools/bin/../lib/gcc/arm-none-eabi/12.3.1/../../../../arm-none-eabi/lib/thumb/v7e-m+fp/hard\libc_nano.a(libc_a-strlen.o)
                0x08000218                strlen
 .text          0x08000228      0x378 C:/ST/STM32CubeIDE_1.16.1/STM32CubeIDE/plugins/com.st.stm32cube.ide.mcu.externaltools.gnu-tools-for-stm32.12.3.rel1.win32_1.0.200.202406191623/tools/bin/../lib/gcc/arm-none-eabi/12.3.1/thumb/v7e-m+fp/hard\libgcc.a(_arm_addsubdf3.o)
                0x08000228                __aeabi_drsub
                0x08000230                __aeabi_dsub
                0x08000230                __subdf3
                0x08000234                __aeabi_dadd
                0x08000234                __adddf3
                0x080004ac                __floatunsidf
                0x080004ac                __aeabi_ui2d
                0x080004cc                __floatsidf
                0x080004cc                __aeabi_i2d
                0x080004f0                __aeabi_f2d
                0x080004f0                __extendsfdf2
                0x08000534                __floatundidf
                0x08000534                __aeabi_ul2d
                0x08000544                __floatdidf
                0x08000544                __aeabi_l2d
 .text          0x080005a0      0x424 C:/ST/STM32CubeIDE_1.16.1/STM32CubeIDE/plugins/com.st.stm32cube.ide.mcu.externaltools.gnu-tools-for-stm32.12.3.rel1.win32_1.0.200.202406191623/tools/bin/../lib/gcc/arm-none-eabi/12.3.1/thumb/v7e-m+fp/hard\libgcc.a(_arm_muldivdf3.o)
                0x080005a0                __aeabi_dmul
                0x080005a0                __muldf3
                0x080007f4                __divdf3
                0x080007f4                __aeabi_ddiv
 .text          0x080009c4      0x110 C:/ST/STM32CubeIDE_1.16.1/STM32CubeIDE/plugins/com.st.stm32cube.ide.mcu.externaltools.gnu-tools-for-stm32.12.3.rel1.win32_1.0.200.202406191623/tools/bin/../lib/gcc/arm-none-eabi/12.3.1/thumb/v7e-m+fp/hard\libgcc.a(_arm_cmpdf2.o)
                0x080009c4                __gtdf2
                0x080009c4                __gedf2
                0x080009cc                __ltdf2
                0x080009cc                __ledf2
                0x080009d4                __nedf2
                0x080009d4                __eqdf2
                0x080009d4                __cmpdf2
                0x08000a50                __aeabi_cdrcmple
                0x08000a60                __aeabi_cdcmpeq
                0x08000a60                __aeabi_cdcmple
                0x08000a70                __aeabi_dcmpeq
                0x08000a84                __aeabi_dcmplt
                0x08000a98                __aeabi_dcmple
                0x08000aac                __aeabi_dcmpge
                0x08000ac0                __aeabi_dcmpgt
 .text          0x08000ad4       0x50 C:/ST/STM32CubeIDE_1.16.1/STM32CubeIDE/plugins/com.st.stm32cube.ide.mcu.externaltools.gnu-tools-for-stm32.12.3.rel1.win32_1.0.200.202406191623/tools/bin/../lib/gcc/arm-none-eabi/12.3.1/thumb/v7e-m+fp/hard\libgcc.a(_arm_fixdfsi.o)
                0x08000ad4                __aeabi_d2iz
                0x08000ad4                __fixdfsi
 .text          0x08000b24       0xa0 C:/ST/STM32CubeIDE_1.16.1/STM32CubeIDE/plugins/com.st.stm32cube.ide.mcu.externaltools.gnu-tools-for-stm32.12.3.rel1.win32_1.0.200.202406191623/tools/bin/../lib/gcc/arm-none-eabi/12.3.1/thumb/v7e-m+fp/hard\libgcc.a(_arm_truncdfsf2.o)
                0x08000b24                __truncdfsf2
                0x08000b24                __aeabi_d2f
 .text          0x08000bc4       0x30 C:/ST/STM32CubeIDE_1.16.1/STM32CubeIDE/plugins/com.st.stm32cube.ide.mcu.externaltools.gnu-tools-for-stm32.12.3.rel1.win32_1.0.200.202406191623/tools/bin/../lib/gcc/arm-none-eabi/12.3.1/thumb/v7e-m+fp/hard\libgcc.a(_aeabi_uldivmod.o)
                0x08000bc4                __aeabi_uldivmod
 .text          0x08000bf4      0x2bc C:/ST/STM32CubeIDE_1.16.1/STM32CubeIDE/plugins/com.st.stm32cube.ide.mcu.externaltools.gnu-tools-for-stm32.12.3.rel1.win32_1.0.200.202406191623/tools/bin/../lib/gcc/arm-none-eabi/12.3.1/thumb/v7e-m+fp/hard\libgcc.a(_udivmoddi4.o)
                0x08000bf4                __udivmoddi4
 .text          0x08000eb0        0x4 C:/ST/STM32CubeIDE_1.16.1/STM32CubeIDE/plugins/com.st.stm32cube.ide.mcu.externaltools.gnu-tools-for-stm32.12.3.rel1.win32_1.0.200.202406191623/tools/bin/../lib/gcc/arm-none-eabi/12.3.1/thumb/v7e-m+fp/hard\libgcc.a(_dvmd_tls.o)
                0x08000eb0                __aeabi_idiv0
                0x08000eb0                __aeabi_ldiv0
 *(.text*)
 .text._ZN3ros16normalizeSecNSecERmS0_
                0x08000eb4       0x58 ./Core/Inc/time.o
                0x08000eb4                ros::normalizeSecNSec(unsigned long&, unsigned long&)
 .text._ZN8DC_motor6PI_runEv
                0x08000f0c      0x280 ./Core/Src/DC_motor.o
                0x08000f0c                DC_motor::PI_run()
 .text._ZN8DC_motor8setspeedEf
                0x0800118c       0x1e ./Core/Src/DC_motor.o
                0x0800118c                DC_motor::setspeed(float)
 *fill*         0x080011aa        0x2 
 .text._ZN8DC_motor12update_speedEi
                0x080011ac       0x94 ./Core/Src/DC_motor.o
                0x080011ac                DC_motor::update_speed(int)
 .text._ZN8DC_motor5setupEv
                0x08001240       0x38 ./Core/Src/DC_motor.o
                0x08001240                DC_motor::setup()
 .text._ZN8DC_motor8heightToEf
                0x08001278      0x1a0 ./Core/Src/DC_motor.o
                0x08001278                DC_motor::heightTo(float)
 .text.main     0x08001418       0x40 ./Core/Src/main.o
                0x08001418                main
 .text.SystemClock_Config
                0x08001458       0x80 ./Core/Src/main.o
                0x08001458                SystemClock_Config
 .text.MX_I2C1_Init
                0x080014d8       0x80 ./Core/Src/main.o
 .text.MX_TIM1_Init
                0x08001558      0x170 ./Core/Src/main.o
 .text.MX_TIM2_Init
                0x080016c8       0x9c ./Core/Src/main.o
 .text.MX_TIM3_Init
                0x08001764       0xcc ./Core/Src/main.o
 .text.MX_TIM4_Init
                0x08001830       0xac ./Core/Src/main.o
 .text.MX_TIM6_Init
                0x080018dc       0x6c ./Core/Src/main.o
 .text.MX_TIM7_Init
                0x08001948       0x6c ./Core/Src/main.o
 .text.MX_TIM8_Init
                0x080019b4      0x128 ./Core/Src/main.o
 .text.MX_USART2_UART_Init
                0x08001adc       0x98 ./Core/Src/main.o
 .text.MX_DMA_Init
                0x08001b74       0x64 ./Core/Src/main.o
 .text.MX_GPIO_Init
                0x08001bd8      0x14c ./Core/Src/main.o
 .text.Error_Handler
                0x08001d24        0xc ./Core/Src/main.o
                0x08001d24                Error_Handler
 .text._ZN5Servo12getServoInfoENS_4typeE
                0x08001d30       0x8c ./Core/Src/mainpp.o
                0x08001d30                Servo::getServoInfo(Servo::type)
 .text._ZN5ServoC2EP17TIM_HandleTypeDefmNS_4typeE
                0x08001dbc       0x5c ./Core/Src/mainpp.o
                0x08001dbc                Servo::Servo(TIM_HandleTypeDef*, unsigned long, Servo::type)
                0x08001dbc                Servo::Servo(TIM_HandleTypeDef*, unsigned long, Servo::type)
 .text._ZN8DC_motorC2EP17TIM_HandleTypeDefP12GPIO_TypeDeftS1_mbff
                0x08001e18       0xe0 ./Core/Src/mainpp.o
                0x08001e18                DC_motor::DC_motor(TIM_HandleTypeDef*, GPIO_TypeDef*, unsigned short, TIM_HandleTypeDef*, unsigned long, bool, float, float)
                0x08001e18                DC_motor::DC_motor(TIM_HandleTypeDef*, GPIO_TypeDef*, unsigned short, TIM_HandleTypeDef*, unsigned long, bool, float, float)
 .text._Z9setup_allv
                0x08001ef8       0xcc ./Core/Src/mainpp.o
                0x08001ef8                setup_all()
 .text.main_function
                0x08001fc4       0x48 ./Core/Src/mainpp.o
                0x08001fc4                main_function
 .text._Z4waitiP17TIM_HandleTypeDef
                0x0800200c       0x34 ./Core/Src/mainpp.o
                0x0800200c                wait(int, TIM_HandleTypeDef*)
 .text.HAL_TIM_PeriodElapsedCallback
                0x08002040       0xb8 ./Core/Src/mainpp.o
                0x08002040                HAL_TIM_PeriodElapsedCallback
 .text.HAL_GPIO_EXTI_Callback
                0x080020f8      0x2b0 ./Core/Src/mainpp.o
                0x080020f8                HAL_GPIO_EXTI_Callback
 .text._Z41__static_initialization_and_destruction_0ii
                0x080023a8       0xcc ./Core/Src/mainpp.o
 .text._GLOBAL__sub_I_Motor_updown
                0x08002474       0x10 ./Core/Src/mainpp.o
 .text._Z14gripperControlb
                0x08002484       0x44 ./Core/Src/mission.o
                0x08002484                gripperControl(bool)
 .text._Z10middleTurni
                0x080024c8       0xb0 ./Core/Src/mission.o
                0x080024c8                middleTurn(int)
 .text._Z14forwardToPointf
                0x08002578       0xfc ./Core/Src/mission.o
                0x08002578                forwardToPoint(float)
 .text._ZN3ros4TimeC2Ev
                0x08002674       0x22 ./Core/Src/ros1.o
                0x08002674                ros::Time::Time()
                0x08002674                ros::Time::Time()
 *fill*         0x08002696        0x2 
 .text._ZN3ros3MsgC2Ev
                0x08002698       0x20 ./Core/Src/ros1.o
                0x08002698                ros::Msg::Msg()
                0x08002698                ros::Msg::Msg()
 .text._ZN8std_msgs4TimeC2Ev
                0x080026b8       0x30 ./Core/Src/ros1.o
                0x080026b8                std_msgs::Time::Time()
                0x080026b8                std_msgs::Time::Time()
 .text._ZNK8std_msgs4Time9serializeEPh
                0x080026e8       0xb0 ./Core/Src/ros1.o
                0x080026e8                std_msgs::Time::serialize(unsigned char*) const
 .text._ZN8std_msgs4Time11deserializeEPh
                0x08002798       0xc8 ./Core/Src/ros1.o
                0x08002798                std_msgs::Time::deserialize(unsigned char*)
 .text._ZN8std_msgs4Time7getTypeEv
                0x08002860       0x1c ./Core/Src/ros1.o
                0x08002860                std_msgs::Time::getType()
 .text._ZN8std_msgs4Time6getMD5Ev
                0x0800287c       0x1c ./Core/Src/ros1.o
                0x0800287c                std_msgs::Time::getMD5()
 .text._ZN14rosserial_msgs9TopicInfoC2Ev
                0x08002898       0x48 ./Core/Src/ros1.o
                0x08002898                rosserial_msgs::TopicInfo::TopicInfo()
                0x08002898                rosserial_msgs::TopicInfo::TopicInfo()
 .text._ZNK14rosserial_msgs9TopicInfo9serializeEPh
                0x080028e0      0x136 ./Core/Src/ros1.o
                0x080028e0                rosserial_msgs::TopicInfo::serialize(unsigned char*) const
 .text._ZN14rosserial_msgs9TopicInfo11deserializeEPh
                0x08002a16      0x1d0 ./Core/Src/ros1.o
                0x08002a16                rosserial_msgs::TopicInfo::deserialize(unsigned char*)
 *fill*         0x08002be6        0x2 
 .text._ZN14rosserial_msgs9TopicInfo7getTypeEv
                0x08002be8       0x1c ./Core/Src/ros1.o
                0x08002be8                rosserial_msgs::TopicInfo::getType()
 .text._ZN14rosserial_msgs9TopicInfo6getMD5Ev
                0x08002c04       0x1c ./Core/Src/ros1.o
                0x08002c04                rosserial_msgs::TopicInfo::getMD5()
 .text._ZN14rosserial_msgs3LogC2Ev
                0x08002c20       0x34 ./Core/Src/ros1.o
                0x08002c20                rosserial_msgs::Log::Log()
                0x08002c20                rosserial_msgs::Log::Log()
 .text._ZNK14rosserial_msgs3Log9serializeEPh
                0x08002c54       0x64 ./Core/Src/ros1.o
                0x08002c54                rosserial_msgs::Log::serialize(unsigned char*) const
 .text._ZN14rosserial_msgs3Log11deserializeEPh
                0x08002cb8       0x90 ./Core/Src/ros1.o
                0x08002cb8                rosserial_msgs::Log::deserialize(unsigned char*)
 .text._ZN14rosserial_msgs3Log7getTypeEv
                0x08002d48       0x1c ./Core/Src/ros1.o
                0x08002d48                rosserial_msgs::Log::getType()
 .text._ZN14rosserial_msgs3Log6getMD5Ev
                0x08002d64       0x1c ./Core/Src/ros1.o
                0x08002d64                rosserial_msgs::Log::getMD5()
 .text._ZN14rosserial_msgs20RequestParamResponseC2Ev
                0x08002d80       0x48 ./Core/Src/ros1.o
                0x08002d80                rosserial_msgs::RequestParamResponse::RequestParamResponse()
                0x08002d80                rosserial_msgs::RequestParamResponse::RequestParamResponse()
 .text._ZNK14rosserial_msgs20RequestParamResponse9serializeEPh
                0x08002dc8      0x222 ./Core/Src/ros1.o
                0x08002dc8                rosserial_msgs::RequestParamResponse::serialize(unsigned char*) const
 .text._ZN14rosserial_msgs20RequestParamResponse11deserializeEPh
                0x08002fea      0x2e2 ./Core/Src/ros1.o
                0x08002fea                rosserial_msgs::RequestParamResponse::deserialize(unsigned char*)
 .text._ZN14rosserial_msgs20RequestParamResponse7getTypeEv
                0x080032cc       0x1c ./Core/Src/ros1.o
                0x080032cc                rosserial_msgs::RequestParamResponse::getType()
 .text._ZN14rosserial_msgs20RequestParamResponse6getMD5Ev
                0x080032e8       0x1c ./Core/Src/ros1.o
                0x080032e8                rosserial_msgs::RequestParamResponse::getMD5()
 .text._ZN3ros9PublisherC2EPKcPNS_3MsgEi
                0x08003304       0x2e ./Core/Src/ros1.o
                0x08003304                ros::Publisher::Publisher(char const*, ros::Msg*, int)
                0x08003304                ros::Publisher::Publisher(char const*, ros::Msg*, int)
 .text._ZN3ros9Publisher7publishEPKNS_3MsgE
                0x08003332       0x28 ./Core/Src/ros1.o
                0x08003332                ros::Publisher::publish(ros::Msg const*)
 .text._ZN3ros9Publisher15getEndpointTypeEv
                0x0800335a       0x18 ./Core/Src/ros1.o
                0x0800335a                ros::Publisher::getEndpointType()
 .text._ZN13STM32Hardware10getRdmaIndEv
                0x08003372       0x28 ./Core/Src/ros1.o
                0x08003372                STM32Hardware::getRdmaInd()
 *fill*         0x0800339a        0x2 
 .text._ZN13STM32HardwareC2Ev
                0x0800339c       0x40 ./Core/Src/ros1.o
                0x0800339c                STM32Hardware::STM32Hardware()
                0x0800339c                STM32Hardware::STM32Hardware()
 .text._ZN13STM32Hardware4initEv
                0x080033dc       0x16 ./Core/Src/ros1.o
                0x080033dc                STM32Hardware::init()
 .text._ZN13STM32Hardware10reset_rbufEv
                0x080033f2       0x22 ./Core/Src/ros1.o
                0x080033f2                STM32Hardware::reset_rbuf()
 .text._ZN13STM32Hardware4readEv
                0x08003414       0x5a ./Core/Src/ros1.o
                0x08003414                STM32Hardware::read()
 *fill*         0x0800346e        0x2 
 .text._ZN13STM32Hardware5flushEv
                0x08003470       0xcc ./Core/Src/ros1.o
                0x08003470                STM32Hardware::flush()
 .text._ZN13STM32Hardware5writeEPhi
                0x0800353c       0x94 ./Core/Src/ros1.o
                0x0800353c                STM32Hardware::write(unsigned char*, int)
 .text._ZN13STM32Hardware4timeEv
                0x080035d0       0x16 ./Core/Src/ros1.o
                0x080035d0                STM32Hardware::time()
 *fill*         0x080035e6        0x2 
 .text._ZN8std_msgs5Int32C2Ev
                0x080035e8       0x2c ./Core/Src/ros1.o
                0x080035e8                std_msgs::Int32::Int32()
                0x080035e8                std_msgs::Int32::Int32()
 .text._ZNK8std_msgs5Int329serializeEPh
                0x08003614       0x64 ./Core/Src/ros1.o
                0x08003614                std_msgs::Int32::serialize(unsigned char*) const
 .text._ZN8std_msgs5Int3211deserializeEPh
                0x08003678       0x70 ./Core/Src/ros1.o
                0x08003678                std_msgs::Int32::deserialize(unsigned char*)
 .text._ZN8std_msgs5Int327getTypeEv
                0x080036e8       0x1c ./Core/Src/ros1.o
                0x080036e8                std_msgs::Int32::getType()
 .text._ZN8std_msgs5Int326getMD5Ev
                0x08003704       0x1c ./Core/Src/ros1.o
                0x08003704                std_msgs::Int32::getMD5()
 .text._ZN8std_msgs4BoolC2Ev
                0x08003720       0x2c ./Core/Src/ros1.o
                0x08003720                std_msgs::Bool::Bool()
                0x08003720                std_msgs::Bool::Bool()
 .text._ZNK8std_msgs4Bool9serializeEPh
                0x0800374c       0x32 ./Core/Src/ros1.o
                0x0800374c                std_msgs::Bool::serialize(unsigned char*) const
 .text._ZN8std_msgs4Bool11deserializeEPh
                0x0800377e       0x3c ./Core/Src/ros1.o
                0x0800377e                std_msgs::Bool::deserialize(unsigned char*)
 *fill*         0x080037ba        0x2 
 .text._ZN8std_msgs4Bool7getTypeEv
                0x080037bc       0x1c ./Core/Src/ros1.o
                0x080037bc                std_msgs::Bool::getType()
 .text._ZN8std_msgs4Bool6getMD5Ev
                0x080037d8       0x1c ./Core/Src/ros1.o
                0x080037d8                std_msgs::Bool::getMD5()
 .text._ZN8std_msgs7Float64C2Ev
                0x080037f4       0x34 ./Core/Src/ros1.o
                0x080037f4                std_msgs::Float64::Float64()
                0x080037f4                std_msgs::Float64::Float64()
 .text._ZNK8std_msgs7Float649serializeEPh
                0x08003828      0x10a ./Core/Src/ros1.o
                0x08003828                std_msgs::Float64::serialize(unsigned char*) const
 .text._ZN8std_msgs7Float6411deserializeEPh
                0x08003932      0x206 ./Core/Src/ros1.o
                0x08003932                std_msgs::Float64::deserialize(unsigned char*)
 .text._ZN8std_msgs7Float647getTypeEv
                0x08003b38       0x1c ./Core/Src/ros1.o
                0x08003b38                std_msgs::Float64::getType()
 .text._ZN8std_msgs7Float646getMD5Ev
                0x08003b54       0x1c ./Core/Src/ros1.o
                0x08003b54                std_msgs::Float64::getMD5()
 .text._ZN4ROS14initEv
                0x08003b70       0x98 ./Core/Src/ros1.o
                0x08003b70                ROS1::init()
 .text._ZN4ROS110_pub_touchEv
                0x08003c08       0x24 ./Core/Src/ros1.o
                0x08003c08                ROS1::_pub_touch()
 .text._ZN4ROS112_pub_gripperEv
                0x08003c2c       0x24 ./Core/Src/ros1.o
                0x08003c2c                ROS1::_pub_gripper()
 .text._ZN4ROS16_pub_yEv
                0x08003c50       0x30 ./Core/Src/ros1.o
                0x08003c50                ROS1::_pub_y()
 .text._ZN4ROS110_pub_thetaEv
                0x08003c80       0x30 ./Core/Src/ros1.o
                0x08003c80                ROS1::_pub_theta()
 .text._ZN4ROS113callback_turnERKN8std_msgs5Int32E
                0x08003cb0       0x34 ./Core/Src/ros1.o
                0x08003cb0                ROS1::callback_turn(std_msgs::Int32 const&)
 .text._ZN4ROS116callback_gripperERKN8std_msgs4BoolE
                0x08003ce4       0x1a ./Core/Src/ros1.o
                0x08003ce4                ROS1::callback_gripper(std_msgs::Bool const&)
 .text._ZN4ROS116callback_forwardERKN8std_msgs5Int32E
                0x08003cfe       0x24 ./Core/Src/ros1.o
                0x08003cfe                ROS1::callback_forward(std_msgs::Int32 const&)
 *fill*         0x08003d22        0x2 
 .text._ZN4ROS117callback_ElevatorERKN8std_msgs5Int32E
                0x08003d24       0x84 ./Core/Src/ros1.o
                0x08003d24                ROS1::callback_Elevator(std_msgs::Int32 const&)
 .text._ZN4ROS119callback_BasketDoorERKN8std_msgs4BoolE
                0x08003da8       0x14 ./Core/Src/ros1.o
                0x08003da8                ROS1::callback_BasketDoor(std_msgs::Bool const&)
 .text._ZN3ros3Msg8varToArrIPhmEEvT_T0_
                0x08003dbc       0x3e ./Core/Src/ros1.o
                0x08003dbc                void ros::Msg::varToArr<unsigned char*, unsigned long>(unsigned char*, unsigned long)
 .text._ZN3ros3Msg8arrToVarImPhEEvRT_T0_
                0x08003dfa       0x4c ./Core/Src/ros1.o
                0x08003dfa                void ros::Msg::arrToVar<unsigned long, unsigned char*>(unsigned long&, unsigned char*)
 *fill*         0x08003e46        0x2 
 .text._ZN3ros15NodeHandleBase_C2Ev
                0x08003e48       0x20 ./Core/Src/ros1.o
                0x08003e48                ros::NodeHandleBase_::NodeHandleBase_()
                0x08003e48                ros::NodeHandleBase_::NodeHandleBase_()
 .text._ZN3ros11NodeHandle_I13STM32HardwareLi25ELi25ELi512ELi512EEC2Ev
                0x08003e68      0x134 ./Core/Src/ros1.o
                0x08003e68                ros::NodeHandle_<STM32Hardware, 25, 25, 512, 512>::NodeHandle_()
                0x08003e68                ros::NodeHandle_<STM32Hardware, 25, 25, 512, 512>::NodeHandle_()
 .text._ZN3ros11Subscriber_C2Ev
                0x08003f9c       0x20 ./Core/Src/ros1.o
                0x08003f9c                ros::Subscriber_::Subscriber_()
                0x08003f9c                ros::Subscriber_::Subscriber_()
 .text._ZN3ros10SubscriberIN8std_msgs4BoolEvEC2EPKcPFvRKS2_Ei
                0x08003fbc       0x48 ./Core/Src/ros1.o
                0x08003fbc                ros::Subscriber<std_msgs::Bool, void>::Subscriber(char const*, void (*)(std_msgs::Bool const&), int)
                0x08003fbc                ros::Subscriber<std_msgs::Bool, void>::Subscriber(char const*, void (*)(std_msgs::Bool const&), int)
 .text._ZN3ros10SubscriberIN8std_msgs5Int32EvEC2EPKcPFvRKS2_Ei
                0x08004004       0x48 ./Core/Src/ros1.o
                0x08004004                ros::Subscriber<std_msgs::Int32, void>::Subscriber(char const*, void (*)(std_msgs::Int32 const&), int)
                0x08004004                ros::Subscriber<std_msgs::Int32, void>::Subscriber(char const*, void (*)(std_msgs::Int32 const&), int)
 .text._ZN3ros11NodeHandle_I13STM32HardwareLi25ELi25ELi512ELi512EE8initNodeEv
                0x0800404c       0x52 ./Core/Src/ros1.o
                0x0800404c                ros::NodeHandle_<STM32Hardware, 25, 25, 512, 512>::initNode()
 .text._ZN3ros11NodeHandle_I13STM32HardwareLi25ELi25ELi512ELi512EE9advertiseERNS_9PublisherE
                0x0800409e       0x60 ./Core/Src/ros1.o
                0x0800409e                ros::NodeHandle_<STM32Hardware, 25, 25, 512, 512>::advertise(ros::Publisher&)
 .text._ZN3ros11NodeHandle_I13STM32HardwareLi25ELi25ELi512ELi512EE9subscribeINS_10SubscriberIN8std_msgs4BoolEvEEEEbRT_
                0x080040fe       0x56 ./Core/Src/ros1.o
                0x080040fe                bool ros::NodeHandle_<STM32Hardware, 25, 25, 512, 512>::subscribe<ros::Subscriber<std_msgs::Bool, void> >(ros::Subscriber<std_msgs::Bool, void>&)
 .text._ZN3ros11NodeHandle_I13STM32HardwareLi25ELi25ELi512ELi512EE9subscribeINS_10SubscriberIN8std_msgs5Int32EvEEEEbRT_
                0x08004154       0x56 ./Core/Src/ros1.o
                0x08004154                bool ros::NodeHandle_<STM32Hardware, 25, 25, 512, 512>::subscribe<ros::Subscriber<std_msgs::Int32, void> >(ros::Subscriber<std_msgs::Int32, void>&)
 .text._ZN3ros11NodeHandle_I13STM32HardwareLi25ELi25ELi512ELi512EE8spinOnceEv
                0x080041aa      0x4f0 ./Core/Src/ros1.o
                0x080041aa                ros::NodeHandle_<STM32Hardware, 25, 25, 512, 512>::spinOnce()
 .text._ZN3ros11NodeHandle_I13STM32HardwareLi25ELi25ELi512ELi512EE15requestSyncTimeEv
                0x0800469a       0x3e ./Core/Src/ros1.o
                0x0800469a                ros::NodeHandle_<STM32Hardware, 25, 25, 512, 512>::requestSyncTime()
 .text._ZN3ros11NodeHandle_I13STM32HardwareLi25ELi25ELi512ELi512EE15negotiateTopicsEv
                0x080046d8      0x1c2 ./Core/Src/ros1.o
                0x080046d8                ros::NodeHandle_<STM32Hardware, 25, 25, 512, 512>::negotiateTopics()
 *fill*         0x0800489a        0x2 
 .text._ZN3ros11NodeHandle_I13STM32HardwareLi25ELi25ELi512ELi512EE8syncTimeEPh
                0x0800489c       0x9c ./Core/Src/ros1.o
                0x0800489c                ros::NodeHandle_<STM32Hardware, 25, 25, 512, 512>::syncTime(unsigned char*)
 .text._ZN3ros11NodeHandle_I13STM32HardwareLi25ELi25ELi512ELi512EE7publishEiPKNS_3MsgE
                0x08004938      0x158 ./Core/Src/ros1.o
                0x08004938                ros::NodeHandle_<STM32Hardware, 25, 25, 512, 512>::publish(int, ros::Msg const*)
 .text._ZN3ros11NodeHandle_I13STM32HardwareLi25ELi25ELi512ELi512EE6setNowERNS_4TimeE
                0x08004a90       0x88 ./Core/Src/ros1.o
                0x08004a90                ros::NodeHandle_<STM32Hardware, 25, 25, 512, 512>::setNow(ros::Time&)
 .text._ZN3ros11NodeHandle_I13STM32HardwareLi25ELi25ELi512ELi512EE8logerrorEPKc
                0x08004b18       0x1c ./Core/Src/ros1.o
                0x08004b18                ros::NodeHandle_<STM32Hardware, 25, 25, 512, 512>::logerror(char const*)
 .text._ZN3ros11NodeHandle_I13STM32HardwareLi25ELi25ELi512ELi512EE3logEcPKc
                0x08004b34       0x38 ./Core/Src/ros1.o
                0x08004b34                ros::NodeHandle_<STM32Hardware, 25, 25, 512, 512>::log(char, char const*)
 .text._Z41__static_initialization_and_destruction_0ii
                0x08004b6c      0x158 ./Core/Src/ros1.o
 .text._ZN3ros10SubscriberIN8std_msgs5Int32EvE8callbackEPh
                0x08004cc4       0x2a ./Core/Src/ros1.o
                0x08004cc4                ros::Subscriber<std_msgs::Int32, void>::callback(unsigned char*)
 .text._ZN3ros10SubscriberIN8std_msgs5Int32EvE15getEndpointTypeEv
                0x08004cee       0x18 ./Core/Src/ros1.o
                0x08004cee                ros::Subscriber<std_msgs::Int32, void>::getEndpointType()
 .text._ZN3ros10SubscriberIN8std_msgs5Int32EvE10getMsgTypeEv
                0x08004d06       0x1c ./Core/Src/ros1.o
                0x08004d06                ros::Subscriber<std_msgs::Int32, void>::getMsgType()
 .text._ZN3ros10SubscriberIN8std_msgs5Int32EvE9getMsgMD5Ev
                0x08004d22       0x1c ./Core/Src/ros1.o
                0x08004d22                ros::Subscriber<std_msgs::Int32, void>::getMsgMD5()
 .text._ZN3ros10SubscriberIN8std_msgs4BoolEvE8callbackEPh
                0x08004d3e       0x2a ./Core/Src/ros1.o
                0x08004d3e                ros::Subscriber<std_msgs::Bool, void>::callback(unsigned char*)
 .text._ZN3ros10SubscriberIN8std_msgs4BoolEvE15getEndpointTypeEv
                0x08004d68       0x18 ./Core/Src/ros1.o
                0x08004d68                ros::Subscriber<std_msgs::Bool, void>::getEndpointType()
 .text._ZN3ros10SubscriberIN8std_msgs4BoolEvE10getMsgTypeEv
                0x08004d80       0x1c ./Core/Src/ros1.o
                0x08004d80                ros::Subscriber<std_msgs::Bool, void>::getMsgType()
 .text._ZN3ros10SubscriberIN8std_msgs4BoolEvE9getMsgMD5Ev
                0x08004d9c       0x1c ./Core/Src/ros1.o
                0x08004d9c                ros::Subscriber<std_msgs::Bool, void>::getMsgMD5()
 .text._ZN3ros11NodeHandle_I13STM32HardwareLi25ELi25ELi512ELi512EE9connectedEv
                0x08004db8       0x1e ./Core/Src/ros1.o
                0x08004db8                ros::NodeHandle_<STM32Hardware, 25, 25, 512, 512>::connected()
 .text._GLOBAL__sub_I_nh
                0x08004dd6       0x10 ./Core/Src/ros1.o
 .text._ZN5Servo5setupEi
                0x08004de6       0x2a ./Core/Src/servo.o
                0x08004de6                Servo::setup(int)
 .text._ZN5Servo5writeEi
                0x08004e10      0x164 ./Core/Src/servo.o
                0x08004e10                Servo::write(int)
 *fill*         0x08004f74        0x4 
 .text._ZN5Servo6turnToEii
                0x08004f78      0x1a4 ./Core/Src/servo.o
                0x08004f78                Servo::turnTo(int, int)
 .text.HAL_MspInit
                0x0800511c       0x58 ./Core/Src/stm32g4xx_hal_msp.o
                0x0800511c                HAL_MspInit
 .text.HAL_I2C_MspInit
                0x08005174       0xf0 ./Core/Src/stm32g4xx_hal_msp.o
                0x08005174                HAL_I2C_MspInit
 .text.HAL_TIM_PWM_MspInit
                0x08005264       0x90 ./Core/Src/stm32g4xx_hal_msp.o
                0x08005264                HAL_TIM_PWM_MspInit
 .text.HAL_TIM_Base_MspInit
                0x080052f4       0xb8 ./Core/Src/stm32g4xx_hal_msp.o
                0x080052f4                HAL_TIM_Base_MspInit
 .text.HAL_TIM_Encoder_MspInit
                0x080053ac       0x88 ./Core/Src/stm32g4xx_hal_msp.o
                0x080053ac                HAL_TIM_Encoder_MspInit
 .text.HAL_TIM_MspPostInit
                0x08005434      0x13c ./Core/Src/stm32g4xx_hal_msp.o
                0x08005434                HAL_TIM_MspPostInit
 .text.HAL_UART_MspInit
                0x08005570      0x17c ./Core/Src/stm32g4xx_hal_msp.o
                0x08005570                HAL_UART_MspInit
 .text.NMI_Handler
                0x080056ec        0x8 ./Core/Src/stm32g4xx_it.o
                0x080056ec                NMI_Handler
 .text.HardFault_Handler
                0x080056f4        0x8 ./Core/Src/stm32g4xx_it.o
                0x080056f4                HardFault_Handler
 .text.MemManage_Handler
                0x080056fc        0x8 ./Core/Src/stm32g4xx_it.o
                0x080056fc                MemManage_Handler
 .text.BusFault_Handler
                0x08005704        0x8 ./Core/Src/stm32g4xx_it.o
                0x08005704                BusFault_Handler
 .text.UsageFault_Handler
                0x0800570c        0x8 ./Core/Src/stm32g4xx_it.o
                0x0800570c                UsageFault_Handler
 .text.SVC_Handler
                0x08005714        0xe ./Core/Src/stm32g4xx_it.o
                0x08005714                SVC_Handler
 .text.DebugMon_Handler
                0x08005722        0xe ./Core/Src/stm32g4xx_it.o
                0x08005722                DebugMon_Handler
 .text.PendSV_Handler
                0x08005730        0xe ./Core/Src/stm32g4xx_it.o
                0x08005730                PendSV_Handler
 .text.SysTick_Handler
                0x0800573e        0xc ./Core/Src/stm32g4xx_it.o
                0x0800573e                SysTick_Handler
 .text.RCC_IRQHandler
                0x0800574a        0xe ./Core/Src/stm32g4xx_it.o
                0x0800574a                RCC_IRQHandler
 .text.EXTI3_IRQHandler
                0x08005758        0xe ./Core/Src/stm32g4xx_it.o
                0x08005758                EXTI3_IRQHandler
 .text.EXTI4_IRQHandler
                0x08005766        0xe ./Core/Src/stm32g4xx_it.o
                0x08005766                EXTI4_IRQHandler
 .text.DMA1_Channel3_IRQHandler
                0x08005774       0x14 ./Core/Src/stm32g4xx_it.o
                0x08005774                DMA1_Channel3_IRQHandler
 .text.DMA1_Channel4_IRQHandler
                0x08005788       0x14 ./Core/Src/stm32g4xx_it.o
                0x08005788                DMA1_Channel4_IRQHandler
 .text.EXTI9_5_IRQHandler
                0x0800579c       0x24 ./Core/Src/stm32g4xx_it.o
                0x0800579c                EXTI9_5_IRQHandler
 .text.TIM2_IRQHandler
                0x080057c0       0x14 ./Core/Src/stm32g4xx_it.o
                0x080057c0                TIM2_IRQHandler
 .text.USART2_IRQHandler
                0x080057d4       0x14 ./Core/Src/stm32g4xx_it.o
                0x080057d4                USART2_IRQHandler
 .text.EXTI15_10_IRQHandler
                0x080057e8       0x28 ./Core/Src/stm32g4xx_it.o
                0x080057e8                EXTI15_10_IRQHandler
 .text.TIM6_DAC_IRQHandler
                0x08005810       0x14 ./Core/Src/stm32g4xx_it.o
                0x08005810                TIM6_DAC_IRQHandler
 .text.TIM7_IRQHandler
                0x08005824       0x14 ./Core/Src/stm32g4xx_it.o
                0x08005824                TIM7_IRQHandler
 .text._sbrk    0x08005838       0x6c ./Core/Src/sysmem.o
                0x08005838                _sbrk
 .text.SystemInit
                0x080058a4       0x24 ./Core/Src/system_stm32g4xx.o
                0x080058a4                SystemInit
 .text.Reset_Handler
                0x080058c8       0x50 ./Core/Startup/startup_stm32g431rbtx.o
                0x080058c8                Reset_Handler
 .text.Default_Handler
                0x08005918        0x2 ./Core/Startup/startup_stm32g431rbtx.o
                0x08005918                RTC_Alarm_IRQHandler
                0x08005918                EXTI2_IRQHandler
                0x08005918                TIM8_TRG_COM_IRQHandler
                0x08005918                TIM8_CC_IRQHandler
                0x08005918                TIM1_CC_IRQHandler
                0x08005918                USB_HP_IRQHandler
                0x08005918                CORDIC_IRQHandler
                0x08005918                I2C3_ER_IRQHandler
                0x08005918                EXTI0_IRQHandler
                0x08005918                I2C2_EV_IRQHandler
                0x08005918                FPU_IRQHandler
                0x08005918                FDCAN1_IT1_IRQHandler
                0x08005918                TIM1_UP_TIM16_IRQHandler
                0x08005918                ADC1_2_IRQHandler
                0x08005918                SPI1_IRQHandler
                0x08005918                TIM8_UP_IRQHandler
                0x08005918                DMA2_Channel2_IRQHandler
                0x08005918                USART3_IRQHandler
                0x08005918                TIM4_IRQHandler
                0x08005918                DMA2_Channel1_IRQHandler
                0x08005918                I2C1_EV_IRQHandler
                0x08005918                DMA1_Channel6_IRQHandler
                0x08005918                UART4_IRQHandler
                0x08005918                DMA2_Channel4_IRQHandler
                0x08005918                TIM3_IRQHandler
                0x08005918                DMA1_Channel1_IRQHandler
                0x08005918                Default_Handler
                0x08005918                RTC_TAMP_LSECSS_IRQHandler
                0x08005918                FMAC_IRQHandler
                0x08005918                UCPD1_IRQHandler
                0x08005918                I2C3_EV_IRQHandler
                0x08005918                RTC_WKUP_IRQHandler
                0x08005918                PVD_PVM_IRQHandler
                0x08005918                SPI2_IRQHandler
                0x08005918                DMA2_Channel5_IRQHandler
                0x08005918                CRS_IRQHandler
                0x08005918                DMA1_Channel5_IRQHandler
                0x08005918                USB_LP_IRQHandler
                0x08005918                RNG_IRQHandler
                0x08005918                TIM1_TRG_COM_TIM17_IRQHandler
                0x08005918                WWDG_IRQHandler
                0x08005918                LPUART1_IRQHandler
                0x08005918                DMA2_Channel6_IRQHandler
                0x08005918                FDCAN1_IT0_IRQHandler
                0x08005918                COMP1_2_3_IRQHandler
                0x08005918                EXTI1_IRQHandler
                0x08005918                I2C2_ER_IRQHandler
                0x08005918                DMA1_Channel2_IRQHandler
                0x08005918                TIM8_BRK_IRQHandler
                0x08005918                FLASH_IRQHandler
                0x08005918                USART1_IRQHandler
                0x08005918                SPI3_IRQHandler
                0x08005918                I2C1_ER_IRQHandler
                0x08005918                LPTIM1_IRQHandler
                0x08005918                DMAMUX_OVR_IRQHandler
                0x08005918                USBWakeUp_IRQHandler
                0x08005918                SAI1_IRQHandler
                0x08005918                DMA2_Channel3_IRQHandler
                0x08005918                COMP4_IRQHandler
                0x08005918                TIM1_BRK_TIM15_IRQHandler
 .text.HAL_Init
                0x0800591a       0x30 ./Drivers/STM32G4xx_HAL_Driver/Src/stm32g4xx_hal.o
                0x0800591a                HAL_Init
 *fill*         0x0800594a        0x2 
 .text.HAL_InitTick
                0x0800594c       0x74 ./Drivers/STM32G4xx_HAL_Driver/Src/stm32g4xx_hal.o
                0x0800594c                HAL_InitTick
 .text.HAL_IncTick
                0x080059c0       0x24 ./Drivers/STM32G4xx_HAL_Driver/Src/stm32g4xx_hal.o
                0x080059c0                HAL_IncTick
 .text.HAL_GetTick
                0x080059e4       0x18 ./Drivers/STM32G4xx_HAL_Driver/Src/stm32g4xx_hal.o
                0x080059e4                HAL_GetTick
 .text.__NVIC_SetPriorityGrouping
                0x080059fc       0x48 ./Drivers/STM32G4xx_HAL_Driver/Src/stm32g4xx_hal_cortex.o
 .text.__NVIC_GetPriorityGrouping
                0x08005a44       0x1c ./Drivers/STM32G4xx_HAL_Driver/Src/stm32g4xx_hal_cortex.o
 .text.__NVIC_EnableIRQ
                0x08005a60       0x3c ./Drivers/STM32G4xx_HAL_Driver/Src/stm32g4xx_hal_cortex.o
 .text.__NVIC_SetPriority
                0x08005a9c       0x54 ./Drivers/STM32G4xx_HAL_Driver/Src/stm32g4xx_hal_cortex.o
 .text.NVIC_EncodePriority
                0x08005af0       0x66 ./Drivers/STM32G4xx_HAL_Driver/Src/stm32g4xx_hal_cortex.o
 *fill*         0x08005b56        0x2 
 .text.SysTick_Config
                0x08005b58       0x44 ./Drivers/STM32G4xx_HAL_Driver/Src/stm32g4xx_hal_cortex.o
 .text.HAL_NVIC_SetPriorityGrouping
                0x08005b9c       0x16 ./Drivers/STM32G4xx_HAL_Driver/Src/stm32g4xx_hal_cortex.o
                0x08005b9c                HAL_NVIC_SetPriorityGrouping
 .text.HAL_NVIC_SetPriority
                0x08005bb2       0x34 ./Drivers/STM32G4xx_HAL_Driver/Src/stm32g4xx_hal_cortex.o
                0x08005bb2                HAL_NVIC_SetPriority
 .text.HAL_NVIC_EnableIRQ
                0x08005be6       0x1c ./Drivers/STM32G4xx_HAL_Driver/Src/stm32g4xx_hal_cortex.o
                0x08005be6                HAL_NVIC_EnableIRQ
 .text.HAL_SYSTICK_Config
                0x08005c02       0x18 ./Drivers/STM32G4xx_HAL_Driver/Src/stm32g4xx_hal_cortex.o
                0x08005c02                HAL_SYSTICK_Config
 *fill*         0x08005c1a        0x2 
 .text.HAL_DMA_Init
                0x08005c1c      0x150 ./Drivers/STM32G4xx_HAL_Driver/Src/stm32g4xx_hal_dma.o
                0x08005c1c                HAL_DMA_Init
 .text.HAL_DMA_Start_IT
                0x08005d6c       0xf6 ./Drivers/STM32G4xx_HAL_Driver/Src/stm32g4xx_hal_dma.o
                0x08005d6c                HAL_DMA_Start_IT
 .text.HAL_DMA_Abort
                0x08005e62       0xb2 ./Drivers/STM32G4xx_HAL_Driver/Src/stm32g4xx_hal_dma.o
                0x08005e62                HAL_DMA_Abort
 .text.HAL_DMA_Abort_IT
                0x08005f14       0xce ./Drivers/STM32G4xx_HAL_Driver/Src/stm32g4xx_hal_dma.o
                0x08005f14                HAL_DMA_Abort_IT
 .text.HAL_DMA_IRQHandler
                0x08005fe2      0x15e ./Drivers/STM32G4xx_HAL_Driver/Src/stm32g4xx_hal_dma.o
                0x08005fe2                HAL_DMA_IRQHandler
 .text.DMA_SetConfig
                0x08006140       0x7c ./Drivers/STM32G4xx_HAL_Driver/Src/stm32g4xx_hal_dma.o
 .text.DMA_CalcDMAMUXChannelBaseAndMask
                0x080061bc       0x7c ./Drivers/STM32G4xx_HAL_Driver/Src/stm32g4xx_hal_dma.o
 .text.DMA_CalcDMAMUXRequestGenBaseAndMask
                0x08006238       0x48 ./Drivers/STM32G4xx_HAL_Driver/Src/stm32g4xx_hal_dma.o
 .text.HAL_GPIO_Init
                0x08006280      0x304 ./Drivers/STM32G4xx_HAL_Driver/Src/stm32g4xx_hal_gpio.o
                0x08006280                HAL_GPIO_Init
 .text.HAL_GPIO_ReadPin
                0x08006584       0x30 ./Drivers/STM32G4xx_HAL_Driver/Src/stm32g4xx_hal_gpio.o
                0x08006584                HAL_GPIO_ReadPin
 .text.HAL_GPIO_WritePin
                0x080065b4       0x30 ./Drivers/STM32G4xx_HAL_Driver/Src/stm32g4xx_hal_gpio.o
                0x080065b4                HAL_GPIO_WritePin
 .text.HAL_GPIO_EXTI_IRQHandler
                0x080065e4       0x30 ./Drivers/STM32G4xx_HAL_Driver/Src/stm32g4xx_hal_gpio.o
                0x080065e4                HAL_GPIO_EXTI_IRQHandler
 .text.HAL_I2C_Init
                0x08006614      0x136 ./Drivers/STM32G4xx_HAL_Driver/Src/stm32g4xx_hal_i2c.o
                0x08006614                HAL_I2C_Init
 .text.HAL_I2CEx_ConfigAnalogFilter
                0x0800674a       0x96 ./Drivers/STM32G4xx_HAL_Driver/Src/stm32g4xx_hal_i2c_ex.o
                0x0800674a                HAL_I2CEx_ConfigAnalogFilter
 .text.HAL_I2CEx_ConfigDigitalFilter
                0x080067e0       0x98 ./Drivers/STM32G4xx_HAL_Driver/Src/stm32g4xx_hal_i2c_ex.o
                0x080067e0                HAL_I2CEx_ConfigDigitalFilter
 .text.HAL_PWREx_ControlVoltageScaling
                0x08006878      0x148 ./Drivers/STM32G4xx_HAL_Driver/Src/stm32g4xx_hal_pwr_ex.o
                0x08006878                HAL_PWREx_ControlVoltageScaling
 .text.HAL_PWREx_DisableUCPDDeadBattery
                0x080069c0       0x20 ./Drivers/STM32G4xx_HAL_Driver/Src/stm32g4xx_hal_pwr_ex.o
                0x080069c0                HAL_PWREx_DisableUCPDDeadBattery
 .text.HAL_RCC_OscConfig
                0x080069e0      0x624 ./Drivers/STM32G4xx_HAL_Driver/Src/stm32g4xx_hal_rcc.o
                0x080069e0                HAL_RCC_OscConfig
 .text.HAL_RCC_ClockConfig
                0x08007004      0x278 ./Drivers/STM32G4xx_HAL_Driver/Src/stm32g4xx_hal_rcc.o
                0x08007004                HAL_RCC_ClockConfig
 .text.HAL_RCC_GetSysClockFreq
                0x0800727c       0xc4 ./Drivers/STM32G4xx_HAL_Driver/Src/stm32g4xx_hal_rcc.o
                0x0800727c                HAL_RCC_GetSysClockFreq
 .text.HAL_RCC_GetHCLKFreq
                0x08007340       0x18 ./Drivers/STM32G4xx_HAL_Driver/Src/stm32g4xx_hal_rcc.o
                0x08007340                HAL_RCC_GetHCLKFreq
 .text.HAL_RCC_GetPCLK1Freq
                0x08007358       0x2c ./Drivers/STM32G4xx_HAL_Driver/Src/stm32g4xx_hal_rcc.o
                0x08007358                HAL_RCC_GetPCLK1Freq
 .text.HAL_RCC_GetPCLK2Freq
                0x08007384       0x2c ./Drivers/STM32G4xx_HAL_Driver/Src/stm32g4xx_hal_rcc.o
                0x08007384                HAL_RCC_GetPCLK2Freq
 .text.RCC_GetSysClockFreqFromPLLSource
                0x080073b0       0x8c ./Drivers/STM32G4xx_HAL_Driver/Src/stm32g4xx_hal_rcc.o
 .text.HAL_RCCEx_PeriphCLKConfig
                0x0800743c      0x3e0 ./Drivers/STM32G4xx_HAL_Driver/Src/stm32g4xx_hal_rcc_ex.o
                0x0800743c                HAL_RCCEx_PeriphCLKConfig
 .text.HAL_TIM_Base_Init
                0x0800781c       0xae ./Drivers/STM32G4xx_HAL_Driver/Src/stm32g4xx_hal_tim.o
                0x0800781c                HAL_TIM_Base_Init
 *fill*         0x080078ca        0x2 
 .text.HAL_TIM_Base_Start_IT
                0x080078cc       0xd4 ./Drivers/STM32G4xx_HAL_Driver/Src/stm32g4xx_hal_tim.o
                0x080078cc                HAL_TIM_Base_Start_IT
 .text.HAL_TIM_Base_Stop_IT
                0x080079a0       0x5e ./Drivers/STM32G4xx_HAL_Driver/Src/stm32g4xx_hal_tim.o
                0x080079a0                HAL_TIM_Base_Stop_IT
 .text.HAL_TIM_PWM_Init
                0x080079fe       0xae ./Drivers/STM32G4xx_HAL_Driver/Src/stm32g4xx_hal_tim.o
                0x080079fe                HAL_TIM_PWM_Init
 .text.HAL_TIM_PWM_Start
                0x08007aac      0x200 ./Drivers/STM32G4xx_HAL_Driver/Src/stm32g4xx_hal_tim.o
                0x08007aac                HAL_TIM_PWM_Start
 .text.HAL_TIM_PWM_Start_IT
                0x08007cac      0x298 ./Drivers/STM32G4xx_HAL_Driver/Src/stm32g4xx_hal_tim.o
                0x08007cac                HAL_TIM_PWM_Start_IT
 .text.HAL_TIM_Encoder_Init
                0x08007f44      0x14c ./Drivers/STM32G4xx_HAL_Driver/Src/stm32g4xx_hal_tim.o
                0x08007f44                HAL_TIM_Encoder_Init
 .text.HAL_TIM_Encoder_Start
                0x08008090      0x11c ./Drivers/STM32G4xx_HAL_Driver/Src/stm32g4xx_hal_tim.o
                0x08008090                HAL_TIM_Encoder_Start
 .text.HAL_TIM_IRQHandler
                0x080081ac      0x29e ./Drivers/STM32G4xx_HAL_Driver/Src/stm32g4xx_hal_tim.o
                0x080081ac                HAL_TIM_IRQHandler
 *fill*         0x0800844a        0x2 
 .text.HAL_TIM_PWM_ConfigChannel
                0x0800844c      0x228 ./Drivers/STM32G4xx_HAL_Driver/Src/stm32g4xx_hal_tim.o
                0x0800844c                HAL_TIM_PWM_ConfigChannel
 .text.HAL_TIM_ConfigClockSource
                0x08008674      0x1f4 ./Drivers/STM32G4xx_HAL_Driver/Src/stm32g4xx_hal_tim.o
                0x08008674                HAL_TIM_ConfigClockSource
 .text.HAL_TIM_OC_DelayElapsedCallback
                0x08008868       0x14 ./Drivers/STM32G4xx_HAL_Driver/Src/stm32g4xx_hal_tim.o
                0x08008868                HAL_TIM_OC_DelayElapsedCallback
 .text.HAL_TIM_IC_CaptureCallback
                0x0800887c       0x14 ./Drivers/STM32G4xx_HAL_Driver/Src/stm32g4xx_hal_tim.o
                0x0800887c                HAL_TIM_IC_CaptureCallback
 .text.HAL_TIM_PWM_PulseFinishedCallback
                0x08008890       0x14 ./Drivers/STM32G4xx_HAL_Driver/Src/stm32g4xx_hal_tim.o
                0x08008890                HAL_TIM_PWM_PulseFinishedCallback
 .text.HAL_TIM_TriggerCallback
                0x080088a4       0x14 ./Drivers/STM32G4xx_HAL_Driver/Src/stm32g4xx_hal_tim.o
                0x080088a4                HAL_TIM_TriggerCallback
 .text.TIM_Base_SetConfig
                0x080088b8      0x138 ./Drivers/STM32G4xx_HAL_Driver/Src/stm32g4xx_hal_tim.o
                0x080088b8                TIM_Base_SetConfig
 .text.TIM_OC1_SetConfig
                0x080089f0      0x120 ./Drivers/STM32G4xx_HAL_Driver/Src/stm32g4xx_hal_tim.o
 .text.TIM_OC2_SetConfig
                0x08008b10      0x114 ./Drivers/STM32G4xx_HAL_Driver/Src/stm32g4xx_hal_tim.o
                0x08008b10                TIM_OC2_SetConfig
 .text.TIM_OC3_SetConfig
                0x08008c24      0x110 ./Drivers/STM32G4xx_HAL_Driver/Src/stm32g4xx_hal_tim.o
 .text.TIM_OC4_SetConfig
                0x08008d34      0x114 ./Drivers/STM32G4xx_HAL_Driver/Src/stm32g4xx_hal_tim.o
 .text.TIM_OC5_SetConfig
                0x08008e48       0xc8 ./Drivers/STM32G4xx_HAL_Driver/Src/stm32g4xx_hal_tim.o
 .text.TIM_OC6_SetConfig
                0x08008f10       0xcc ./Drivers/STM32G4xx_HAL_Driver/Src/stm32g4xx_hal_tim.o
 .text.TIM_TI1_ConfigInputStage
                0x08008fdc       0x5e ./Drivers/STM32G4xx_HAL_Driver/Src/stm32g4xx_hal_tim.o
 .text.TIM_TI2_ConfigInputStage
                0x0800903a       0x60 ./Drivers/STM32G4xx_HAL_Driver/Src/stm32g4xx_hal_tim.o
 .text.TIM_ITRx_SetConfig
                0x0800909a       0x3a ./Drivers/STM32G4xx_HAL_Driver/Src/stm32g4xx_hal_tim.o
 .text.TIM_ETR_SetConfig
                0x080090d4       0x40 ./Drivers/STM32G4xx_HAL_Driver/Src/stm32g4xx_hal_tim.o
                0x080090d4                TIM_ETR_SetConfig
 .text.TIM_CCxChannelCmd
                0x08009114       0x4a ./Drivers/STM32G4xx_HAL_Driver/Src/stm32g4xx_hal_tim.o
                0x08009114                TIM_CCxChannelCmd
 *fill*         0x0800915e        0x2 
 .text.HAL_TIMEx_MasterConfigSynchronization
                0x08009160      0x104 ./Drivers/STM32G4xx_HAL_Driver/Src/stm32g4xx_hal_tim_ex.o
                0x08009160                HAL_TIMEx_MasterConfigSynchronization
 .text.HAL_TIMEx_ConfigBreakDeadTime
                0x08009264      0x118 ./Drivers/STM32G4xx_HAL_Driver/Src/stm32g4xx_hal_tim_ex.o
                0x08009264                HAL_TIMEx_ConfigBreakDeadTime
 .text.HAL_TIMEx_CommutCallback
                0x0800937c       0x14 ./Drivers/STM32G4xx_HAL_Driver/Src/stm32g4xx_hal_tim_ex.o
                0x0800937c                HAL_TIMEx_CommutCallback
 .text.HAL_TIMEx_BreakCallback
                0x08009390       0x14 ./Drivers/STM32G4xx_HAL_Driver/Src/stm32g4xx_hal_tim_ex.o
                0x08009390                HAL_TIMEx_BreakCallback
 .text.HAL_TIMEx_Break2Callback
                0x080093a4       0x14 ./Drivers/STM32G4xx_HAL_Driver/Src/stm32g4xx_hal_tim_ex.o
                0x080093a4                HAL_TIMEx_Break2Callback
 .text.HAL_TIMEx_EncoderIndexCallback
                0x080093b8       0x14 ./Drivers/STM32G4xx_HAL_Driver/Src/stm32g4xx_hal_tim_ex.o
                0x080093b8                HAL_TIMEx_EncoderIndexCallback
 .text.HAL_TIMEx_DirectionChangeCallback
                0x080093cc       0x14 ./Drivers/STM32G4xx_HAL_Driver/Src/stm32g4xx_hal_tim_ex.o
                0x080093cc                HAL_TIMEx_DirectionChangeCallback
 .text.HAL_TIMEx_IndexErrorCallback
                0x080093e0       0x14 ./Drivers/STM32G4xx_HAL_Driver/Src/stm32g4xx_hal_tim_ex.o
                0x080093e0                HAL_TIMEx_IndexErrorCallback
 .text.HAL_TIMEx_TransitionErrorCallback
                0x080093f4       0x14 ./Drivers/STM32G4xx_HAL_Driver/Src/stm32g4xx_hal_tim_ex.o
                0x080093f4                HAL_TIMEx_TransitionErrorCallback
 .text.HAL_UART_Init
                0x08009408       0xa0 ./Drivers/STM32G4xx_HAL_Driver/Src/stm32g4xx_hal_uart.o
                0x08009408                HAL_UART_Init
 .text.HAL_UART_Transmit_DMA
                0x080094a8      0x100 ./Drivers/STM32G4xx_HAL_Driver/Src/stm32g4xx_hal_uart.o
                0x080094a8                HAL_UART_Transmit_DMA
 .text.HAL_UART_Receive_DMA
                0x080095a8       0x98 ./Drivers/STM32G4xx_HAL_Driver/Src/stm32g4xx_hal_uart.o
                0x080095a8                HAL_UART_Receive_DMA
 .text.HAL_UART_IRQHandler
                0x08009640      0x684 ./Drivers/STM32G4xx_HAL_Driver/Src/stm32g4xx_hal_uart.o
                0x08009640                HAL_UART_IRQHandler
 .text.HAL_UART_TxCpltCallback
                0x08009cc4       0x14 ./Drivers/STM32G4xx_HAL_Driver/Src/stm32g4xx_hal_uart.o
                0x08009cc4                HAL_UART_TxCpltCallback
 .text.HAL_UART_TxHalfCpltCallback
                0x08009cd8       0x14 ./Drivers/STM32G4xx_HAL_Driver/Src/stm32g4xx_hal_uart.o
                0x08009cd8                HAL_UART_TxHalfCpltCallback
 .text.HAL_UART_RxCpltCallback
                0x08009cec       0x14 ./Drivers/STM32G4xx_HAL_Driver/Src/stm32g4xx_hal_uart.o
                0x08009cec                HAL_UART_RxCpltCallback
 .text.HAL_UART_RxHalfCpltCallback
                0x08009d00       0x14 ./Drivers/STM32G4xx_HAL_Driver/Src/stm32g4xx_hal_uart.o
                0x08009d00                HAL_UART_RxHalfCpltCallback
 .text.HAL_UART_ErrorCallback
                0x08009d14       0x14 ./Drivers/STM32G4xx_HAL_Driver/Src/stm32g4xx_hal_uart.o
                0x08009d14                HAL_UART_ErrorCallback
 .text.HAL_UARTEx_RxEventCallback
                0x08009d28       0x18 ./Drivers/STM32G4xx_HAL_Driver/Src/stm32g4xx_hal_uart.o
                0x08009d28                HAL_UARTEx_RxEventCallback
 .text.UART_SetConfig
                0x08009d40      0x598 ./Drivers/STM32G4xx_HAL_Driver/Src/stm32g4xx_hal_uart.o
                0x08009d40                UART_SetConfig
 .text.UART_AdvFeatureConfig
                0x0800a2d8      0x144 ./Drivers/STM32G4xx_HAL_Driver/Src/stm32g4xx_hal_uart.o
                0x0800a2d8                UART_AdvFeatureConfig
 .text.UART_CheckIdleState
                0x0800a41c      0x154 ./Drivers/STM32G4xx_HAL_Driver/Src/stm32g4xx_hal_uart.o
                0x0800a41c                UART_CheckIdleState
 .text.UART_WaitOnFlagUntilTimeout
                0x0800a570       0xda ./Drivers/STM32G4xx_HAL_Driver/Src/stm32g4xx_hal_uart.o
                0x0800a570                UART_WaitOnFlagUntilTimeout
 *fill*         0x0800a64a        0x2 
 .text.UART_Start_Receive_DMA
                0x0800a64c      0x14c ./Drivers/STM32G4xx_HAL_Driver/Src/stm32g4xx_hal_uart.o
                0x0800a64c                UART_Start_Receive_DMA
 .text.UART_EndTxTransfer
                0x0800a798       0x82 ./Drivers/STM32G4xx_HAL_Driver/Src/stm32g4xx_hal_uart.o
 .text.UART_EndRxTransfer
                0x0800a81a       0xcc ./Drivers/STM32G4xx_HAL_Driver/Src/stm32g4xx_hal_uart.o
 .text.UART_DMATransmitCplt
                0x0800a8e6       0x9a ./Drivers/STM32G4xx_HAL_Driver/Src/stm32g4xx_hal_uart.o
 .text.UART_DMATxHalfCplt
                0x0800a980       0x1c ./Drivers/STM32G4xx_HAL_Driver/Src/stm32g4xx_hal_uart.o
 .text.UART_DMAReceiveCplt
                0x0800a99c      0x12c ./Drivers/STM32G4xx_HAL_Driver/Src/stm32g4xx_hal_uart.o
 .text.UART_DMARxHalfCplt
                0x0800aac8       0x3e ./Drivers/STM32G4xx_HAL_Driver/Src/stm32g4xx_hal_uart.o
 .text.UART_DMAError
                0x0800ab06       0x80 ./Drivers/STM32G4xx_HAL_Driver/Src/stm32g4xx_hal_uart.o
 .text.UART_DMAAbortOnError
                0x0800ab86       0x24 ./Drivers/STM32G4xx_HAL_Driver/Src/stm32g4xx_hal_uart.o
 .text.UART_EndTransmit_IT
                0x0800abaa       0x56 ./Drivers/STM32G4xx_HAL_Driver/Src/stm32g4xx_hal_uart.o
 .text.HAL_UARTEx_WakeupCallback
                0x0800ac00       0x14 ./Drivers/STM32G4xx_HAL_Driver/Src/stm32g4xx_hal_uart_ex.o
                0x0800ac00                HAL_UARTEx_WakeupCallback
 .text.HAL_UARTEx_RxFifoFullCallback
                0x0800ac14       0x14 ./Drivers/STM32G4xx_HAL_Driver/Src/stm32g4xx_hal_uart_ex.o
                0x0800ac14                HAL_UARTEx_RxFifoFullCallback
 .text.HAL_UARTEx_TxFifoEmptyCallback
                0x0800ac28       0x14 ./Drivers/STM32G4xx_HAL_Driver/Src/stm32g4xx_hal_uart_ex.o
                0x0800ac28                HAL_UARTEx_TxFifoEmptyCallback
 .text.HAL_UARTEx_DisableFifoMode
                0x0800ac3c       0x72 ./Drivers/STM32G4xx_HAL_Driver/Src/stm32g4xx_hal_uart_ex.o
                0x0800ac3c                HAL_UARTEx_DisableFifoMode
 .text.HAL_UARTEx_SetTxFifoThreshold
                0x0800acae       0x7c ./Drivers/STM32G4xx_HAL_Driver/Src/stm32g4xx_hal_uart_ex.o
                0x0800acae                HAL_UARTEx_SetTxFifoThreshold
 .text.HAL_UARTEx_SetRxFifoThreshold
                0x0800ad2a       0x7c ./Drivers/STM32G4xx_HAL_Driver/Src/stm32g4xx_hal_uart_ex.o
                0x0800ad2a                HAL_UARTEx_SetRxFifoThreshold
 *fill*         0x0800ada6        0x2 
 .text.UARTEx_SetNbDataToProcess
                0x0800ada8       0x9c ./Drivers/STM32G4xx_HAL_Driver/Src/stm32g4xx_hal_uart_ex.o
 .text.realloc  0x0800ae44       0x10 C:/ST/STM32CubeIDE_1.16.1/STM32CubeIDE/plugins/com.st.stm32cube.ide.mcu.externaltools.gnu-tools-for-stm32.12.3.rel1.win32_1.0.200.202406191623/tools/bin/../lib/gcc/arm-none-eabi/12.3.1/../../../../arm-none-eabi/lib/thumb/v7e-m+fp/hard\libc_nano.a(libc_a-realloc.o)
                0x0800ae44                realloc
 .text._realloc_r
                0x0800ae54       0x5c C:/ST/STM32CubeIDE_1.16.1/STM32CubeIDE/plugins/com.st.stm32cube.ide.mcu.externaltools.gnu-tools-for-stm32.12.3.rel1.win32_1.0.200.202406191623/tools/bin/../lib/gcc/arm-none-eabi/12.3.1/../../../../arm-none-eabi/lib/thumb/v7e-m+fp/hard\libc_nano.a(libc_a-reallocr.o)
                0x0800ae54                _realloc_r
 .text.memset   0x0800aeb0       0x10 C:/ST/STM32CubeIDE_1.16.1/STM32CubeIDE/plugins/com.st.stm32cube.ide.mcu.externaltools.gnu-tools-for-stm32.12.3.rel1.win32_1.0.200.202406191623/tools/bin/../lib/gcc/arm-none-eabi/12.3.1/../../../../arm-none-eabi/lib/thumb/v7e-m+fp/hard\libc_nano.a(libc_a-memset.o)
                0x0800aeb0                memset
 .text.__errno  0x0800aec0        0xc C:/ST/STM32CubeIDE_1.16.1/STM32CubeIDE/plugins/com.st.stm32cube.ide.mcu.externaltools.gnu-tools-for-stm32.12.3.rel1.win32_1.0.200.202406191623/tools/bin/../lib/gcc/arm-none-eabi/12.3.1/../../../../arm-none-eabi/lib/thumb/v7e-m+fp/hard\libc_nano.a(libc_a-errno.o)
                0x0800aec0                __errno
 .text.__libc_init_array
                0x0800aecc       0x48 C:/ST/STM32CubeIDE_1.16.1/STM32CubeIDE/plugins/com.st.stm32cube.ide.mcu.externaltools.gnu-tools-for-stm32.12.3.rel1.win32_1.0.200.202406191623/tools/bin/../lib/gcc/arm-none-eabi/12.3.1/../../../../arm-none-eabi/lib/thumb/v7e-m+fp/hard\libc_nano.a(libc_a-init.o)
                0x0800aecc                __libc_init_array
 .text.__retarget_lock_acquire_recursive
                0x0800af14        0x2 C:/ST/STM32CubeIDE_1.16.1/STM32CubeIDE/plugins/com.st.stm32cube.ide.mcu.externaltools.gnu-tools-for-stm32.12.3.rel1.win32_1.0.200.202406191623/tools/bin/../lib/gcc/arm-none-eabi/12.3.1/../../../../arm-none-eabi/lib/thumb/v7e-m+fp/hard\libc_nano.a(libc_a-lock.o)
                0x0800af14                __retarget_lock_acquire_recursive
 .text.__retarget_lock_release_recursive
                0x0800af16        0x2 C:/ST/STM32CubeIDE_1.16.1/STM32CubeIDE/plugins/com.st.stm32cube.ide.mcu.externaltools.gnu-tools-for-stm32.12.3.rel1.win32_1.0.200.202406191623/tools/bin/../lib/gcc/arm-none-eabi/12.3.1/../../../../arm-none-eabi/lib/thumb/v7e-m+fp/hard\libc_nano.a(libc_a-lock.o)
                0x0800af16                __retarget_lock_release_recursive
 .text.memcpy   0x0800af18       0x1c C:/ST/STM32CubeIDE_1.16.1/STM32CubeIDE/plugins/com.st.stm32cube.ide.mcu.externaltools.gnu-tools-for-stm32.12.3.rel1.win32_1.0.200.202406191623/tools/bin/../lib/gcc/arm-none-eabi/12.3.1/../../../../arm-none-eabi/lib/thumb/v7e-m+fp/hard\libc_nano.a(libc_a-memcpy-stub.o)
                0x0800af18                memcpy
 .text._free_r  0x0800af34       0x94 C:/ST/STM32CubeIDE_1.16.1/STM32CubeIDE/plugins/com.st.stm32cube.ide.mcu.externaltools.gnu-tools-for-stm32.12.3.rel1.win32_1.0.200.202406191623/tools/bin/../lib/gcc/arm-none-eabi/12.3.1/../../../../arm-none-eabi/lib/thumb/v7e-m+fp/hard\libc_nano.a(libc_a-freer.o)
                0x0800af34                _free_r
 .text.sbrk_aligned
                0x0800afc8       0x44 C:/ST/STM32CubeIDE_1.16.1/STM32CubeIDE/plugins/com.st.stm32cube.ide.mcu.externaltools.gnu-tools-for-stm32.12.3.rel1.win32_1.0.200.202406191623/tools/bin/../lib/gcc/arm-none-eabi/12.3.1/../../../../arm-none-eabi/lib/thumb/v7e-m+fp/hard\libc_nano.a(libc_a-mallocr.o)
 .text._malloc_r
                0x0800b00c      0x100 C:/ST/STM32CubeIDE_1.16.1/STM32CubeIDE/plugins/com.st.stm32cube.ide.mcu.externaltools.gnu-tools-for-stm32.12.3.rel1.win32_1.0.200.202406191623/tools/bin/../lib/gcc/arm-none-eabi/12.3.1/../../../../arm-none-eabi/lib/thumb/v7e-m+fp/hard\libc_nano.a(libc_a-mallocr.o)
                0x0800b00c                _malloc_r
 .text.__malloc_lock
                0x0800b10c        0xc C:/ST/STM32CubeIDE_1.16.1/STM32CubeIDE/plugins/com.st.stm32cube.ide.mcu.externaltools.gnu-tools-for-stm32.12.3.rel1.win32_1.0.200.202406191623/tools/bin/../lib/gcc/arm-none-eabi/12.3.1/../../../../arm-none-eabi/lib/thumb/v7e-m+fp/hard\libc_nano.a(libc_a-mlock.o)
                0x0800b10c                __malloc_lock
 .text.__malloc_unlock
                0x0800b118        0xc C:/ST/STM32CubeIDE_1.16.1/STM32CubeIDE/plugins/com.st.stm32cube.ide.mcu.externaltools.gnu-tools-for-stm32.12.3.rel1.win32_1.0.200.202406191623/tools/bin/../lib/gcc/arm-none-eabi/12.3.1/../../../../arm-none-eabi/lib/thumb/v7e-m+fp/hard\libc_nano.a(libc_a-mlock.o)
                0x0800b118                __malloc_unlock
 .text._malloc_usable_size_r
                0x0800b124       0x10 C:/ST/STM32CubeIDE_1.16.1/STM32CubeIDE/plugins/com.st.stm32cube.ide.mcu.externaltools.gnu-tools-for-stm32.12.3.rel1.win32_1.0.200.202406191623/tools/bin/../lib/gcc/arm-none-eabi/12.3.1/../../../../arm-none-eabi/lib/thumb/v7e-m+fp/hard\libc_nano.a(libc_a-msizer.o)
                0x0800b124                _malloc_usable_size_r
 .text._sbrk_r  0x0800b134       0x20 C:/ST/STM32CubeIDE_1.16.1/STM32CubeIDE/plugins/com.st.stm32cube.ide.mcu.externaltools.gnu-tools-for-stm32.12.3.rel1.win32_1.0.200.202406191623/tools/bin/../lib/gcc/arm-none-eabi/12.3.1/../../../../arm-none-eabi/lib/thumb/v7e-m+fp/hard\libc_nano.a(libc_a-sbrkr.o)
                0x0800b134                _sbrk_r
 *(.glue_7)
 .glue_7        0x0800b154        0x0 linker stubs
 *(.glue_7t)
 .glue_7t       0x0800b154        0x0 linker stubs
 *(.eh_frame)
 .eh_frame      0x0800b154        0x0 C:/ST/STM32CubeIDE_1.16.1/STM32CubeIDE/plugins/com.st.stm32cube.ide.mcu.externaltools.gnu-tools-for-stm32.12.3.rel1.win32_1.0.200.202406191623/tools/bin/../lib/gcc/arm-none-eabi/12.3.1/thumb/v7e-m+fp/hard/crtbegin.o
 *(.init)
 .init          0x0800b154        0x4 C:/ST/STM32CubeIDE_1.16.1/STM32CubeIDE/plugins/com.st.stm32cube.ide.mcu.externaltools.gnu-tools-for-stm32.12.3.rel1.win32_1.0.200.202406191623/tools/bin/../lib/gcc/arm-none-eabi/12.3.1/thumb/v7e-m+fp/hard/crti.o
                0x0800b154                _init
 .init          0x0800b158        0x8 C:/ST/STM32CubeIDE_1.16.1/STM32CubeIDE/plugins/com.st.stm32cube.ide.mcu.externaltools.gnu-tools-for-stm32.12.3.rel1.win32_1.0.200.202406191623/tools/bin/../lib/gcc/arm-none-eabi/12.3.1/thumb/v7e-m+fp/hard/crtn.o
 *(.fini)
 .fini          0x0800b160        0x4 C:/ST/STM32CubeIDE_1.16.1/STM32CubeIDE/plugins/com.st.stm32cube.ide.mcu.externaltools.gnu-tools-for-stm32.12.3.rel1.win32_1.0.200.202406191623/tools/bin/../lib/gcc/arm-none-eabi/12.3.1/thumb/v7e-m+fp/hard/crti.o
                0x0800b160                _fini
 .fini          0x0800b164        0x8 C:/ST/STM32CubeIDE_1.16.1/STM32CubeIDE/plugins/com.st.stm32cube.ide.mcu.externaltools.gnu-tools-for-stm32.12.3.rel1.win32_1.0.200.202406191623/tools/bin/../lib/gcc/arm-none-eabi/12.3.1/thumb/v7e-m+fp/hard/crtn.o
                0x0800b16c                        . = ALIGN (0x4)
                0x0800b16c                        _etext = .

.vfp11_veneer   0x0800b16c        0x0
 .vfp11_veneer  0x0800b16c        0x0 linker stubs

.v4_bx          0x0800b16c        0x0
 .v4_bx         0x0800b16c        0x0 linker stubs

.iplt           0x0800b16c        0x0
 .iplt          0x0800b16c        0x0 C:/ST/STM32CubeIDE_1.16.1/STM32CubeIDE/plugins/com.st.stm32cube.ide.mcu.externaltools.gnu-tools-for-stm32.12.3.rel1.win32_1.0.200.202406191623/tools/bin/../lib/gcc/arm-none-eabi/12.3.1/thumb/v7e-m+fp/hard/crtbegin.o

.rodata         0x0800b16c      0x414
                0x0800b16c                        . = ALIGN (0x4)
 *(.rodata)
 .rodata        0x0800b16c       0x40 ./Core/Src/mainpp.o
 .rodata        0x0800b1ac      0x248 ./Core/Src/ros1.o
 *(.rodata*)
 .rodata._ZN14rosserial_msgsL12REQUESTPARAME
                0x0800b3f4       0x1c ./Core/Src/ros1.o
 .rodata._ZTVN3ros10SubscriberIN8std_msgs5Int32EvEE
                0x0800b410       0x18 ./Core/Src/ros1.o
                0x0800b410                vtable for ros::Subscriber<std_msgs::Int32, void>
 .rodata._ZTVN3ros10SubscriberIN8std_msgs4BoolEvEE
                0x0800b428       0x18 ./Core/Src/ros1.o
                0x0800b428                vtable for ros::Subscriber<std_msgs::Bool, void>
 .rodata._ZTVN3ros11NodeHandle_I13STM32HardwareLi25ELi25ELi512ELi512EEE
                0x0800b440       0x14 ./Core/Src/ros1.o
                0x0800b440                vtable for ros::NodeHandle_<STM32Hardware, 25, 25, 512, 512>
 .rodata._ZTVN8std_msgs7Float64E
                0x0800b454       0x18 ./Core/Src/ros1.o
                0x0800b454                vtable for std_msgs::Float64
 .rodata._ZTVN8std_msgs4BoolE
                0x0800b46c       0x18 ./Core/Src/ros1.o
                0x0800b46c                vtable for std_msgs::Bool
 .rodata._ZTVN8std_msgs5Int32E
                0x0800b484       0x18 ./Core/Src/ros1.o
                0x0800b484                vtable for std_msgs::Int32
 .rodata._ZTVN3ros11Subscriber_E
                0x0800b49c       0x18 ./Core/Src/ros1.o
                0x0800b49c                vtable for ros::Subscriber_
 .rodata._ZTVN3ros15NodeHandleBase_E
                0x0800b4b4       0x14 ./Core/Src/ros1.o
                0x0800b4b4                vtable for ros::NodeHandleBase_
 .rodata._ZTVN14rosserial_msgs20RequestParamResponseE
                0x0800b4c8       0x18 ./Core/Src/ros1.o
                0x0800b4c8                vtable for rosserial_msgs::RequestParamResponse
 .rodata._ZTVN14rosserial_msgs3LogE
                0x0800b4e0       0x18 ./Core/Src/ros1.o
                0x0800b4e0                vtable for rosserial_msgs::Log
 .rodata._ZTVN14rosserial_msgs9TopicInfoE
                0x0800b4f8       0x18 ./Core/Src/ros1.o
                0x0800b4f8                vtable for rosserial_msgs::TopicInfo
 .rodata._ZTVN8std_msgs4TimeE
                0x0800b510       0x18 ./Core/Src/ros1.o
                0x0800b510                vtable for std_msgs::Time
 .rodata._ZTVN3ros3MsgE
                0x0800b528       0x18 ./Core/Src/ros1.o
                0x0800b528                vtable for ros::Msg
 .rodata.AHBPrescTable
                0x0800b540       0x10 ./Core/Src/system_stm32g4xx.o
                0x0800b540                AHBPrescTable
 .rodata.APBPrescTable
                0x0800b550        0x8 ./Core/Src/system_stm32g4xx.o
                0x0800b550                APBPrescTable
 .rodata.UARTPrescTable
                0x0800b558       0x18 ./Drivers/STM32G4xx_HAL_Driver/Src/stm32g4xx_hal_uart.o
                0x0800b558                UARTPrescTable
 .rodata.numerator.1
                0x0800b570        0x8 ./Drivers/STM32G4xx_HAL_Driver/Src/stm32g4xx_hal_uart_ex.o
 .rodata.denominator.0
                0x0800b578        0x8 ./Drivers/STM32G4xx_HAL_Driver/Src/stm32g4xx_hal_uart_ex.o
                0x0800b580                        . = ALIGN (0x4)

.ARM.extab      0x0800b580        0x0
                0x0800b580                        . = ALIGN (0x4)
 *(.ARM.extab* .gnu.linkonce.armextab.*)
                0x0800b580                        . = ALIGN (0x4)

.ARM            0x0800b580        0x8
                0x0800b580                        . = ALIGN (0x4)
                0x0800b580                        __exidx_start = .
 *(.ARM.exidx*)
 .ARM.exidx     0x0800b580        0x8 C:/ST/STM32CubeIDE_1.16.1/STM32CubeIDE/plugins/com.st.stm32cube.ide.mcu.externaltools.gnu-tools-for-stm32.12.3.rel1.win32_1.0.200.202406191623/tools/bin/../lib/gcc/arm-none-eabi/12.3.1/../../../../arm-none-eabi/lib/thumb/v7e-m+fp/hard\libc_nano.a(libc_a-strlen.o)
 .ARM.exidx     0x0800b588        0x0 C:/ST/STM32CubeIDE_1.16.1/STM32CubeIDE/plugins/com.st.stm32cube.ide.mcu.externaltools.gnu-tools-for-stm32.12.3.rel1.win32_1.0.200.202406191623/tools/bin/../lib/gcc/arm-none-eabi/12.3.1/thumb/v7e-m+fp/hard\libgcc.a(_udivmoddi4.o)
                                  0x8 (size before relaxing)
                0x0800b588                        __exidx_end = .
                0x0800b588                        . = ALIGN (0x4)

.preinit_array  0x0800b588        0x0
                0x0800b588                        . = ALIGN (0x4)
                0x0800b588                        PROVIDE (__preinit_array_start = .)
 *(.preinit_array*)
                0x0800b588                        PROVIDE (__preinit_array_end = .)
                0x0800b588                        . = ALIGN (0x4)

.init_array     0x0800b588        0xc
                0x0800b588                        . = ALIGN (0x4)
                0x0800b588                        PROVIDE (__init_array_start = .)
 *(SORT_BY_NAME(.init_array.*))
 *(.init_array*)
 .init_array    0x0800b588        0x4 C:/ST/STM32CubeIDE_1.16.1/STM32CubeIDE/plugins/com.st.stm32cube.ide.mcu.externaltools.gnu-tools-for-stm32.12.3.rel1.win32_1.0.200.202406191623/tools/bin/../lib/gcc/arm-none-eabi/12.3.1/thumb/v7e-m+fp/hard/crtbegin.o
 .init_array    0x0800b58c        0x4 ./Core/Src/mainpp.o
 .init_array    0x0800b590        0x4 ./Core/Src/ros1.o
                0x0800b594                        PROVIDE (__init_array_end = .)
                0x0800b594                        . = ALIGN (0x4)

.fini_array     0x0800b594        0x4
                0x0800b594                        . = ALIGN (0x4)
                [!provide]                        PROVIDE (__fini_array_start = .)
 *(SORT_BY_NAME(.fini_array.*))
 *(.fini_array*)
 .fini_array    0x0800b594        0x4 C:/ST/STM32CubeIDE_1.16.1/STM32CubeIDE/plugins/com.st.stm32cube.ide.mcu.externaltools.gnu-tools-for-stm32.12.3.rel1.win32_1.0.200.202406191623/tools/bin/../lib/gcc/arm-none-eabi/12.3.1/thumb/v7e-m+fp/hard/crtbegin.o
                [!provide]                        PROVIDE (__fini_array_end = .)
                0x0800b598                        . = ALIGN (0x4)
                0x0800b598                        _sidata = LOADADDR (.data)

.rel.dyn        0x0800b598        0x0
 .rel.iplt      0x0800b598        0x0 C:/ST/STM32CubeIDE_1.16.1/STM32CubeIDE/plugins/com.st.stm32cube.ide.mcu.externaltools.gnu-tools-for-stm32.12.3.rel1.win32_1.0.200.202406191623/tools/bin/../lib/gcc/arm-none-eabi/12.3.1/thumb/v7e-m+fp/hard/crtbegin.o

.data           0x20000000       0x70 load address 0x0800b598
                0x20000000                        . = ALIGN (0x4)
                0x20000000                        _sdata = .
 *(.data)
 *(.data*)
 .data.casecadeLift
                0x20000000        0x1 ./Core/Src/mainpp.o
                0x20000000                casecadeLift
 *fill*         0x20000001        0x3 
 .data.total_turns
                0x20000004        0x4 ./Core/Src/mainpp.o
                0x20000004                total_turns
 .data.total_high
                0x20000008        0x4 ./Core/Src/mainpp.o
                0x20000008                total_high
 .data.angle_per_mm
                0x2000000c        0x4 ./Core/Src/mainpp.o
                0x2000000c                angle_per_mm
 .data.zeroPointAngle
                0x20000010        0x4 ./Core/Src/mainpp.o
                0x20000010                zeroPointAngle
 .data.SystemCoreClock
                0x20000014        0x4 ./Core/Src/system_stm32g4xx.o
                0x20000014                SystemCoreClock
 .data.uwTickPrio
                0x20000018        0x4 ./Drivers/STM32G4xx_HAL_Driver/Src/stm32g4xx_hal.o
                0x20000018                uwTickPrio
 .data.uwTickFreq
                0x2000001c        0x4 ./Drivers/STM32G4xx_HAL_Driver/Src/stm32g4xx_hal.o
                0x2000001c                uwTickFreq
 .data._impure_ptr
                0x20000020        0x4 C:/ST/STM32CubeIDE_1.16.1/STM32CubeIDE/plugins/com.st.stm32cube.ide.mcu.externaltools.gnu-tools-for-stm32.12.3.rel1.win32_1.0.200.202406191623/tools/bin/../lib/gcc/arm-none-eabi/12.3.1/../../../../arm-none-eabi/lib/thumb/v7e-m+fp/hard\libc_nano.a(libc_a-impure.o)
                0x20000020                _impure_ptr
 .data._impure_data
                0x20000024       0x4c C:/ST/STM32CubeIDE_1.16.1/STM32CubeIDE/plugins/com.st.stm32cube.ide.mcu.externaltools.gnu-tools-for-stm32.12.3.rel1.win32_1.0.200.202406191623/tools/bin/../lib/gcc/arm-none-eabi/12.3.1/../../../../arm-none-eabi/lib/thumb/v7e-m+fp/hard\libc_nano.a(libc_a-impure.o)
                0x20000024                _impure_data
 *(.RamFunc)
 *(.RamFunc*)
                0x20000070                        . = ALIGN (0x4)
                0x20000070                        _edata = .

.igot.plt       0x20000070        0x0 load address 0x0800b608
 .igot.plt      0x20000070        0x0 C:/ST/STM32CubeIDE_1.16.1/STM32CubeIDE/plugins/com.st.stm32cube.ide.mcu.externaltools.gnu-tools-for-stm32.12.3.rel1.win32_1.0.200.202406191623/tools/bin/../lib/gcc/arm-none-eabi/12.3.1/thumb/v7e-m+fp/hard/crtbegin.o
                0x20000070                        . = ALIGN (0x4)

.bss            0x20000070     0x1cf4 load address 0x0800b608
                0x20000070                        _sbss = .
                0x20000070                        __bss_start__ = _sbss
 *(.bss)
 .bss           0x20000070       0x1c C:/ST/STM32CubeIDE_1.16.1/STM32CubeIDE/plugins/com.st.stm32cube.ide.mcu.externaltools.gnu-tools-for-stm32.12.3.rel1.win32_1.0.200.202406191623/tools/bin/../lib/gcc/arm-none-eabi/12.3.1/thumb/v7e-m+fp/hard/crtbegin.o
 *(.bss*)
 .bss.hi2c1     0x2000008c       0x54 ./Core/Src/main.o
                0x2000008c                hi2c1
 .bss.htim1     0x200000e0       0x4c ./Core/Src/main.o
                0x200000e0                htim1
 .bss.htim2     0x2000012c       0x4c ./Core/Src/main.o
                0x2000012c                htim2
 .bss.htim3     0x20000178       0x4c ./Core/Src/main.o
                0x20000178                htim3
 .bss.htim4     0x200001c4       0x4c ./Core/Src/main.o
                0x200001c4                htim4
 .bss.htim6     0x20000210       0x4c ./Core/Src/main.o
                0x20000210                htim6
 .bss.htim7     0x2000025c       0x4c ./Core/Src/main.o
                0x2000025c                htim7
 .bss.htim8     0x200002a8       0x4c ./Core/Src/main.o
                0x200002a8                htim8
 .bss.huart2    0x200002f4       0x94 ./Core/Src/main.o
                0x200002f4                huart2
 .bss.hdma_usart2_rx
                0x20000388       0x60 ./Core/Src/main.o
                0x20000388                hdma_usart2_rx
 .bss.hdma_usart2_tx
                0x200003e8       0x60 ./Core/Src/main.o
                0x200003e8                hdma_usart2_tx
 .bss.Motor_updown
                0x20000448       0x58 ./Core/Src/mainpp.o
                0x20000448                Motor_updown
 .bss.servo_turn
                0x200004a0       0x20 ./Core/Src/mainpp.o
                0x200004a0                servo_turn
 .bss.servo_gripper
                0x200004c0       0x20 ./Core/Src/mainpp.o
                0x200004c0                servo_gripper
 .bss.servo_left
                0x200004e0       0x20 ./Core/Src/mainpp.o
                0x200004e0                servo_left
 .bss.servo_right
                0x20000500       0x20 ./Core/Src/mainpp.o
                0x20000500                servo_right
 .bss.servo_forward
                0x20000520       0x20 ./Core/Src/mainpp.o
                0x20000520                servo_forward
 .bss.tt        0x20000540        0x4 ./Core/Src/mainpp.o
                0x20000540                tt
 .bss.isTop     0x20000544        0x1 ./Core/Src/mainpp.o
                0x20000544                isTop
 .bss.table_isTouch
                0x20000545        0x1 ./Core/Src/mainpp.o
                0x20000545                table_isTouch
 .bss.initialized
                0x20000546        0x1 ./Core/Src/mainpp.o
                0x20000546                initialized
 *fill*         0x20000547        0x1 
 .bss.speeds    0x20000548        0x4 ./Core/Src/mainpp.o
                0x20000548                speeds
 .bss.turn      0x2000054c        0x4 ./Core/Src/mainpp.o
                0x2000054c                turn
 .bss.angle     0x20000550        0x4 ./Core/Src/mainpp.o
                0x20000550                angle
 .bss.angle_2   0x20000554        0x4 ./Core/Src/mainpp.o
                0x20000554                angle_2
 .bss.high1     0x20000558        0x4 ./Core/Src/mainpp.o
                0x20000558                high1
 .bss.delay_count
                0x2000055c        0x4 ./Core/Src/mainpp.o
                0x2000055c                delay_count
 .bss.elevator_type
                0x20000560        0x4 ./Core/Src/mainpp.o
                0x20000560                elevator_type
 .bss.ms        0x20000564        0x4 ./Core/Src/mainpp.o
                0x20000564                ms
 .bss.mm_per_turn
                0x20000568        0x4 ./Core/Src/mainpp.o
                0x20000568                mm_per_turn
 .bss.height    0x2000056c        0x4 ./Core/Src/mainpp.o
                0x2000056c                height
 .bss.target_turns
                0x20000570        0x4 ./Core/Src/mainpp.o
                0x20000570                target_turns
 .bss._current_y
                0x20000574        0x4 ./Core/Src/mainpp.o
                0x20000574                _current_y
 .bss._current_theta
                0x20000578        0x4 ./Core/Src/mainpp.o
                0x20000578                _current_theta
 .bss._gripperFinish
                0x2000057c        0x1 ./Core/Src/mission.o
                0x2000057c                _gripperFinish
 .bss._ZZN13STM32Hardware5flushEvE5mutex
                0x2000057d        0x1 ./Core/Src/ros1.o
                0x2000057d                STM32Hardware::flush()::mutex
 *fill*         0x2000057e        0x2 
 .bss.nh        0x20000580     0x153c ./Core/Src/ros1.o
                0x20000580                nh
 .bss.gripperFinish
                0x20001abc        0x8 ./Core/Src/ros1.o
                0x20001abc                gripperFinish
 .bss.pub_gripper
                0x20001ac4       0x14 ./Core/Src/ros1.o
                0x20001ac4                pub_gripper
 .bss.touchFinish
                0x20001ad8        0x8 ./Core/Src/ros1.o
                0x20001ad8                touchFinish
 .bss.pub_touch
                0x20001ae0       0x14 ./Core/Src/ros1.o
                0x20001ae0                pub_touch
 .bss.basketFinish
                0x20001af4        0x8 ./Core/Src/ros1.o
                0x20001af4                basketFinish
 .bss.pub_basket
                0x20001afc       0x14 ./Core/Src/ros1.o
                0x20001afc                pub_basket
 .bss.elevatorHeight
                0x20001b10       0x10 ./Core/Src/ros1.o
                0x20001b10                elevatorHeight
 .bss.pub_elevator
                0x20001b20       0x14 ./Core/Src/ros1.o
                0x20001b20                pub_elevator
 *fill*         0x20001b34        0x4 
 .bss.current_y
                0x20001b38       0x10 ./Core/Src/ros1.o
                0x20001b38                current_y
 .bss.current_theta
                0x20001b48       0x10 ./Core/Src/ros1.o
                0x20001b48                current_theta
 .bss.pub_y     0x20001b58       0x14 ./Core/Src/ros1.o
                0x20001b58                pub_y
 .bss.pub_theta
                0x20001b6c       0x14 ./Core/Src/ros1.o
                0x20001b6c                pub_theta
 .bss.sub_gripper
                0x20001b80       0x1c ./Core/Src/ros1.o
                0x20001b80                sub_gripper
 .bss.sub_turn  0x20001b9c       0x1c ./Core/Src/ros1.o
                0x20001b9c                sub_turn
 .bss.sub_forward
                0x20001bb8       0x1c ./Core/Src/ros1.o
                0x20001bb8                sub_forward
 .bss.sub_elevatorHeight
                0x20001bd4       0x1c ./Core/Src/ros1.o
                0x20001bd4                sub_elevatorHeight
 .bss.sub_basketDoor
                0x20001bf0       0x1c ./Core/Src/ros1.o
                0x20001bf0                sub_basketDoor
 .bss.minInterval
                0x20001c0c        0x4 ./Core/Src/servo.o
                0x20001c0c                minInterval
 .bss.t         0x20001c10        0x4 ./Core/Src/servo.o
                0x20001c10                t
 .bss.__sbrk_heap_end
                0x20001c14        0x4 ./Core/Src/sysmem.o
 .bss.uwTick    0x20001c18        0x4 ./Drivers/STM32G4xx_HAL_Driver/Src/stm32g4xx_hal.o
                0x20001c18                uwTick
 .bss.__sf      0x20001c1c      0x138 C:/ST/STM32CubeIDE_1.16.1/STM32CubeIDE/plugins/com.st.stm32cube.ide.mcu.externaltools.gnu-tools-for-stm32.12.3.rel1.win32_1.0.200.202406191623/tools/bin/../lib/gcc/arm-none-eabi/12.3.1/../../../../arm-none-eabi/lib/thumb/v7e-m+fp/hard\libc_nano.a(libc_a-findfp.o)
                0x20001c1c                __sf
 .bss.errno     0x20001d54        0x4 C:/ST/STM32CubeIDE_1.16.1/STM32CubeIDE/plugins/com.st.stm32cube.ide.mcu.externaltools.gnu-tools-for-stm32.12.3.rel1.win32_1.0.200.202406191623/tools/bin/../lib/gcc/arm-none-eabi/12.3.1/../../../../arm-none-eabi/lib/thumb/v7e-m+fp/hard\libc_nano.a(libc_a-reent.o)
                0x20001d54                errno
 .bss.__lock___malloc_recursive_mutex
                0x20001d58        0x1 C:/ST/STM32CubeIDE_1.16.1/STM32CubeIDE/plugins/com.st.stm32cube.ide.mcu.externaltools.gnu-tools-for-stm32.12.3.rel1.win32_1.0.200.202406191623/tools/bin/../lib/gcc/arm-none-eabi/12.3.1/../../../../arm-none-eabi/lib/thumb/v7e-m+fp/hard\libc_nano.a(libc_a-lock.o)
                0x20001d58                __lock___malloc_recursive_mutex
 *fill*         0x20001d59        0x3 
 .bss.__malloc_sbrk_start
                0x20001d5c        0x4 C:/ST/STM32CubeIDE_1.16.1/STM32CubeIDE/plugins/com.st.stm32cube.ide.mcu.externaltools.gnu-tools-for-stm32.12.3.rel1.win32_1.0.200.202406191623/tools/bin/../lib/gcc/arm-none-eabi/12.3.1/../../../../arm-none-eabi/lib/thumb/v7e-m+fp/hard\libc_nano.a(libc_a-mallocr.o)
                0x20001d5c                __malloc_sbrk_start
 .bss.__malloc_free_list
                0x20001d60        0x4 C:/ST/STM32CubeIDE_1.16.1/STM32CubeIDE/plugins/com.st.stm32cube.ide.mcu.externaltools.gnu-tools-for-stm32.12.3.rel1.win32_1.0.200.202406191623/tools/bin/../lib/gcc/arm-none-eabi/12.3.1/../../../../arm-none-eabi/lib/thumb/v7e-m+fp/hard\libc_nano.a(libc_a-mallocr.o)
                0x20001d60                __malloc_free_list
 *(COMMON)
                0x20001d64                        . = ALIGN (0x4)
                0x20001d64                        _ebss = .
                0x20001d64                        __bss_end__ = _ebss

._user_heap_stack
                0x20001d64      0x604 load address 0x0800b608
                0x20001d68                        . = ALIGN (0x8)
 *fill*         0x20001d64        0x4 
                [!provide]                        PROVIDE (end = .)
                0x20001d68                        PROVIDE (_end = .)
                0x20001f68                        . = (. + _Min_Heap_Size)
 *fill*         0x20001d68      0x200 
                0x20002368                        . = (. + _Min_Stack_Size)
 *fill*         0x20001f68      0x400 
                0x20002368                        . = ALIGN (0x8)

/DISCARD/
 libc.a(*)
 libm.a(*)
 libgcc.a(*)

.ARM.attributes
                0x00000000       0x30
 *(.ARM.attributes)
 .ARM.attributes
                0x00000000       0x22 C:/ST/STM32CubeIDE_1.16.1/STM32CubeIDE/plugins/com.st.stm32cube.ide.mcu.externaltools.gnu-tools-for-stm32.12.3.rel1.win32_1.0.200.202406191623/tools/bin/../lib/gcc/arm-none-eabi/12.3.1/thumb/v7e-m+fp/hard/crti.o
 .ARM.attributes
                0x00000022       0x34 C:/ST/STM32CubeIDE_1.16.1/STM32CubeIDE/plugins/com.st.stm32cube.ide.mcu.externaltools.gnu-tools-for-stm32.12.3.rel1.win32_1.0.200.202406191623/tools/bin/../lib/gcc/arm-none-eabi/12.3.1/thumb/v7e-m+fp/hard/crtbegin.o
 .ARM.attributes
                0x00000056       0x34 ./Core/Inc/time.o
 .ARM.attributes
                0x0000008a       0x34 ./Core/Src/DC_motor.o
 .ARM.attributes
                0x000000be       0x34 ./Core/Src/main.o
 .ARM.attributes
                0x000000f2       0x34 ./Core/Src/mainpp.o
 .ARM.attributes
                0x00000126       0x34 ./Core/Src/mission.o
 .ARM.attributes
                0x0000015a       0x34 ./Core/Src/ros1.o
 .ARM.attributes
                0x0000018e       0x34 ./Core/Src/servo.o
 .ARM.attributes
                0x000001c2       0x34 ./Core/Src/stm32g4xx_hal_msp.o
 .ARM.attributes
                0x000001f6       0x34 ./Core/Src/stm32g4xx_it.o
 .ARM.attributes
                0x0000022a       0x34 ./Core/Src/sysmem.o
 .ARM.attributes
                0x0000025e       0x34 ./Core/Src/system_stm32g4xx.o
 .ARM.attributes
                0x00000292       0x21 ./Core/Startup/startup_stm32g431rbtx.o
 .ARM.attributes
                0x000002b3       0x34 ./Drivers/STM32G4xx_HAL_Driver/Src/stm32g4xx_hal.o
 .ARM.attributes
                0x000002e7       0x34 ./Drivers/STM32G4xx_HAL_Driver/Src/stm32g4xx_hal_cortex.o
 .ARM.attributes
                0x0000031b       0x34 ./Drivers/STM32G4xx_HAL_Driver/Src/stm32g4xx_hal_dma.o
 .ARM.attributes
                0x0000034f       0x34 ./Drivers/STM32G4xx_HAL_Driver/Src/stm32g4xx_hal_gpio.o
 .ARM.attributes
                0x00000383       0x34 ./Drivers/STM32G4xx_HAL_Driver/Src/stm32g4xx_hal_i2c.o
 .ARM.attributes
                0x000003b7       0x34 ./Drivers/STM32G4xx_HAL_Driver/Src/stm32g4xx_hal_i2c_ex.o
 .ARM.attributes
                0x000003eb       0x34 ./Drivers/STM32G4xx_HAL_Driver/Src/stm32g4xx_hal_pwr_ex.o
 .ARM.attributes
                0x0000041f       0x34 ./Drivers/STM32G4xx_HAL_Driver/Src/stm32g4xx_hal_rcc.o
 .ARM.attributes
                0x00000453       0x34 ./Drivers/STM32G4xx_HAL_Driver/Src/stm32g4xx_hal_rcc_ex.o
 .ARM.attributes
                0x00000487       0x34 ./Drivers/STM32G4xx_HAL_Driver/Src/stm32g4xx_hal_tim.o
 .ARM.attributes
                0x000004bb       0x34 ./Drivers/STM32G4xx_HAL_Driver/Src/stm32g4xx_hal_tim_ex.o
 .ARM.attributes
                0x000004ef       0x34 ./Drivers/STM32G4xx_HAL_Driver/Src/stm32g4xx_hal_uart.o
 .ARM.attributes
                0x00000523       0x34 ./Drivers/STM32G4xx_HAL_Driver/Src/stm32g4xx_hal_uart_ex.o
 .ARM.attributes
                0x00000557       0x34 C:/ST/STM32CubeIDE_1.16.1/STM32CubeIDE/plugins/com.st.stm32cube.ide.mcu.externaltools.gnu-tools-for-stm32.12.3.rel1.win32_1.0.200.202406191623/tools/bin/../lib/gcc/arm-none-eabi/12.3.1/../../../../arm-none-eabi/lib/thumb/v7e-m+fp/hard\libc_nano.a(libc_a-realloc.o)
 .ARM.attributes
                0x0000058b       0x34 C:/ST/STM32CubeIDE_1.16.1/STM32CubeIDE/plugins/com.st.stm32cube.ide.mcu.externaltools.gnu-tools-for-stm32.12.3.rel1.win32_1.0.200.202406191623/tools/bin/../lib/gcc/arm-none-eabi/12.3.1/../../../../arm-none-eabi/lib/thumb/v7e-m+fp/hard\libc_nano.a(libc_a-reallocr.o)
 .ARM.attributes
                0x000005bf       0x34 C:/ST/STM32CubeIDE_1.16.1/STM32CubeIDE/plugins/com.st.stm32cube.ide.mcu.externaltools.gnu-tools-for-stm32.12.3.rel1.win32_1.0.200.202406191623/tools/bin/../lib/gcc/arm-none-eabi/12.3.1/../../../../arm-none-eabi/lib/thumb/v7e-m+fp/hard\libc_nano.a(libc_a-findfp.o)
 .ARM.attributes
                0x000005f3       0x34 C:/ST/STM32CubeIDE_1.16.1/STM32CubeIDE/plugins/com.st.stm32cube.ide.mcu.externaltools.gnu-tools-for-stm32.12.3.rel1.win32_1.0.200.202406191623/tools/bin/../lib/gcc/arm-none-eabi/12.3.1/../../../../arm-none-eabi/lib/thumb/v7e-m+fp/hard\libc_nano.a(libc_a-memset.o)
 .ARM.attributes
                0x00000627       0x34 C:/ST/STM32CubeIDE_1.16.1/STM32CubeIDE/plugins/com.st.stm32cube.ide.mcu.externaltools.gnu-tools-for-stm32.12.3.rel1.win32_1.0.200.202406191623/tools/bin/../lib/gcc/arm-none-eabi/12.3.1/../../../../arm-none-eabi/lib/thumb/v7e-m+fp/hard\libc_nano.a(libc_a-reent.o)
 .ARM.attributes
                0x0000065b       0x34 C:/ST/STM32CubeIDE_1.16.1/STM32CubeIDE/plugins/com.st.stm32cube.ide.mcu.externaltools.gnu-tools-for-stm32.12.3.rel1.win32_1.0.200.202406191623/tools/bin/../lib/gcc/arm-none-eabi/12.3.1/../../../../arm-none-eabi/lib/thumb/v7e-m+fp/hard\libc_nano.a(libc_a-impure.o)
 .ARM.attributes
                0x0000068f       0x34 C:/ST/STM32CubeIDE_1.16.1/STM32CubeIDE/plugins/com.st.stm32cube.ide.mcu.externaltools.gnu-tools-for-stm32.12.3.rel1.win32_1.0.200.202406191623/tools/bin/../lib/gcc/arm-none-eabi/12.3.1/../../../../arm-none-eabi/lib/thumb/v7e-m+fp/hard\libc_nano.a(libc_a-errno.o)
 .ARM.attributes
                0x000006c3       0x34 C:/ST/STM32CubeIDE_1.16.1/STM32CubeIDE/plugins/com.st.stm32cube.ide.mcu.externaltools.gnu-tools-for-stm32.12.3.rel1.win32_1.0.200.202406191623/tools/bin/../lib/gcc/arm-none-eabi/12.3.1/../../../../arm-none-eabi/lib/thumb/v7e-m+fp/hard\libc_nano.a(libc_a-init.o)
 .ARM.attributes
                0x000006f7       0x34 C:/ST/STM32CubeIDE_1.16.1/STM32CubeIDE/plugins/com.st.stm32cube.ide.mcu.externaltools.gnu-tools-for-stm32.12.3.rel1.win32_1.0.200.202406191623/tools/bin/../lib/gcc/arm-none-eabi/12.3.1/../../../../arm-none-eabi/lib/thumb/v7e-m+fp/hard\libc_nano.a(libc_a-lock.o)
 .ARM.attributes