Archive member included to satisfy reference by file (symbol)

C:/ST/STM32CubeIDE_1.16.1/STM32CubeIDE/plugins/com.st.stm32cube.ide.mcu.externaltools.gnu-tools-for-stm32.12.3.rel1.win32_1.0.200.202406191623/tools/bin/../lib/gcc/arm-none-eabi/12.3.1/../../../../arm-none-eabi/lib/thumb/v7e-m+fp/hard\libc_nano.a(libc_a-exit.o)
                              C:/ST/STM32CubeIDE_1.16.1/STM32CubeIDE/plugins/com.st.stm32cube.ide.mcu.externaltools.gnu-tools-for-stm32.12.3.rel1.win32_1.0.200.202406191623/tools/bin/../lib/gcc/arm-none-eabi/12.3.1/../../../../arm-none-eabi/lib/thumb/v7e-m+fp/hard/crt0.o (exit)
C:/ST/STM32CubeIDE_1.16.1/STM32CubeIDE/plugins/com.st.stm32cube.ide.mcu.externaltools.gnu-tools-for-stm32.12.3.rel1.win32_1.0.200.202406191623/tools/bin/../lib/gcc/arm-none-eabi/12.3.1/../../../../arm-none-eabi/lib/thumb/v7e-m+fp/hard\libc_nano.a(libc_a-findfp.o)
                              C:/ST/STM32CubeIDE_1.16.1/STM32CubeIDE/plugins/com.st.stm32cube.ide.mcu.externaltools.gnu-tools-for-stm32.12.3.rel1.win32_1.0.200.202406191623/tools/bin/../lib/gcc/arm-none-eabi/12.3.1/../../../../arm-none-eabi/lib/thumb/v7e-m+fp/hard\libc_nano.a(libc_a-exit.o) (__stdio_exit_handler)
C:/ST/STM32CubeIDE_1.16.1/STM32CubeIDE/plugins/com.st.stm32cube.ide.mcu.externaltools.gnu-tools-for-stm32.12.3.rel1.win32_1.0.200.202406191623/tools/bin/../lib/gcc/arm-none-eabi/12.3.1/../../../../arm-none-eabi/lib/thumb/v7e-m+fp/hard\libc_nano.a(libc_a-fwalk.o)
                              C:/ST/STM32CubeIDE_1.16.1/STM32CubeIDE/plugins/com.st.stm32cube.ide.mcu.externaltools.gnu-tools-for-stm32.12.3.rel1.win32_1.0.200.202406191623/tools/bin/../lib/gcc/arm-none-eabi/12.3.1/../../../../arm-none-eabi/lib/thumb/v7e-m+fp/hard\libc_nano.a(libc_a-findfp.o) (_fwalk_sglue)
C:/ST/STM32CubeIDE_1.16.1/STM32CubeIDE/plugins/com.st.stm32cube.ide.mcu.externaltools.gnu-tools-for-stm32.12.3.rel1.win32_1.0.200.202406191623/tools/bin/../lib/gcc/arm-none-eabi/12.3.1/../../../../arm-none-eabi/lib/thumb/v7e-m+fp/hard\libc_nano.a(libc_a-stdio.o)
                              C:/ST/STM32CubeIDE_1.16.1/STM32CubeIDE/plugins/com.st.stm32cube.ide.mcu.externaltools.gnu-tools-for-stm32.12.3.rel1.win32_1.0.200.202406191623/tools/bin/../lib/gcc/arm-none-eabi/12.3.1/../../../../arm-none-eabi/lib/thumb/v7e-m+fp/hard\libc_nano.a(libc_a-findfp.o) (__sread)
C:/ST/STM32CubeIDE_1.16.1/STM32CubeIDE/plugins/com.st.stm32cube.ide.mcu.externaltools.gnu-tools-for-stm32.12.3.rel1.win32_1.0.200.202406191623/tools/bin/../lib/gcc/arm-none-eabi/12.3.1/../../../../arm-none-eabi/lib/thumb/v7e-m+fp/hard\libc_nano.a(libc_a-memset.o)
                              C:/ST/STM32CubeIDE_1.16.1/STM32CubeIDE/plugins/com.st.stm32cube.ide.mcu.externaltools.gnu-tools-for-stm32.12.3.rel1.win32_1.0.200.202406191623/tools/bin/../lib/gcc/arm-none-eabi/12.3.1/../../../../arm-none-eabi/lib/thumb/v7e-m+fp/hard/crt0.o (memset)
C:/ST/STM32CubeIDE_1.16.1/STM32CubeIDE/plugins/com.st.stm32cube.ide.mcu.externaltools.gnu-tools-for-stm32.12.3.rel1.win32_1.0.200.202406191623/tools/bin/../lib/gcc/arm-none-eabi/12.3.1/../../../../arm-none-eabi/lib/thumb/v7e-m+fp/hard\libc_nano.a(libc_a-closer.o)
                              C:/ST/STM32CubeIDE_1.16.1/STM32CubeIDE/plugins/com.st.stm32cube.ide.mcu.externaltools.gnu-tools-for-stm32.12.3.rel1.win32_1.0.200.202406191623/tools/bin/../lib/gcc/arm-none-eabi/12.3.1/../../../../arm-none-eabi/lib/thumb/v7e-m+fp/hard\libc_nano.a(libc_a-stdio.o) (_close_r)
C:/ST/STM32CubeIDE_1.16.1/STM32CubeIDE/plugins/com.st.stm32cube.ide.mcu.externaltools.gnu-tools-for-stm32.12.3.rel1.win32_1.0.200.202406191623/tools/bin/../lib/gcc/arm-none-eabi/12.3.1/../../../../arm-none-eabi/lib/thumb/v7e-m+fp/hard\libc_nano.a(libc_a-reent.o)
                              C:/ST/STM32CubeIDE_1.16.1/STM32CubeIDE/plugins/com.st.stm32cube.ide.mcu.externaltools.gnu-tools-for-stm32.12.3.rel1.win32_1.0.200.202406191623/tools/bin/../lib/gcc/arm-none-eabi/12.3.1/../../../../arm-none-eabi/lib/thumb/v7e-m+fp/hard\libc_nano.a(libc_a-closer.o) (errno)
C:/ST/STM32CubeIDE_1.16.1/STM32CubeIDE/plugins/com.st.stm32cube.ide.mcu.externaltools.gnu-tools-for-stm32.12.3.rel1.win32_1.0.200.202406191623/tools/bin/../lib/gcc/arm-none-eabi/12.3.1/../../../../arm-none-eabi/lib/thumb/v7e-m+fp/hard\libc_nano.a(libc_a-impure.o)
                              C:/ST/STM32CubeIDE_1.16.1/STM32CubeIDE/plugins/com.st.stm32cube.ide.mcu.externaltools.gnu-tools-for-stm32.12.3.rel1.win32_1.0.200.202406191623/tools/bin/../lib/gcc/arm-none-eabi/12.3.1/../../../../arm-none-eabi/lib/thumb/v7e-m+fp/hard\libc_nano.a(libc_a-reent.o) (_impure_ptr)
C:/ST/STM32CubeIDE_1.16.1/STM32CubeIDE/plugins/com.st.stm32cube.ide.mcu.externaltools.gnu-tools-for-stm32.12.3.rel1.win32_1.0.200.202406191623/tools/bin/../lib/gcc/arm-none-eabi/12.3.1/../../../../arm-none-eabi/lib/thumb/v7e-m+fp/hard\libc_nano.a(libc_a-lseekr.o)
[...]
Memory Configuration

Name             Origin             Length             Attributes
RAM              0x20000000         0x00008000         xrw
FLASH            0x08000000         0x00020000         xr
*default*        0x00000000         0xffffffff

Linker script and memory map

LOAD C:/ST/STM32CubeIDE_1.16.1/STM32CubeIDE/plugins/com.st.stm32cube.ide.mcu.externaltools.gnu-tools-for-stm32.12.3.rel1.win32_1.0.200.202406191623/tools/bin/../lib/gcc/arm-none-eabi/12.3.1/thumb/v7e-m+fp/hard/crti.o
LOAD C:/ST/STM32CubeIDE_1.16.1/STM32CubeIDE/plugins/com.st.stm32cube.ide.mcu.externaltools.gnu-tools-for-stm32.12.3.rel1.win32_1.0.200.202406191623/tools/bin/../lib/gcc/arm-none-eabi/12.3.1/thumb/v7e-m+fp/hard/crtbegin.o
LOAD C:/ST/STM32CubeIDE_1.16.1/STM32CubeIDE/plugins/com.st.stm32cube.ide.mcu.externaltools.gnu-tools-for-stm32.12.3.rel1.win32_1.0.200.202406191623/tools/bin/../lib/gcc/arm-none-eabi/12.3.1/../../../../arm-none-eabi/lib/thumb/v7e-m+fp/hard/crt0.o
LOAD ./Core/Src/DC_motor.o
LOAD ./Core/Src/control.o
LOAD ./Core/Src/encoder.o
LOAD ./Core/Src/main.o
LOAD ./Core/Src/mainpp.o
LOAD ./Core/Src/mission.o
LOAD ./Core/Src/servo.o
LOAD ./Core/Src/stm32g4xx_hal_msp.o
LOAD ./Core/Src/stm32g4xx_it.o
LOAD ./Core/Src/syscalls.o
LOAD ./Core/Src/sysmem.o
LOAD ./Core/Src/system_stm32g4xx.o
LOAD ./Core/Src/timer.o
LOAD ./Core/Startup/startup_stm32g431rbtx.o
LOAD ./Drivers/STM32G4xx_HAL_Driver/Src/stm32g4xx_hal.o
LOAD ./Drivers/STM32G4xx_HAL_Driver/Src/stm32g4xx_hal_cortex.o
LOAD ./Drivers/STM32G4xx_HAL_Driver/Src/stm32g4xx_hal_dma.o
LOAD ./Drivers/STM32G4xx_HAL_Driver/Src/stm32g4xx_hal_dma_ex.o
LOAD ./Drivers/STM32G4xx_HAL_Driver/Src/stm32g4xx_hal_exti.o
LOAD ./Drivers/STM32G4xx_HAL_Driver/Src/stm32g4xx_hal_flash.o
LOAD ./Drivers/STM32G4xx_HAL_Driver/Src/stm32g4xx_hal_flash_ex.o
LOAD ./Drivers/STM32G4xx_HAL_Driver/Src/stm32g4xx_hal_flash_ramfunc.o
LOAD ./Drivers/STM32G4xx_HAL_Driver/Src/stm32g4xx_hal_gpio.o
LOAD ./Drivers/STM32G4xx_HAL_Driver/Src/stm32g4xx_hal_i2c.o
LOAD ./Drivers/STM32G4xx_HAL_Driver/Src/stm32g4xx_hal_i2c_ex.o
LOAD ./Drivers/STM32G4xx_HAL_Driver/Src/stm32g4xx_hal_pwr.o
LOAD ./Drivers/STM32G4xx_HAL_Driver/Src/stm32g4xx_hal_pwr_ex.o
LOAD ./Drivers/STM32G4xx_HAL_Driver/Src/stm32g4xx_hal_rcc.o
LOAD ./Drivers/STM32G4xx_HAL_Driver/Src/stm32g4xx_hal_rcc_ex.o
LOAD ./Drivers/STM32G4xx_HAL_Driver/Src/stm32g4xx_hal_tim.o
LOAD ./Drivers/STM32G4xx_HAL_Driver/Src/stm32g4xx_hal_tim_ex.o
START GROUP
LOAD C:/ST/STM32CubeIDE_1.16.1/STM32CubeIDE/plugins/com.st.stm32cube.ide.mcu.externaltools.gnu-tools-for-stm32.12.3.rel1.win32_1.0.200.202406191623/tools/bin/../lib/gcc/arm-none-eabi/12.3.1/../../../../arm-none-eabi/lib/thumb/v7e-m+fp/hard\libstdc++_nano.a
LOAD C:/ST/STM32CubeIDE_1.16.1/STM32CubeIDE/plugins/com.st.stm32cube.ide.mcu.externaltools.gnu-tools-for-stm32.12.3.rel1.win32_1.0.200.202406191623/tools/bin/../lib/gcc/arm-none-eabi/12.3.1/../../../../arm-none-eabi/lib/thumb/v7e-m+fp/hard\libsupc++_nano.a
END GROUP
LOAD C:/ST/STM32CubeIDE_1.16.1/STM32CubeIDE/plugins/com.st.stm32cube.ide.mcu.externaltools.gnu-tools-for-stm32.12.3.rel1.win32_1.0.200.202406191623/tools/bin/../lib/gcc/arm-none-eabi/12.3.1/../../../../arm-none-eabi/lib/thumb/v7e-m+fp/hard\libstdc++_nano.a
LOAD C:/ST/STM32CubeIDE_1.16.1/STM32CubeIDE/plugins/com.st.stm32cube.ide.mcu.externaltools.gnu-tools-for-stm32.12.3.rel1.win32_1.0.200.202406191623/tools/bin/../lib/gcc/arm-none-eabi/12.3.1/../../../../arm-none-eabi/lib/thumb/v7e-m+fp/hard\libm.a
LOAD C:/ST/STM32CubeIDE_1.16.1/STM32CubeIDE/plugins/com.st.stm32cube.ide.mcu.externaltools.gnu-tools-for-stm32.12.3.rel1.win32_1.0.200.202406191623/tools/bin/../lib/gcc/arm-none-eabi/12.3.1/../../../../arm-none-eabi/lib/thumb/v7e-m+fp/hard\libc_nano.a
START GROUP
LOAD C:/ST/STM32CubeIDE_1.16.1/STM32CubeIDE/plugins/com.st.stm32cube.ide.mcu.externaltools.gnu-tools-for-stm32.12.3.rel1.win32_1.0.200.202406191623/tools/bin/../lib/gcc/arm-none-eabi/12.3.1/thumb/v7e-m+fp/hard\libgcc.a
LOAD C:/ST/STM32CubeIDE_1.16.1/STM32CubeIDE/plugins/com.st.stm32cube.ide.mcu.externaltools.gnu-tools-for-stm32.12.3.rel1.win32_1.0.200.202406191623/tools/bin/../lib/gcc/arm-none-eabi/12.3.1/../../../../arm-none-eabi/lib/thumb/v7e-m+fp/hard\libc_nano.a
END GROUP
START GROUP
LOAD C:/ST/STM32CubeIDE_1.16.1/STM32CubeIDE/plugins/com.st.stm32cube.ide.mcu.externaltools.gnu-tools-for-stm32.12.3.rel1.win32_1.0.200.202406191623/tools/bin/../lib/gcc/arm-none-eabi/12.3.1/thumb/v7e-m+fp/hard\libgcc.a
LOAD C:/ST/STM32CubeIDE_1.16.1/STM32CubeIDE/plugins/com.st.stm32cube.ide.mcu.externaltools.gnu-tools-for-stm32.12.3.rel1.win32_1.0.200.202406191623/tools/bin/../lib/gcc/arm-none-eabi/12.3.1/../../../../arm-none-eabi/lib/thumb/v7e-m+fp/hard\libc_nano.a
END GROUP
LOAD C:/ST/STM32CubeIDE_1.16.1/STM32CubeIDE/plugins/com.st.stm32cube.ide.mcu.externaltools.gnu-tools-for-stm32.12.3.rel1.win32_1.0.200.202406191623/tools/bin/../lib/gcc/arm-none-eabi/12.3.1/thumb/v7e-m+fp/hard/crtend.o
LOAD C:/ST/STM32CubeIDE_1.16.1/STM32CubeIDE/plugins/com.st.stm32cube.ide.mcu.externaltools.gnu-tools-for-stm32.12.3.rel1.win32_1.0.200.202406191623/tools/bin/../lib/gcc/arm-none-eabi/12.3.1/thumb/v7e-m+fp/hard/crtn.o
                0x20008000                        _estack = (ORIGIN (RAM) + LENGTH (RAM))
                0x00000200                        _Min_Heap_Size = 0x200
                0x00000400                        _Min_Stack_Size = 0x400

.isr_vector     0x08000000      0x1d8
                0x08000000                        . = ALIGN (0x4)
 *(.isr_vector)
 .isr_vector    0x08000000      0x1d8 ./Core/Startup/startup_stm32g431rbtx.o
                0x08000000                g_pfnVectors
                0x080001d8                        . = ALIGN (0x4)

.text           0x080001d8     0x464c
                0x080001d8                        . = ALIGN (0x4)
 *(.text)
 .text          0x080001d8       0x40 C:/ST/STM32CubeIDE_1.16.1/STM32CubeIDE/plugins/com.st.stm32cube.ide.mcu.externaltools.gnu-tools-for-stm32.12.3.rel1.win32_1.0.200.202406191623/tools/bin/../lib/gcc/arm-none-eabi/12.3.1/thumb/v7e-m+fp/hard/crtbegin.o
 *(.text*)
 .text._ZN8DC_motor6PI_runEv
                0x08000218      0x214 ./Core/Src/DC_motor.o
                0x08000218                DC_motor::PI_run()
 .text._ZN8DC_motor8setspeedEf
                0x0800042c       0x1e ./Core/Src/DC_motor.o
                0x0800042c                DC_motor::setspeed(float)
 .text._ZN8DC_motor12update_speedEi
                0x0800044a       0x84 ./Core/Src/DC_motor.o
                0x0800044a                DC_motor::update_speed(int)
 .text._ZN8DC_motor5setupEv
                0x080004ce       0x38 ./Core/Src/DC_motor.o
                0x080004ce                DC_motor::setup()
 .text._ZN8DC_motor19mark_start_positionEv
                0x08000506       0x1c ./Core/Src/DC_motor.o
                0x08000506                DC_motor::mark_start_position()
 .text._ZNK8DC_motor20get_steps_from_startEv
                0x08000522       0x1e ./Core/Src/DC_motor.o
                0x08000522                DC_motor::get_steps_from_start() const
 .text.main     0x08000540       0x30 ./Core/Src/main.o
                0x08000540                main
 .text.SystemClock_Config
                0x08000570       0x80 ./Core/Src/main.o
                0x08000570                SystemClock_Config
 .text.MX_I2C1_Init
                0x080005f0       0x80 ./Core/Src/main.o
 .text.MX_TIM1_Init
                0x08000670      0x170 ./Core/Src/main.o
 .text.MX_TIM2_Init
                0x080007e0       0x9c ./Core/Src/main.o
 .text.MX_TIM3_Init
                0x0800087c       0xac ./Core/Src/main.o
 .text.MX_TIM4_Init
                0x08000928       0xac ./Core/Src/main.o
 .text.MX_TIM8_Init
                0x080009d4      0x140 ./Core/Src/main.o
 .text.MX_GPIO_Init
                0x08000b14      0x130 ./Core/Src/main.o
 .text.Error_Handler
                0x08000c44        0xc ./Core/Src/main.o
                0x08000c44                Error_Handler
 .text._ZN5servoC2EP17TIM_HandleTypeDefm
                0x08000c50       0x74 ./Core/Src/mainpp.o
                0x08000c50                servo::servo(TIM_HandleTypeDef*, unsigned long)
                0x08000c50                servo::servo(TIM_HandleTypeDef*, unsigned long)
 .text._ZN8DC_motorC2EP17TIM_HandleTypeDefP12GPIO_TypeDeftS1_m
                0x08000cc4       0xd8 ./Core/Src/mainpp.o
                0x08000cc4                DC_motor::DC_motor(TIM_HandleTypeDef*, GPIO_TypeDef*, unsigned short, TIM_HandleTypeDef*, unsigned long)
                0x08000cc4                DC_motor::DC_motor(TIM_HandleTypeDef*, GPIO_TypeDef*, unsigned short, TIM_HandleTypeDef*, unsigned long)
 .text._Z9setup_allv
                0x08000d9c       0x28 ./Core/Src/mainpp.o
                0x08000d9c                setup_all()
 .text.main_function
                0x08000dc4        0xe ./Core/Src/mainpp.o
                0x08000dc4                main_function
 *fill*         0x08000dd2        0x2 
 .text._Z9mission_3v
                0x08000dd4       0x88 ./Core/Src/mainpp.o
                0x08000dd4                mission_3()
 .text.HAL_TIM_PeriodElapsedCallback
                0x08000e5c       0x34 ./Core/Src/mainpp.o
                0x08000e5c                HAL_TIM_PeriodElapsedCallback
 .text.HAL_GPIO_EXTI_Callback
                0x08000e90       0xc4 ./Core/Src/mainpp.o
                0x08000e90                HAL_GPIO_EXTI_Callback
 .text._Z41__static_initialization_and_destruction_0ii
                0x08000f54       0x88 ./Core/Src/mainpp.o
 .text._GLOBAL__sub_I_Motor_forword
                0x08000fdc       0x10 ./Core/Src/mainpp.o
 .text._ZN5servo5setupEv
                0x08000fec       0x20 ./Core/Src/servo.o
                0x08000fec                servo::setup()
 .text.HAL_MspInit
                0x0800100c       0x48 ./Core/Src/stm32g4xx_hal_msp.o
                0x0800100c                HAL_MspInit
 .text.HAL_I2C_MspInit
                0x08001054       0xf0 ./Core/Src/stm32g4xx_hal_msp.o
                0x08001054                HAL_I2C_MspInit
 .text.HAL_TIM_PWM_MspInit
                0x08001144       0x68 ./Core/Src/stm32g4xx_hal_msp.o
                0x08001144                HAL_TIM_PWM_MspInit
 .text.HAL_TIM_Base_MspInit
                0x080011ac       0x48 ./Core/Src/stm32g4xx_hal_msp.o
                0x080011ac                HAL_TIM_Base_MspInit
 .text.HAL_TIM_Encoder_MspInit
                0x080011f4       0xe8 ./Core/Src/stm32g4xx_hal_msp.o
                0x080011f4                HAL_TIM_Encoder_MspInit
 .text.HAL_TIM_MspPostInit
                0x080012dc       0xb8 ./Core/Src/stm32g4xx_hal_msp.o
                0x080012dc                HAL_TIM_MspPostInit
 .text.NMI_Handler
                0x08001394        0x8 ./Core/Src/stm32g4xx_it.o
                0x08001394                NMI_Handler
 .text.HardFault_Handler
                0x0800139c        0x8 ./Core/Src/stm32g4xx_it.o
                0x0800139c                HardFault_Handler
 .text.MemManage_Handler
                0x080013a4        0x8 ./Core/Src/stm32g4xx_it.o
                0x080013a4                MemManage_Handler
 .text.BusFault_Handler
                0x080013ac        0x8 ./Core/Src/stm32g4xx_it.o
                0x080013ac                BusFault_Handler
 .text.UsageFault_Handler
                0x080013b4        0x8 ./Core/Src/stm32g4xx_it.o
                0x080013b4                UsageFault_Handler
 .text.SVC_Handler
                0x080013bc        0xe ./Core/Src/stm32g4xx_it.o
                0x080013bc                SVC_Handler
 .text.DebugMon_Handler
                0x080013ca        0xe ./Core/Src/stm32g4xx_it.o
                0x080013ca                DebugMon_Handler
 .text.PendSV_Handler
                0x080013d8        0xe ./Core/Src/stm32g4xx_it.o
                0x080013d8                PendSV_Handler
 .text.SysTick_Handler
                0x080013e6        0xc ./Core/Src/stm32g4xx_it.o
                0x080013e6                SysTick_Handler
 .text.EXTI9_5_IRQHandler
                0x080013f2       0x18 ./Core/Src/stm32g4xx_it.o
                0x080013f2                EXTI9_5_IRQHandler
 *fill*         0x0800140a        0x2 
 .text.TIM2_IRQHandler
                0x0800140c       0x14 ./Core/Src/stm32g4xx_it.o
                0x0800140c                TIM2_IRQHandler
 .text.EXTI15_10_IRQHandler
                0x08001420       0x38 ./Core/Src/stm32g4xx_it.o
                0x08001420                EXTI15_10_IRQHandler
 .text.SystemInit
                0x08001458       0x24 ./Core/Src/system_stm32g4xx.o
                0x08001458                SystemInit
 .text.Reset_Handler
                0x0800147c       0x50 ./Core/Startup/startup_stm32g431rbtx.o
                0x0800147c                Reset_Handler
 .text.Default_Handler
                0x080014cc        0x2 ./Core/Startup/startup_stm32g431rbtx.o
                0x080014cc                RTC_Alarm_IRQHandler
                0x080014cc                EXTI2_IRQHandler
                0x080014cc                TIM8_TRG_COM_IRQHandler
                0x080014cc                TIM8_CC_IRQHandler
                0x080014cc                TIM1_CC_IRQHandler
                0x080014cc                USB_HP_IRQHandler
                0x080014cc                CORDIC_IRQHandler
                0x080014cc                EXTI3_IRQHandler
                0x080014cc                I2C3_ER_IRQHandler
                0x080014cc                EXTI0_IRQHandler
                0x080014cc                I2C2_EV_IRQHandler
                0x080014cc                FPU_IRQHandler
                0x080014cc                FDCAN1_IT1_IRQHandler
                0x080014cc                TIM1_UP_TIM16_IRQHandler
                0x080014cc                ADC1_2_IRQHandler
                0x080014cc                SPI1_IRQHandler
                0x080014cc                TIM6_DAC_IRQHandler
                0x080014cc                TIM8_UP_IRQHandler
                0x080014cc                DMA2_Channel2_IRQHandler
                0x080014cc                DMA1_Channel4_IRQHandler
                0x080014cc                USART3_IRQHandler
                0x080014cc                TIM4_IRQHandler
                0x080014cc                DMA2_Channel1_IRQHandler
                0x080014cc                I2C1_EV_IRQHandler
                0x080014cc                DMA1_Channel6_IRQHandler
                0x080014cc                UART4_IRQHandler
                0x080014cc                DMA2_Channel4_IRQHandler
                0x080014cc                TIM3_IRQHandler
                0x080014cc                RCC_IRQHandler
                0x080014cc                DMA1_Channel1_IRQHandler
                0x080014cc                Default_Handler
                0x080014cc                RTC_TAMP_LSECSS_IRQHandler
                0x080014cc                FMAC_IRQHandler
                0x080014cc                TIM7_IRQHandler
                0x080014cc                UCPD1_IRQHandler
                0x080014cc                I2C3_EV_IRQHandler
                0x080014cc                RTC_WKUP_IRQHandler
                0x080014cc                PVD_PVM_IRQHandler
                0x080014cc                SPI2_IRQHandler
                0x080014cc                DMA2_Channel5_IRQHandler
                0x080014cc                CRS_IRQHandler
                0x080014cc                DMA1_Channel5_IRQHandler
                0x080014cc                USB_LP_IRQHandler
                0x080014cc                EXTI4_IRQHandler
                0x080014cc                RNG_IRQHandler
                0x080014cc                TIM1_TRG_COM_TIM17_IRQHandler
                0x080014cc                DMA1_Channel3_IRQHandler
                0x080014cc                WWDG_IRQHandler
                0x080014cc                LPUART1_IRQHandler
                0x080014cc                DMA2_Channel6_IRQHandler
                0x080014cc                FDCAN1_IT0_IRQHandler
                0x080014cc                COMP1_2_3_IRQHandler
                0x080014cc                EXTI1_IRQHandler
                0x080014cc                USART2_IRQHandler
                0x080014cc                I2C2_ER_IRQHandler
                0x080014cc                DMA1_Channel2_IRQHandler
                0x080014cc                TIM8_BRK_IRQHandler
                0x080014cc                FLASH_IRQHandler
                0x080014cc                USART1_IRQHandler
                0x080014cc                SPI3_IRQHandler
                0x080014cc                I2C1_ER_IRQHandler
                0x080014cc                LPTIM1_IRQHandler
                0x080014cc                DMAMUX_OVR_IRQHandler
                0x080014cc                USBWakeUp_IRQHandler
                0x080014cc                SAI1_IRQHandler
                0x080014cc                DMA2_Channel3_IRQHandler
                0x080014cc                COMP4_IRQHandler
                0x080014cc                TIM1_BRK_TIM15_IRQHandler
 .text.HAL_Init
                0x080014ce       0x30 ./Drivers/STM32G4xx_HAL_Driver/Src/stm32g4xx_hal.o
                0x080014ce                HAL_Init
 *fill*         0x080014fe        0x2 
 .text.HAL_InitTick
                0x08001500       0x74 ./Drivers/STM32G4xx_HAL_Driver/Src/stm32g4xx_hal.o
                0x08001500                HAL_InitTick
 .text.HAL_IncTick
                0x08001574       0x24 ./Drivers/STM32G4xx_HAL_Driver/Src/stm32g4xx_hal.o
                0x08001574                HAL_IncTick
 .text.HAL_GetTick
                0x08001598       0x18 ./Drivers/STM32G4xx_HAL_Driver/Src/stm32g4xx_hal.o
                0x08001598                HAL_GetTick
 .text.__NVIC_SetPriorityGrouping
                0x080015b0       0x48 ./Drivers/STM32G4xx_HAL_Driver/Src/stm32g4xx_hal_cortex.o
 .text.__NVIC_GetPriorityGrouping
                0x080015f8       0x1c ./Drivers/STM32G4xx_HAL_Driver/Src/stm32g4xx_hal_cortex.o
 .text.__NVIC_EnableIRQ
                0x08001614       0x3c ./Drivers/STM32G4xx_HAL_Driver/Src/stm32g4xx_hal_cortex.o
 .text.__NVIC_SetPriority
                0x08001650       0x54 ./Drivers/STM32G4xx_HAL_Driver/Src/stm32g4xx_hal_cortex.o
 .text.NVIC_EncodePriority
                0x080016a4       0x66 ./Drivers/STM32G4xx_HAL_Driver/Src/stm32g4xx_hal_cortex.o
 *fill*         0x0800170a        0x2 
 .text.SysTick_Config
                0x0800170c       0x44 ./Drivers/STM32G4xx_HAL_Driver/Src/stm32g4xx_hal_cortex.o
 .text.HAL_NVIC_SetPriorityGrouping
                0x08001750       0x16 ./Drivers/STM32G4xx_HAL_Driver/Src/stm32g4xx_hal_cortex.o
                0x08001750                HAL_NVIC_SetPriorityGrouping
 .text.HAL_NVIC_SetPriority
                0x08001766       0x34 ./Drivers/STM32G4xx_HAL_Driver/Src/stm32g4xx_hal_cortex.o
                0x08001766                HAL_NVIC_SetPriority
 .text.HAL_NVIC_EnableIRQ
                0x0800179a       0x1c ./Drivers/STM32G4xx_HAL_Driver/Src/stm32g4xx_hal_cortex.o
                0x0800179a                HAL_NVIC_EnableIRQ
 .text.HAL_SYSTICK_Config
                0x080017b6       0x18 ./Drivers/STM32G4xx_HAL_Driver/Src/stm32g4xx_hal_cortex.o
                0x080017b6                HAL_SYSTICK_Config
 *fill*         0x080017ce        0x2 
 .text.HAL_GPIO_Init
                0x080017d0      0x304 ./Drivers/STM32G4xx_HAL_Driver/Src/stm32g4xx_hal_gpio.o
                0x080017d0                HAL_GPIO_Init
 .text.HAL_GPIO_ReadPin
                0x08001ad4       0x30 ./Drivers/STM32G4xx_HAL_Driver/Src/stm32g4xx_hal_gpio.o
                0x08001ad4                HAL_GPIO_ReadPin
 .text.HAL_GPIO_WritePin
                0x08001b04       0x30 ./Drivers/STM32G4xx_HAL_Driver/Src/stm32g4xx_hal_gpio.o
                0x08001b04                HAL_GPIO_WritePin
 .text.HAL_GPIO_EXTI_IRQHandler
                0x08001b34       0x30 ./Drivers/STM32G4xx_HAL_Driver/Src/stm32g4xx_hal_gpio.o
                0x08001b34                HAL_GPIO_EXTI_IRQHandler
 .text.HAL_I2C_Init
                0x08001b64      0x136 ./Drivers/STM32G4xx_HAL_Driver/Src/stm32g4xx_hal_i2c.o
                0x08001b64                HAL_I2C_Init
 .text.HAL_I2CEx_ConfigAnalogFilter
                0x08001c9a       0x96 ./Drivers/STM32G4xx_HAL_Driver/Src/stm32g4xx_hal_i2c_ex.o
                0x08001c9a                HAL_I2CEx_ConfigAnalogFilter
 .text.HAL_I2CEx_ConfigDigitalFilter
                0x08001d30       0x98 ./Drivers/STM32G4xx_HAL_Driver/Src/stm32g4xx_hal_i2c_ex.o
                0x08001d30                HAL_I2CEx_ConfigDigitalFilter
 .text.HAL_PWREx_ControlVoltageScaling
                0x08001dc8      0x148 ./Drivers/STM32G4xx_HAL_Driver/Src/stm32g4xx_hal_pwr_ex.o
                0x08001dc8                HAL_PWREx_ControlVoltageScaling
 .text.HAL_PWREx_DisableUCPDDeadBattery
                0x08001f10       0x20 ./Drivers/STM32G4xx_HAL_Driver/Src/stm32g4xx_hal_pwr_ex.o
                0x08001f10                HAL_PWREx_DisableUCPDDeadBattery
 .text.HAL_RCC_OscConfig
                0x08001f30      0x624 ./Drivers/STM32G4xx_HAL_Driver/Src/stm32g4xx_hal_rcc.o
                0x08001f30                HAL_RCC_OscConfig
 .text.HAL_RCC_ClockConfig
                0x08002554      0x278 ./Drivers/STM32G4xx_HAL_Driver/Src/stm32g4xx_hal_rcc.o
                0x08002554                HAL_RCC_ClockConfig
 .text.HAL_RCC_GetSysClockFreq
                0x080027cc       0xc4 ./Drivers/STM32G4xx_HAL_Driver/Src/stm32g4xx_hal_rcc.o
                0x080027cc                HAL_RCC_GetSysClockFreq
 .text.RCC_GetSysClockFreqFromPLLSource
                0x08002890       0x8c ./Drivers/STM32G4xx_HAL_Driver/Src/stm32g4xx_hal_rcc.o
 .text.HAL_RCCEx_PeriphCLKConfig
                0x0800291c      0x3e0 ./Drivers/STM32G4xx_HAL_Driver/Src/stm32g4xx_hal_rcc_ex.o
                0x0800291c                HAL_RCCEx_PeriphCLKConfig
 .text.HAL_TIM_Base_Init
                0x08002cfc       0xae ./Drivers/STM32G4xx_HAL_Driver/Src/stm32g4xx_hal_tim.o
                0x08002cfc                HAL_TIM_Base_Init
 .text.HAL_TIM_PWM_Init
                0x08002daa       0xae ./Drivers/STM32G4xx_HAL_Driver/Src/stm32g4xx_hal_tim.o
                0x08002daa                HAL_TIM_PWM_Init
 .text.HAL_TIM_PWM_Start
                0x08002e58      0x200 ./Drivers/STM32G4xx_HAL_Driver/Src/stm32g4xx_hal_tim.o
                0x08002e58                HAL_TIM_PWM_Start
 .text.HAL_TIM_PWM_Start_IT
                0x08003058      0x298 ./Drivers/STM32G4xx_HAL_Driver/Src/stm32g4xx_hal_tim.o
                0x08003058                HAL_TIM_PWM_Start_IT
 .text.HAL_TIM_Encoder_Init
                0x080032f0      0x14c ./Drivers/STM32G4xx_HAL_Driver/Src/stm32g4xx_hal_tim.o
                0x080032f0                HAL_TIM_Encoder_Init
 .text.HAL_TIM_Encoder_Start
                0x0800343c      0x11c ./Drivers/STM32G4xx_HAL_Driver/Src/stm32g4xx_hal_tim.o
                0x0800343c                HAL_TIM_Encoder_Start
 .text.HAL_TIM_IRQHandler
                0x08003558      0x29e ./Drivers/STM32G4xx_HAL_Driver/Src/stm32g4xx_hal_tim.o
                0x08003558                HAL_TIM_IRQHandler
 *fill*         0x080037f6        0x2 
 .text.HAL_TIM_PWM_ConfigChannel
                0x080037f8      0x228 ./Drivers/STM32G4xx_HAL_Driver/Src/stm32g4xx_hal_tim.o
                0x080037f8                HAL_TIM_PWM_ConfigChannel
 .text.HAL_TIM_ConfigClockSource
                0x08003a20      0x1f4 ./Drivers/STM32G4xx_HAL_Driver/Src/stm32g4xx_hal_tim.o
                0x08003a20                HAL_TIM_ConfigClockSource
 .text.HAL_TIM_OC_DelayElapsedCallback
                0x08003c14       0x14 ./Drivers/STM32G4xx_HAL_Driver/Src/stm32g4xx_hal_tim.o
                0x08003c14                HAL_TIM_OC_DelayElapsedCallback
 .text.HAL_TIM_IC_CaptureCallback
                0x08003c28       0x14 ./Drivers/STM32G4xx_HAL_Driver/Src/stm32g4xx_hal_tim.o
                0x08003c28                HAL_TIM_IC_CaptureCallback
 .text.HAL_TIM_PWM_PulseFinishedCallback
                0x08003c3c       0x14 ./Drivers/STM32G4xx_HAL_Driver/Src/stm32g4xx_hal_tim.o
                0x08003c3c                HAL_TIM_PWM_PulseFinishedCallback
 .text.HAL_TIM_TriggerCallback
                0x08003c50       0x14 ./Drivers/STM32G4xx_HAL_Driver/Src/stm32g4xx_hal_tim.o
                0x08003c50                HAL_TIM_TriggerCallback
 .text.TIM_Base_SetConfig
                0x08003c64      0x138 ./Drivers/STM32G4xx_HAL_Driver/Src/stm32g4xx_hal_tim.o
                0x08003c64                TIM_Base_SetConfig
 .text.TIM_OC1_SetConfig
                0x08003d9c      0x120 ./Drivers/STM32G4xx_HAL_Driver/Src/stm32g4xx_hal_tim.o
 .text.TIM_OC2_SetConfig
                0x08003ebc      0x114 ./Drivers/STM32G4xx_HAL_Driver/Src/stm32g4xx_hal_tim.o
                0x08003ebc                TIM_OC2_SetConfig
 .text.TIM_OC3_SetConfig
                0x08003fd0      0x110 ./Drivers/STM32G4xx_HAL_Driver/Src/stm32g4xx_hal_tim.o
 .text.TIM_OC4_SetConfig
                0x080040e0      0x114 ./Drivers/STM32G4xx_HAL_Driver/Src/stm32g4xx_hal_tim.o
 .text.TIM_OC5_SetConfig
                0x080041f4       0xc8 ./Drivers/STM32G4xx_HAL_Driver/Src/stm32g4xx_hal_tim.o
 .text.TIM_OC6_SetConfig
                0x080042bc       0xcc ./Drivers/STM32G4xx_HAL_Driver/Src/stm32g4xx_hal_tim.o
 .text.TIM_TI1_ConfigInputStage
                0x08004388       0x5e ./Drivers/STM32G4xx_HAL_Driver/Src/stm32g4xx_hal_tim.o
 .text.TIM_TI2_ConfigInputStage
                0x080043e6       0x60 ./Drivers/STM32G4xx_HAL_Driver/Src/stm32g4xx_hal_tim.o
 .text.TIM_ITRx_SetConfig
                0x08004446       0x3a ./Drivers/STM32G4xx_HAL_Driver/Src/stm32g4xx_hal_tim.o
 .text.TIM_ETR_SetConfig
                0x08004480       0x40 ./Drivers/STM32G4xx_HAL_Driver/Src/stm32g4xx_hal_tim.o
                0x08004480                TIM_ETR_SetConfig
 .text.TIM_CCxChannelCmd
                0x080044c0       0x4a ./Drivers/STM32G4xx_HAL_Driver/Src/stm32g4xx_hal_tim.o
                0x080044c0                TIM_CCxChannelCmd
 *fill*         0x0800450a        0x2 
 .text.HAL_TIMEx_MasterConfigSynchronization
                0x0800450c      0x104 ./Drivers/STM32G4xx_HAL_Driver/Src/stm32g4xx_hal_tim_ex.o
                0x0800450c                HAL_TIMEx_MasterConfigSynchronization
 .text.HAL_TIMEx_ConfigBreakDeadTime
                0x08004610      0x118 ./Drivers/STM32G4xx_HAL_Driver/Src/stm32g4xx_hal_tim_ex.o
                0x08004610                HAL_TIMEx_ConfigBreakDeadTime
 .text.HAL_TIMEx_CommutCallback
                0x08004728       0x14 ./Drivers/STM32G4xx_HAL_Driver/Src/stm32g4xx_hal_tim_ex.o
                0x08004728                HAL_TIMEx_CommutCallback
 .text.HAL_TIMEx_BreakCallback
                0x0800473c       0x14 ./Drivers/STM32G4xx_HAL_Driver/Src/stm32g4xx_hal_tim_ex.o
                0x0800473c                HAL_TIMEx_BreakCallback
 .text.HAL_TIMEx_Break2Callback
                0x08004750       0x14 ./Drivers/STM32G4xx_HAL_Driver/Src/stm32g4xx_hal_tim_ex.o
                0x08004750                HAL_TIMEx_Break2Callback
 .text.HAL_TIMEx_EncoderIndexCallback
                0x08004764       0x14 ./Drivers/STM32G4xx_HAL_Driver/Src/stm32g4xx_hal_tim_ex.o
                0x08004764                HAL_TIMEx_EncoderIndexCallback
 .text.HAL_TIMEx_DirectionChangeCallback
                0x08004778       0x14 ./Drivers/STM32G4xx_HAL_Driver/Src/stm32g4xx_hal_tim_ex.o
                0x08004778                HAL_TIMEx_DirectionChangeCallback
 .text.HAL_TIMEx_IndexErrorCallback
                0x0800478c       0x14 ./Drivers/STM32G4xx_HAL_Driver/Src/stm32g4xx_hal_tim_ex.o
                0x0800478c                HAL_TIMEx_IndexErrorCallback
 .text.HAL_TIMEx_TransitionErrorCallback
                0x080047a0       0x14 ./Drivers/STM32G4xx_HAL_Driver/Src/stm32g4xx_hal_tim_ex.o
                0x080047a0                HAL_TIMEx_TransitionErrorCallback
 .text.memset   0x080047b4       0x10 C:/ST/STM32CubeIDE_1.16.1/STM32CubeIDE/plugins/com.st.stm32cube.ide.mcu.externaltools.gnu-tools-for-stm32.12.3.rel1.win32_1.0.200.202406191623/tools/bin/../lib/gcc/arm-none-eabi/12.3.1/../../../../arm-none-eabi/lib/thumb/v7e-m+fp/hard\libc_nano.a(libc_a-memset.o)
                0x080047b4                memset
 .text.__libc_init_array
                0x080047c4       0x48 C:/ST/STM32CubeIDE_1.16.1/STM32CubeIDE/plugins/com.st.stm32cube.ide.mcu.externaltools.gnu-tools-for-stm32.12.3.rel1.win32_1.0.200.202406191623/tools/bin/../lib/gcc/arm-none-eabi/12.3.1/../../../../arm-none-eabi/lib/thumb/v7e-m+fp/hard\libc_nano.a(libc_a-init.o)
                0x080047c4                __libc_init_array
 *(.glue_7)
 .glue_7        0x0800480c        0x0 linker stubs
 *(.glue_7t)
 .glue_7t       0x0800480c        0x0 linker stubs
 *(.eh_frame)
 .eh_frame      0x0800480c        0x0 C:/ST/STM32CubeIDE_1.16.1/STM32CubeIDE/plugins/com.st.stm32cube.ide.mcu.externaltools.gnu-tools-for-stm32.12.3.rel1.win32_1.0.200.202406191623/tools/bin/../lib/gcc/arm-none-eabi/12.3.1/thumb/v7e-m+fp/hard/crtbegin.o
 *(.init)
 .init          0x0800480c        0x4 C:/ST/STM32CubeIDE_1.16.1/STM32CubeIDE/plugins/com.st.stm32cube.ide.mcu.externaltools.gnu-tools-for-stm32.12.3.rel1.win32_1.0.200.202406191623/tools/bin/../lib/gcc/arm-none-eabi/12.3.1/thumb/v7e-m+fp/hard/crti.o
                0x0800480c                _init
 .init          0x08004810        0x8 C:/ST/STM32CubeIDE_1.16.1/STM32CubeIDE/plugins/com.st.stm32cube.ide.mcu.externaltools.gnu-tools-for-stm32.12.3.rel1.win32_1.0.200.202406191623/tools/bin/../lib/gcc/arm-none-eabi/12.3.1/thumb/v7e-m+fp/hard/crtn.o
 *(.fini)
 .fini          0x08004818        0x4 C:/ST/STM32CubeIDE_1.16.1/STM32CubeIDE/plugins/com.st.stm32cube.ide.mcu.externaltools.gnu-tools-for-stm32.12.3.rel1.win32_1.0.200.202406191623/tools/bin/../lib/gcc/arm-none-eabi/12.3.1/thumb/v7e-m+fp/hard/crti.o
                0x08004818                _fini
 .fini          0x0800481c        0x8 C:/ST/STM32CubeIDE_1.16.1/STM32CubeIDE/plugins/com.st.stm32cube.ide.mcu.externaltools.gnu-tools-for-stm32.12.3.rel1.win32_1.0.200.202406191623/tools/bin/../lib/gcc/arm-none-eabi/12.3.1/thumb/v7e-m+fp/hard/crtn.o
                0x08004824                        . = ALIGN (0x4)
                0x08004824                        _etext = .

.vfp11_veneer   0x08004824        0x0
 .vfp11_veneer  0x08004824        0x0 linker stubs

.v4_bx          0x08004824        0x0
 .v4_bx         0x08004824        0x0 linker stubs

.iplt           0x08004824        0x0
 .iplt          0x08004824        0x0 C:/ST/STM32CubeIDE_1.16.1/STM32CubeIDE/plugins/com.st.stm32cube.ide.mcu.externaltools.gnu-tools-for-stm32.12.3.rel1.win32_1.0.200.202406191623/tools/bin/../lib/gcc/arm-none-eabi/12.3.1/thumb/v7e-m+fp/hard/crtbegin.o

.rodata         0x08004824       0x10
                0x08004824                        . = ALIGN (0x4)
 *(.rodata)
 *(.rodata*)
 .rodata.AHBPrescTable
                0x08004824       0x10 ./Core/Src/system_stm32g4xx.o
                0x08004824                AHBPrescTable
                0x08004834                        . = ALIGN (0x4)

.ARM.extab      0x08004834        0x0
                0x08004834                        . = ALIGN (0x4)
 *(.ARM.extab* .gnu.linkonce.armextab.*)
                0x08004834                        . = ALIGN (0x4)

.ARM            0x08004834        0x0
                0x08004834                        . = ALIGN (0x4)
                0x08004834                        __exidx_start = .
 *(.ARM.exidx*)
                0x08004834                        __exidx_end = .
                0x08004834                        . = ALIGN (0x4)

.preinit_array  0x08004834        0x0
                0x08004834                        . = ALIGN (0x4)
                0x08004834                        PROVIDE (__preinit_array_start = .)
 *(.preinit_array*)
                0x08004834                        PROVIDE (__preinit_array_end = .)
                0x08004834                        . = ALIGN (0x4)

.init_array     0x08004834        0x8
                0x08004834                        . = ALIGN (0x4)
                0x08004834                        PROVIDE (__init_array_start = .)
 *(SORT_BY_NAME(.init_array.*))
 *(.init_array*)
 .init_array    0x08004834        0x4 C:/ST/STM32CubeIDE_1.16.1/STM32CubeIDE/plugins/com.st.stm32cube.ide.mcu.externaltools.gnu-tools-for-stm32.12.3.rel1.win32_1.0.200.202406191623/tools/bin/../lib/gcc/arm-none-eabi/12.3.1/thumb/v7e-m+fp/hard/crtbegin.o
 .init_array    0x08004838        0x4 ./Core/Src/mainpp.o
                0x0800483c                        PROVIDE (__init_array_end = .)
                0x0800483c                        . = ALIGN (0x4)

.fini_array     0x0800483c        0x4
                0x0800483c                        . = ALIGN (0x4)
                [!provide]                        PROVIDE (__fini_array_start = .)
 *(SORT_BY_NAME(.fini_array.*))
 *(.fini_array*)
 .fini_array    0x0800483c        0x4 C:/ST/STM32CubeIDE_1.16.1/STM32CubeIDE/plugins/com.st.stm32cube.ide.mcu.externaltools.gnu-tools-for-stm32.12.3.rel1.win32_1.0.200.202406191623/tools/bin/../lib/gcc/arm-none-eabi/12.3.1/thumb/v7e-m+fp/hard/crtbegin.o
                [!provide]                        PROVIDE (__fini_array_end = .)
                0x08004840                        . = ALIGN (0x4)
                0x08004840                        _sidata = LOADADDR (.data)

.rel.dyn        0x08004840        0x0
 .rel.iplt      0x08004840        0x0 C:/ST/STM32CubeIDE_1.16.1/STM32CubeIDE/plugins/com.st.stm32cube.ide.mcu.externaltools.gnu-tools-for-stm32.12.3.rel1.win32_1.0.200.202406191623/tools/bin/../lib/gcc/arm-none-eabi/12.3.1/thumb/v7e-m+fp/hard/crtbegin.o

.data           0x20000000       0x10 load address 0x08004840
                0x20000000                        . = ALIGN (0x4)
                0x20000000                        _sdata = .
 *(.data)
 *(.data*)
 .data._ZL11initialized
                0x20000000        0x1 ./Core/Src/mainpp.o
 *fill*         0x20000001        0x3 
 .data.SystemCoreClock
                0x20000004        0x4 ./Core/Src/system_stm32g4xx.o
                0x20000004                SystemCoreClock
 .data.uwTickPrio
                0x20000008        0x4 ./Drivers/STM32G4xx_HAL_Driver/Src/stm32g4xx_hal.o
                0x20000008                uwTickPrio
 .data.uwTickFreq
                0x2000000c        0x4 ./Drivers/STM32G4xx_HAL_Driver/Src/stm32g4xx_hal.o
                0x2000000c                uwTickFreq
 *(.RamFunc)
 *(.RamFunc*)
                0x20000010                        . = ALIGN (0x4)
                0x20000010                        _edata = .

.igot.plt       0x20000010        0x0 load address 0x08004850
 .igot.plt      0x20000010        0x0 C:/ST/STM32CubeIDE_1.16.1/STM32CubeIDE/plugins/com.st.stm32cube.ide.mcu.externaltools.gnu-tools-for-stm32.12.3.rel1.win32_1.0.200.202406191623/tools/bin/../lib/gcc/arm-none-eabi/12.3.1/thumb/v7e-m+fp/hard/crtbegin.o
                0x20000010                        . = ALIGN (0x4)

.bss            0x20000010      0x31c load address 0x08004850
                0x20000010                        _sbss = .
                0x20000010                        __bss_start__ = _sbss
 *(.bss)
 .bss           0x20000010       0x1c C:/ST/STM32CubeIDE_1.16.1/STM32CubeIDE/plugins/com.st.stm32cube.ide.mcu.externaltools.gnu-tools-for-stm32.12.3.rel1.win32_1.0.200.202406191623/tools/bin/../lib/gcc/arm-none-eabi/12.3.1/thumb/v7e-m+fp/hard/crtbegin.o
 *(.bss*)
 .bss.uuuuuu    0x2000002c        0x4 ./Core/Src/DC_motor.o
                0x2000002c                uuuuuu
 .bss.hi2c1     0x20000030       0x54 ./Core/Src/main.o
                0x20000030                hi2c1
 .bss.htim1     0x20000084       0x4c ./Core/Src/main.o
                0x20000084                htim1
 .bss.htim2     0x200000d0       0x4c ./Core/Src/main.o
                0x200000d0                htim2
 .bss.htim3     0x2000011c       0x4c ./Core/Src/main.o
                0x2000011c                htim3
 .bss.htim4     0x20000168       0x4c ./Core/Src/main.o
                0x20000168                htim4
 .bss.htim8     0x200001b4       0x4c ./Core/Src/main.o
                0x200001b4                htim8
 .bss.Motor_forword
                0x20000200       0x5c ./Core/Src/mainpp.o
                0x20000200                Motor_forword
 .bss.Motor_updown
                0x2000025c       0x5c ./Core/Src/mainpp.o
                0x2000025c                Motor_updown
 .bss.servo_gripper
                0x200002b8       0x2c ./Core/Src/mainpp.o
                0x200002b8                servo_gripper
 .bss.servo_trun
                0x200002e4       0x2c ./Core/Src/mainpp.o
                0x200002e4                servo_trun
 .bss.speeds    0x20000310        0x4 ./Core/Src/mainpp.o
                0x20000310                speeds
 .bss.high      0x20000314        0x4 ./Core/Src/mainpp.o
                0x20000314                high
 .bss.delay_count
                0x20000318        0x4 ./Core/Src/mainpp.o
                0x20000318                delay_count
 .bss.gripperHighest
                0x2000031c        0x4 ./Core/Src/mainpp.o
                0x2000031c                gripperHighest
 .bss.gripperLowest
                0x20000320        0x4 ./Core/Src/mainpp.o
                0x20000320                gripperLowest
 .bss._ZL11total_steps
                0x20000324        0x4 ./Core/Src/mainpp.o
 .bss.uwTick    0x20000328        0x4 ./Drivers/STM32G4xx_HAL_Driver/Src/stm32g4xx_hal.o
                0x20000328                uwTick
 *(COMMON)
                0x2000032c                        . = ALIGN (0x4)
                0x2000032c                        _ebss = .
                0x2000032c                        __bss_end__ = _ebss

._user_heap_stack
                0x2000032c      0x604 load address 0x08004850
                0x20000330                        . = ALIGN (0x8)
 *fill*         0x2000032c        0x4 
                [!provide]                        PROVIDE (end = .)
                0x20000330                        PROVIDE (_end = .)
                0x20000530                        . = (. + _Min_Heap_Size)
 *fill*         0x20000330      0x200 
                0x20000930                        . = (. + _Min_Stack_Size)
 *fill*         0x20000530      0x400 
                0x20000930                        . = ALIGN (0x8)

/DISCARD/
 libc.a(*)
 libm.a(*)
 libgcc.a(*)

.ARM.attributes
                0x00000000       0x30
 *(.ARM.attributes)
 .ARM.attributes
                0x00000000       0x22 C:/ST/STM32CubeIDE_1.16.1/STM32CubeIDE/plugins/com.st.stm32cube.ide.mcu.externaltools.gnu-tools-for-stm32.12.3.rel1.win32_1.0.200.202406191623/tools/bin/../lib/gcc/arm-none-eabi/12.3.1/thumb/v7e-m+fp/hard/crti.o
 .ARM.attributes
                0x00000022       0x34 C:/ST/STM32CubeIDE_1.16.1/STM32CubeIDE/plugins/com.st.stm32cube.ide.mcu.externaltools.gnu-tools-for-stm32.12.3.rel1.win32_1.0.200.202406191623/tools/bin/../lib/gcc/arm-none-eabi/12.3.1/thumb/v7e-m+fp/hard/crtbegin.o
 .ARM.attributes
                0x00000056       0x34 ./Core/Src/DC_motor.o
 .ARM.attributes
                0x0000008a       0x34 ./Core/Src/main.o
 .ARM.attributes
                0x000000be       0x34 ./Core/Src/mainpp.o
 .ARM.attributes
                0x000000f2       0x34 ./Core/Src/servo.o
 .ARM.attributes
                0x00000126       0x34 ./Core/Src/stm32g4xx_hal_msp.o
 .ARM.attributes
                0x0000015a       0x34 ./Core/Src/stm32g4xx_it.o
 .ARM.attributes
                0x0000018e       0x34 ./Core/Src/system_stm32g4xx.o
 .ARM.attributes
                0x000001c2       0x21 ./Core/Startup/startup_stm32g431rbtx.o
 .ARM.attributes
                0x000001e3       0x34 ./Drivers/STM32G4xx_HAL_Driver/Src/stm32g4xx_hal.o
 .ARM.attributes
                0x00000217       0x34 ./Drivers/STM32G4xx_HAL_Driver/Src/stm32g4xx_hal_cortex.o
 .ARM.attributes
                0x0000024b       0x34 ./Drivers/STM32G4xx_HAL_Driver/Src/stm32g4xx_hal_gpio.o
 .ARM.attributes
                0x0000027f       0x34 ./Drivers/STM32G4xx_HAL_Driver/Src/stm32g4xx_hal_i2c.o
 .ARM.attributes
                0x000002b3       0x34 ./Drivers/STM32G4xx_HAL_Driver/Src/stm32g4xx_hal_i2c_ex.o
 .ARM.attributes
                0x000002e7       0x34 ./Drivers/STM32G4xx_HAL_Driver/Src/stm32g4xx_hal_pwr_ex.o
 .ARM.attributes
                0x0000031b       0x34 ./Drivers/STM32G4xx_HAL_Driver/Src/stm32g4xx_hal_rcc.o
 .ARM.attributes
                0x0000034f       0x34 ./Drivers/STM32G4xx_HAL_Driver/Src/stm32g4xx_hal_rcc_ex.o
 .ARM.attributes
                0x00000383       0x34 ./Drivers/STM32G4xx_HAL_Driver/Src/stm32g4xx_hal_tim.o
 .ARM.attributes
                0x000003b7       0x34 ./Drivers/STM32G4xx_HAL_Driver/Src/stm32g4xx_hal_tim_ex.o
 .ARM.attributes
                0x000003eb       0x34 C:/ST/STM32CubeIDE_1.16.1/STM32CubeIDE/plugins/com.st.stm32cube.ide.mcu.externaltools.gnu-tools-for-stm32.12.3.rel1.win32_1.0.200.202406191623/tools/bin/../lib/gcc/arm-none-eabi/12.3.1/../../../../arm-none-eabi/lib/thumb/v7e-m+fp/hard\libc_nano.a(libc_a-memset.o)
 .ARM.attributes
                0x0000041f       0x34 C:/ST/STM32CubeIDE_1.16.1/STM32CubeIDE/plugins/com.st.stm32cube.ide.mcu.externaltools.gnu-tools-for-stm32.12.3.rel1.win32_1.0.200.202406191623/tools/bin/../lib/gcc/arm-none-eabi/12.3.1/../../../../arm-none-eabi/lib/thumb/v7e-m+fp/hard\libc_nano.a(libc_a-init.o)
 .ARM.attributes
                0x00000453       0x22 C:/ST/STM32CubeIDE_1.16.1/STM32CubeIDE/plugins/com.st.stm32cube.ide.mcu.externaltools.gnu-tools-for-stm32.12.3.rel1.win32_1.0.200.202406191623/tools/bin/../lib/gcc/arm-none-eabi/12.3.1/thumb/v7e-m+fp/hard/crtn.o
OUTPUT(test.elf elf32-littlearm)
LOAD linker stubs
LOAD C:/ST/STM32CubeIDE_1.16.1/STM32CubeIDE/plugins/com.st.stm32cube.ide.mcu.externaltools.gnu-tools-for-stm32.12.3.rel1.win32_1.0.200.202406191623/tools/bin/../lib/gcc/arm-none-eabi/12.3.1/../../../../arm-none-eabi/lib/thumb/v7e-m+fp/hard\libc.a
LOAD C:/ST/STM32CubeIDE_1.16.1/STM32CubeIDE/plugins/com.st.stm32cube.ide.mcu.externaltools.gnu-tools-for-stm32.12.3.rel1.win32_1.0.200.202406191623/tools/bin/../lib/gcc/arm-none-eabi/12.3.1/../../../../arm-none-eabi/lib/thumb/v7e-m+fp/hard\libm.a
LOAD C:/ST/STM32CubeIDE_1.16.1/STM32CubeIDE/plugins/com.st.stm32cube.ide.mcu.externaltools.gnu-tools-for-stm32.12.3.rel1.win32_1.0.200.202406191623/tools/bin/../lib/gcc/arm-none-eabi/12.3.1/thumb/v7e-m+fp/hard\libgcc.a

.debug_info     0x00000000    0x12e41
 .debug_info    0x00000000     0x16fe ./Core/Src/DC_motor.o
 .debug_info    0x000016fe     0x1892 ./Core/Src/main.o
 .debug_info    0x00002f90     0x19ad ./Core/Src/mainpp.o
 .debug_info    0x0000493d      0xaab ./Core/Src/servo.o
 .debug_info    0x000053e8     0x14de ./Core/Src/stm32g4xx_hal_msp.o
 .debug_info    0x000068c6      0x8c3 ./Core/Src/stm32g4xx_it.o
 .debug_info    0x00007189      0x58e ./Core/Src/system_stm32g4xx.o
 .debug_info    0x00007717       0x30 ./Core/Startup/startup_stm32g431rbtx.o
 .debug_info    0x00007747      0xadb ./Drivers/STM32G4xx_HAL_Driver/Src/stm32g4xx_hal.o
 .debug_info    0x00008222      0xd3f ./Drivers/STM32G4xx_HAL_Driver/Src/stm32g4xx_hal_cortex.o
 .debug_info    0x00008f61      0x763 ./Drivers/STM32G4xx_HAL_Driver/Src/stm32g4xx_hal_gpio.o
 .debug_info    0x000096c4     0x21ea ./Drivers/STM32G4xx_HAL_Driver/Src/stm32g4xx_hal_i2c.o
 .debug_info    0x0000b8ae      0xad6 ./Drivers/STM32G4xx_HAL_Driver/Src/stm32g4xx_hal_i2c_ex.o
 .debug_info    0x0000c384      0x93f ./Drivers/STM32G4xx_HAL_Driver/Src/stm32g4xx_hal_pwr_ex.o
 .debug_info    0x0000ccc3      0xb82 ./Drivers/STM32G4xx_HAL_Driver/Src/stm32g4xx_hal_rcc.o
 .debug_info    0x0000d845      0xc15 ./Drivers/STM32G4xx_HAL_Driver/Src/stm32g4xx_hal_rcc_ex.o
 .debug_info    0x0000e45a     0x2c52 ./Drivers/STM32G4xx_HAL_Driver/Src/stm32g4xx_hal_tim.o
 .debug_info    0x000110ac     0x1d95 ./Drivers/STM32G4xx_HAL_Driver/Src/stm32g4xx_hal_tim_ex.o

.debug_abbrev   0x00000000     0x2ad0
 .debug_abbrev  0x00000000      0x35b ./Core/Src/DC_motor.o
 .debug_abbrev  0x0000035b      0x30f ./Core/Src/main.o
 .debug_abbrev  0x0000066a      0x423 ./Core/Src/mainpp.o
 .debug_abbrev  0x00000a8d      0x268 ./Core/Src/servo.o
 .debug_abbrev  0x00000cf5      0x2ac ./Core/Src/stm32g4xx_hal_msp.o
 .debug_abbrev  0x00000fa1      0x1c2 ./Core/Src/stm32g4xx_it.o
 .debug_abbrev  0x00001163      0x11a ./Core/Src/system_stm32g4xx.o
 .debug_abbrev  0x0000127d       0x24 ./Core/Startup/startup_stm32g431rbtx.o
 .debug_abbrev  0x000012a1      0x271 ./Drivers/STM32G4xx_HAL_Driver/Src/stm32g4xx_hal.o
 .debug_abbrev  0x00001512      0x31c ./Drivers/STM32G4xx_HAL_Driver/Src/stm32g4xx_hal_cortex.o
 .debug_abbrev  0x0000182e      0x1cb ./Drivers/STM32G4xx_HAL_Driver/Src/stm32g4xx_hal_gpio.o
 .debug_abbrev  0x000019f9      0x25e ./Drivers/STM32G4xx_HAL_Driver/Src/stm32g4xx_hal_i2c.o
 .debug_abbrev  0x00001c57      0x1c0 ./Drivers/STM32G4xx_HAL_Driver/Src/stm32g4xx_hal_i2c_ex.o
 .debug_abbrev  0x00001e17      0x22c ./Drivers/STM32G4xx_HAL_Driver/Src/stm32g4xx_hal_pwr_ex.o
 .debug_abbrev  0x00002043      0x2c9 ./Drivers/STM32G4xx_HAL_Driver/Src/stm32g4xx_hal_rcc.o
 .debug_abbrev  0x0000230c      0x258 ./Drivers/STM32G4xx_HAL_Driver/Src/stm32g4xx_hal_rcc_ex.o
 .debug_abbrev  0x00002564      0x2a7 ./Drivers/STM32G4xx_HAL_Driver/Src/stm32g4xx_hal_tim.o
 .debug_abbrev  0x0000280b      0x2c5 ./Drivers/STM32G4xx_HAL_Driver/Src/stm32g4xx_hal_tim_ex.o

.debug_aranges  0x00000000     0x10f0
 .debug_aranges
                0x00000000       0x58 ./Core/Src/DC_motor.o
 .debug_aranges
                0x00000058       0x68 ./Core/Src/main.o
 .debug_aranges
                0x000000c0       0x78 ./Core/Src/mainpp.o
 .debug_aranges
                0x00000138       0x30 ./Core/Src/servo.o
 .debug_aranges
                0x00000168       0x68 ./Core/Src/stm32g4xx_hal_msp.o
 .debug_aranges
                0x000001d0       0x78 ./Core/Src/stm32g4xx_it.o
 .debug_aranges
                0x00000248       0x28 ./Core/Src/system_stm32g4xx.o
 .debug_aranges
                0x00000270       0x28 ./Core/Startup/startup_stm32g431rbtx.o
 .debug_aranges
                0x00000298      0x148 ./Drivers/STM32G4xx_HAL_Driver/Src/stm32g4xx_hal.o
 .debug_aranges
                0x000003e0      0x128 ./Drivers/STM32G4xx_HAL_Driver/Src/stm32g4xx_hal_cortex.o
 .debug_aranges
                0x00000508       0x58 ./Drivers/STM32G4xx_HAL_Driver/Src/stm32g4xx_hal_gpio.o
 .debug_aranges
                0x00000560      0x2a0 ./Drivers/STM32G4xx_HAL_Driver/Src/stm32g4xx_hal_i2c.o
 .debug_aranges
                0x00000800       0x48 ./Drivers/STM32G4xx_HAL_Driver/Src/stm32g4xx_hal_i2c_ex.o
 .debug_aranges
                0x00000848      0x140 ./Drivers/STM32G4xx_HAL_Driver/Src/stm32g4xx_hal_pwr_ex.o
 .debug_aranges
                0x00000988       0x98 ./Drivers/STM32G4xx_HAL_Driver/Src/stm32g4xx_hal_rcc.o
 .debug_aranges
                0x00000a20       0xb0 ./Drivers/STM32G4xx_HAL_Driver/Src/stm32g4xx_hal_rcc_ex.o
 .debug_aranges
                0x00000ad0      0x3e0 ./Drivers/STM32G4xx_HAL_Driver/Src/stm32g4xx_hal_tim.o
 .debug_aranges
                0x00000eb0      0x240 ./Drivers/STM32G4xx_HAL_Driver/Src/stm32g4xx_hal_tim_ex.o

.debug_rnglists
                0x00000000      0xd24
 .debug_rnglists
                0x00000000       0x3f ./Core/Src/DC_motor.o
 .debug_rnglists
                0x0000003f       0x51 ./Core/Src/main.o
 .debug_rnglists
                0x00000090       0x59 ./Core/Src/mainpp.o
 .debug_rnglists
                0x000000e9       0x20 ./Core/Src/servo.o
 .debug_rnglists
                0x00000109       0x4c ./Core/Src/stm32g4xx_hal_msp.o
 .debug_rnglists
                0x00000155       0x55 ./Core/Src/stm32g4xx_it.o
 .debug_rnglists
                0x000001aa       0x1a ./Core/Src/system_stm32g4xx.o
 .debug_rnglists
                0x000001c4       0x19 ./Core/Startup/startup_stm32g431rbtx.o
 .debug_rnglists
                0x000001dd       0xf1 ./Drivers/STM32G4xx_HAL_Driver/Src/stm32g4xx_hal.o
 .debug_rnglists
                0x000002ce       0xda ./Drivers/STM32G4xx_HAL_Driver/Src/stm32g4xx_hal_cortex.o
 .debug_rnglists
                0x000003a8       0x3f ./Drivers/STM32G4xx_HAL_Driver/Src/stm32g4xx_hal_gpio.o
 .debug_rnglists
                0x000003e7      0x228 ./Drivers/STM32G4xx_HAL_Driver/Src/stm32g4xx_hal_i2c.o
 .debug_rnglists
                0x0000060f       0x35 ./Drivers/STM32G4xx_HAL_Driver/Src/stm32g4xx_hal_i2c_ex.o
 .debug_rnglists
                0x00000644       0xf1 ./Drivers/STM32G4xx_HAL_Driver/Src/stm32g4xx_hal_pwr_ex.o
 .debug_rnglists
                0x00000735       0x74 ./Drivers/STM32G4xx_HAL_Driver/Src/stm32g4xx_hal_rcc.o
 .debug_rnglists
                0x000007a9       0x87 ./Drivers/STM32G4xx_HAL_Driver/Src/stm32g4xx_hal_rcc_ex.o
 .debug_rnglists
                0x00000830      0x328 ./Drivers/STM32G4xx_HAL_Driver/Src/stm32g4xx_hal_tim.o
 .debug_rnglists
                0x00000b58      0x1cc ./Drivers/STM32G4xx_HAL_Driver/Src/stm32g4xx_hal_tim_ex.o

.debug_macro    0x00000000    0x2115f
 .debug_macro   0x00000000      0x32d ./Core/Src/DC_motor.o
 .debug_macro   0x0000032d      0xb8c ./Core/Src/DC_motor.o
 .debug_macro   0x00000eb9      0x1d6 ./Core/Src/DC_motor.o
 .debug_macro   0x0000108f       0x10 ./Core/Src/DC_motor.o
 .debug_macro   0x0000109f      0x417 ./Core/Src/DC_motor.o
 .debug_macro   0x000014b6       0x1c ./Core/Src/DC_motor.o
 .debug_macro   0x000014d2       0x22 ./Core/Src/DC_motor.o
 .debug_macro   0x000014f4       0x8e ./Core/Src/DC_motor.o
 .debug_macro   0x00001582       0x51 ./Core/Src/DC_motor.o
 .debug_macro   0x000015d3      0x103 ./Core/Src/DC_motor.o
 .debug_macro   0x000016d6       0x6a ./Core/Src/DC_motor.o
 .debug_macro   0x00001740      0x1df ./Core/Src/DC_motor.o
 .debug_macro   0x0000191f      0x15b ./Core/Src/DC_motor.o
 .debug_macro   0x00001a7a       0x2e ./Core/Src/DC_motor.o
 .debug_macro   0x00001aa8       0x28 ./Core/Src/DC_motor.o
 .debug_macro   0x00001ad0       0x1c ./Core/Src/DC_motor.o
 .debug_macro   0x00001aec       0x22 ./Core/Src/DC_motor.o
 .debug_macro   0x00001b0e       0xfb ./Core/Src/DC_motor.o
 .debug_macro   0x00001c09     0x1011 ./Core/Src/DC_motor.o
 .debug_macro   0x00002c1a      0x11f ./Core/Src/DC_motor.o
 .debug_macro   0x00002d39    0x1138f ./Core/Src/DC_motor.o
 .debug_macro   0x000140c8       0x6d ./Core/Src/DC_motor.o
 .debug_macro   0x00014135     0x3558 ./Core/Src/DC_motor.o
 .debug_macro   0x0001768d      0x190 ./Core/Src/DC_motor.o
 .debug_macro   0x0001781d       0x5c ./Core/Src/DC_motor.o
 .debug_macro   0x00017879     0x141d ./Core/Src/DC_motor.o
 .debug_macro   0x00018c96      0x535 ./Core/Src/DC_motor.o
 .debug_macro   0x000191cb      0x1b6 ./Core/Src/DC_motor.o
 .debug_macro   0x00019381      0x288 ./Core/Src/DC_motor.o
 .debug_macro   0x00019609      0x41d ./Core/Src/DC_motor.o
 .debug_macro   0x00019a26      0x18b ./Core/Src/DC_motor.o
 .debug_macro   0x00019bb1       0x43 ./Core/Src/DC_motor.o
 .debug_macro   0x00019bf4      0x23d ./Core/Src/DC_motor.o
 .debug_macro   0x00019e31      0x211 ./Core/Src/DC_motor.o
 .debug_macro   0x0001a042      0x401 ./Core/Src/DC_motor.o
 .debug_macro   0x0001a443      0x107 ./Core/Src/DC_motor.o
 .debug_macro   0x0001a54a      0x22c ./Core/Src/DC_motor.o
 .debug_macro   0x0001a776       0x61 ./Core/Src/DC_motor.o
 .debug_macro   0x0001a7d7       0xa5 ./Core/Src/DC_motor.o
 .debug_macro   0x0001a87c      0x122 ./Core/Src/DC_motor.o
 .debug_macro   0x0001a99e      0x3d1 ./Core/Src/DC_motor.o
 .debug_macro   0x0001ad6f      0xbda ./Core/Src/DC_motor.o
 .debug_macro   0x0001b949      0x47e ./Core/Src/DC_motor.o
 .debug_macro   0x0001bdc7      0x306 ./Core/Src/DC_motor.o
 .debug_macro   0x0001c0cd       0x10 ./Core/Src/DC_motor.o
 .debug_macro   0x0001c0dd       0x2a ./Core/Src/DC_motor.o
 .debug_macro   0x0001c107       0x61 ./Core/Src/DC_motor.o
 .debug_macro   0x0001c168       0x43 ./Core/Src/DC_motor.o
 .debug_macro   0x0001c1ab       0x34 ./Core/Src/DC_motor.o
 .debug_macro   0x0001c1df       0x16 ./Core/Src/DC_motor.o
 .debug_macro   0x0001c1f5       0x35 ./Core/Src/DC_motor.o
 .debug_macro   0x0001c22a       0x16 ./Core/Src/DC_motor.o
 .debug_macro   0x0001c240       0x43 ./Core/Src/DC_motor.o
 .debug_macro   0x0001c283       0x34 ./Core/Src/DC_motor.o
 .debug_macro   0x0001c2b7       0x10 ./Core/Src/DC_motor.o
 .debug_macro   0x0001c2c7       0x58 ./Core/Src/DC_motor.o
 .debug_macro   0x0001c31f       0x8e ./Core/Src/DC_motor.o
 .debug_macro   0x0001c3ad       0x16 ./Core/Src/DC_motor.o
 .debug_macro   0x0001c3c3      0x177 ./Core/Src/DC_motor.o
 .debug_macro   0x0001c53a      0x38c ./Core/Src/DC_motor.o
 .debug_macro   0x0001c8c6       0x16 ./Core/Src/DC_motor.o
 .debug_macro   0x0001c8dc       0x29 ./Core/Src/DC_motor.o
 .debug_macro   0x0001c905       0x1c ./Core/Src/DC_motor.o
 .debug_macro   0x0001c921       0xde ./Core/Src/DC_motor.o
 .debug_macro   0x0001c9ff       0x18 ./Core/Src/DC_motor.o
 .debug_macro   0x0001ca17      0x194 ./Core/Src/DC_motor.o
 .debug_macro   0x0001cbab      0x3cd ./Core/Src/DC_motor.o
 .debug_macro   0x0001cf78      0x1e7 ./Core/Src/main.o
 .debug_macro   0x0001d15f      0xab4 ./Core/Src/main.o
 .debug_macro   0x0001dc13     0x1011 ./Core/Src/main.o
 .debug_macro   0x0001ec24      0x189 ./Core/Src/main.o
 .debug_macro   0x0001edad      0x35f ./Core/Src/mainpp.o
 .debug_macro   0x0001f10c       0x10 ./Core/Src/mainpp.o
 .debug_macro   0x0001f11c       0x10 ./Core/Src/mainpp.o
 .debug_macro   0x0001f12c      0x3c7 ./Core/Src/mainpp.o
 .debug_macro   0x0001f4f3       0xf0 ./Core/Src/mainpp.o
 .debug_macro   0x0001f5e3      0x1e2 ./Core/Src/servo.o
 .debug_macro   0x0001f7c5      0x1dd ./Core/Src/stm32g4xx_hal_msp.o
 .debug_macro   0x0001f9a2      0x1e7 ./Core/Src/stm32g4xx_it.o
 .debug_macro   0x0001fb89      0x1d3 ./Core/Src/system_stm32g4xx.o
 .debug_macro   0x0001fd5c      0x221 ./Drivers/STM32G4xx_HAL_Driver/Src/stm32g4xx_hal.o
 .debug_macro   0x0001ff7d      0x1d3 ./Drivers/STM32G4xx_HAL_Driver/Src/stm32g4xx_hal_cortex.o
 .debug_macro   0x00020150      0x1da ./Drivers/STM32G4xx_HAL_Driver/Src/stm32g4xx_hal_gpio.o
 .debug_macro   0x0002032a      0x29f ./Drivers/STM32G4xx_HAL_Driver/Src/stm32g4xx_hal_i2c.o
 .debug_macro   0x000205c9      0x1d3 ./Drivers/STM32G4xx_HAL_Driver/Src/stm32g4xx_hal_i2c_ex.o
 .debug_macro   0x0002079c      0x1fd ./Drivers/STM32G4xx_HAL_Driver/Src/stm32g4xx_hal_pwr_ex.o
 .debug_macro   0x00020999      0x215 ./Drivers/STM32G4xx_HAL_Driver/Src/stm32g4xx_hal_rcc.o
 .debug_macro   0x00020bae      0x1fd ./Drivers/STM32G4xx_HAL_Driver/Src/stm32g4xx_hal_rcc_ex.o
 .debug_macro   0x00020dab      0x1db ./Drivers/STM32G4xx_HAL_Driver/Src/stm32g4xx_hal_tim.o
 .debug_macro   0x00020f86      0x1d9 ./Drivers/STM32G4xx_HAL_Driver/Src/stm32g4xx_hal_tim_ex.o

.debug_line     0x00000000    0x14208
 .debug_line    0x00000000      0xf88 ./Core/Src/DC_motor.o
 .debug_line    0x00000f88      0xadc ./Core/Src/main.o
 .debug_line    0x00001a64      0xf99 ./Core/Src/mainpp.o
 .debug_line    0x000029fd      0x865 ./Core/Src/servo.o
 .debug_line    0x00003262      0x93d ./Core/Src/stm32g4xx_hal_msp.o
 .debug_line    0x00003b9f      0x878 ./Core/Src/stm32g4xx_it.o
 .debug_line    0x00004417      0x7d4 ./Core/Src/system_stm32g4xx.o
 .debug_line    0x00004beb       0x7b ./Core/Startup/startup_stm32g431rbtx.o
 .debug_line    0x00004c66      0xb90 ./Drivers/STM32G4xx_HAL_Driver/Src/stm32g4xx_hal.o
 .debug_line    0x000057f6      0xd23 ./Drivers/STM32G4xx_HAL_Driver/Src/stm32g4xx_hal_cortex.o
 .debug_line    0x00006519      0xba9 ./Drivers/STM32G4xx_HAL_Driver/Src/stm32g4xx_hal_gpio.o
 .debug_line    0x000070c2     0x3a56 ./Drivers/STM32G4xx_HAL_Driver/Src/stm32g4xx_hal_i2c.o
 .debug_line    0x0000ab18      0x985 ./Drivers/STM32G4xx_HAL_Driver/Src/stm32g4xx_hal_i2c_ex.o
 .debug_line    0x0000b49d      0xcff ./Drivers/STM32G4xx_HAL_Driver/Src/stm32g4xx_hal_pwr_ex.o
 .debug_line    0x0000c19c      0xf5b ./Drivers/STM32G4xx_HAL_Driver/Src/stm32g4xx_hal_rcc.o
 .debug_line    0x0000d0f7     0x1123 ./Drivers/STM32G4xx_HAL_Driver/Src/stm32g4xx_hal_rcc_ex.o
 .debug_line    0x0000e21a     0x3f1e ./Drivers/STM32G4xx_HAL_Driver/Src/stm32g4xx_hal_tim.o
 .debug_line    0x00012138     0x20d0 ./Drivers/STM32G4xx_HAL_Driver/Src/stm32g4xx_hal_tim_ex.o

.debug_str      0x00000000    0xc5734
 .debug_str     0x00000000    0xc0333 ./Core/Src/DC_motor.o
                              0xc0ab8 (size before relaxing)
 .debug_str     0x000c0333      0xfe2 ./Core/Src/main.o
                              0xbb210 (size before relaxing)
 .debug_str     0x000c1315      0x384 ./Core/Src/mainpp.o
                              0xc0e3b (size before relaxing)
 .debug_str     0x000c1699       0x48 ./Core/Src/servo.o
                              0xbaad1 (size before relaxing)
 .debug_str     0x000c16e1      0x2d0 ./Core/Src/stm32g4xx_hal_msp.o
                              0xbaee2 (size before relaxing)
 .debug_str     0x000c19b1      0x12d ./Core/Src/stm32g4xx_it.o
                              0xba401 (size before relaxing)
 .debug_str     0x000c1ade       0xdb ./Core/Src/system_stm32g4xx.o
                              0xb9ee1 (size before relaxing)
 .debug_str     0x000c1bb9       0x44 ./Core/Startup/startup_stm32g431rbtx.o
                                 0x7b (size before relaxing)
 .debug_str     0x000c1bfd      0x5e8 ./Drivers/STM32G4xx_HAL_Driver/Src/stm32g4xx_hal.o
                              0xbaa20 (size before relaxing)
 .debug_str     0x000c21e5      0x342 ./Drivers/STM32G4xx_HAL_Driver/Src/stm32g4xx_hal_cortex.o
                              0xba6dc (size before relaxing)
 .debug_str     0x000c2527       0xd5 ./Drivers/STM32G4xx_HAL_Driver/Src/stm32g4xx_hal_gpio.o
                              0xba06c (size before relaxing)
 .debug_str     0x000c25fc      0xdf5 ./Drivers/STM32G4xx_HAL_Driver/Src/stm32g4xx_hal_i2c.o
                              0xbb1eb (size before relaxing)
 .debug_str     0x000c33f1       0xb8 ./Drivers/STM32G4xx_HAL_Driver/Src/stm32g4xx_hal_i2c_ex.o
                              0xba500 (size before relaxing)
 .debug_str     0x000c34a9      0x4a5 ./Drivers/STM32G4xx_HAL_Driver/Src/stm32g4xx_hal_pwr_ex.o
                              0xba3cf (size before relaxing)
 .debug_str     0x000c394e      0x4d5 ./Drivers/STM32G4xx_HAL_Driver/Src/stm32g4xx_hal_rcc.o
                              0xba5da (size before relaxing)
 .debug_str     0x000c3e23      0x3f9 ./Drivers/STM32G4xx_HAL_Driver/Src/stm32g4xx_hal_rcc_ex.o
                              0xba5db (size before relaxing)
 .debug_str     0x000c421c      0xd0b ./Drivers/STM32G4xx_HAL_Driver/Src/stm32g4xx_hal_tim.o
                              0xbb3df (size before relaxing)
 .debug_str     0x000c4f27      0x80d ./Drivers/STM32G4xx_HAL_Driver/Src/stm32g4xx_hal_tim_ex.o
                              0xbb053 (size before relaxing)

.comment        0x00000000       0x43
 .comment       0x00000000       0x43 ./Core/Src/DC_motor.o
                                 0x44 (size before relaxing)
 .comment       0x00000043       0x44 ./Core/Src/main.o
 .comment       0x00000043       0x44 ./Core/Src/mainpp.o
 .comment       0x00000043       0x44 ./Core/Src/servo.o
 .comment       0x00000043       0x44 ./Core/Src/stm32g4xx_hal_msp.o
 .comment       0x00000043       0x44 ./Core/Src/stm32g4xx_it.o
 .comment       0x00000043       0x44 ./Core/Src/system_stm32g4xx.o
 .comment       0x00000043       0x44 ./Drivers/STM32G4xx_HAL_Driver/Src/stm32g4xx_hal.o
 .comment       0x00000043       0x44 ./Drivers/STM32G4xx_HAL_Driver/Src/stm32g4xx_hal_cortex.o
 .comment       0x00000043       0x44 ./Drivers/STM32G4xx_HAL_Driver/Src/stm32g4xx_hal_gpio.o
 .comment       0x00000043       0x44 ./Drivers/STM32G4xx_HAL_Driver/Src/stm32g4xx_hal_i2c.o
 .comment       0x00000043       0x44 ./Drivers/STM32G4xx_HAL_Driver/Src/stm32g4xx_hal_i2c_ex.o
 .comment       0x00000043       0x44 ./Drivers/STM32G4xx_HAL_Driver/Src/stm32g4xx_hal_pwr_ex.o
 .comment       0x00000043       0x44 ./Drivers/STM32G4xx_HAL_Driver/Src/stm32g4xx_hal_rcc.o
 .comment       0x00000043       0x44 ./Drivers/STM32G4xx_HAL_Driver/Src/stm32g4xx_hal_rcc_ex.o
 .comment       0x00000043       0x44 ./Drivers/STM32G4xx_HAL_Driver/Src/stm32g4xx_hal_tim.o
 .comment       0x00000043       0x44 ./Drivers/STM32G4xx_HAL_Driver/Src/stm32g4xx_hal_tim_ex.o

.debug_frame    0x00000000     0x471c
 .debug_frame   0x00000000      0x148 ./Core/Src/DC_motor.o
 .debug_frame   0x00000148      0x15c ./Core/Src/main.o
 .debug_frame   0x000002a4      0x1a4 ./Core/Src/mainpp.o
 .debug_frame   0x00000448       0x84 ./Core/Src/servo.o
 .debug_frame   0x000004cc      0x180 ./Core/Src/stm32g4xx_hal_msp.o
 .debug_frame   0x0000064c      0x158 ./Core/Src/stm32g4xx_it.o
 .debug_frame   0x000007a4       0x58 ./Core/Src/system_stm32g4xx.o
 .debug_frame   0x000007fc      0x500 ./Drivers/STM32G4xx_HAL_Driver/Src/stm32g4xx_hal.o
 .debug_frame   0x00000cfc      0x4e8 ./Drivers/STM32G4xx_HAL_Driver/Src/stm32g4xx_hal_cortex.o
 .debug_frame   0x000011e4      0x14c ./Drivers/STM32G4xx_HAL_Driver/Src/stm32g4xx_hal_gpio.o
 .debug_frame   0x00001330      0xc38 ./Drivers/STM32G4xx_HAL_Driver/Src/stm32g4xx_hal_i2c.o
 .debug_frame   0x00001f68      0x100 ./Drivers/STM32G4xx_HAL_Driver/Src/stm32g4xx_hal_i2c_ex.o
 .debug_frame   0x00002068      0x4fc ./Drivers/STM32G4xx_HAL_Driver/Src/stm32g4xx_hal_pwr_ex.o
 .debug_frame   0x00002564      0x23c ./Drivers/STM32G4xx_HAL_Driver/Src/stm32g4xx_hal_rcc.o
 .debug_frame   0x000027a0      0x2ac ./Drivers/STM32G4xx_HAL_Driver/Src/stm32g4xx_hal_rcc_ex.o
 .debug_frame   0x00002a4c     0x121c ./Drivers/STM32G4xx_HAL_Driver/Src/stm32g4xx_hal_tim.o
 .debug_frame   0x00003c68      0xa68 ./Drivers/STM32G4xx_HAL_Driver/Src/stm32g4xx_hal_tim_ex.o
 .debug_frame   0x000046d0       0x20 C:/ST/STM32CubeIDE_1.16.1/STM32CubeIDE/plugins/com.st.stm32cube.ide.mcu.externaltools.gnu-tools-for-stm32.12.3.rel1.win32_1.0.200.202406191623/tools/bin/../lib/gcc/arm-none-eabi/12.3.1/../../../../arm-none-eabi/lib/thumb/v7e-m+fp/hard\libc_nano.a(libc_a-memset.o)
 .debug_frame   0x000046f0       0x2c C:/ST/STM32CubeIDE_1.16.1/STM32CubeIDE/plugins/com.st.stm32cube.ide.mcu.externaltools.gnu-tools-for-stm32.12.3.rel1.win32_1.0.200.202406191623/tools/bin/../lib/gcc/arm-none-eabi/12.3.1/../../../../arm-none-eabi/lib/thumb/v7e-m+fp/hard\libc_nano.a(libc_a-init.o)

.debug_line_str
                0x00000000       0x5f
 .debug_line_str
                0x00000000       0x5f ./Core/Startup/startup_stm32g431rbtx.o
