../Core/Inc/servo.h:25:3:Servo::Servo(TIM_HandleTypeDef*, uint32_t)	24	static
../Core/Inc/DC_motor.h:34:2:DC_motor::DC_motor(TIM_HandleTypeDef*, GPIO_TypeDef*, uint16_t, TIM_HandleTypeDef*, uint32_t)	24	static
../Core/Src/mainpp.cpp:43:6:void setup_all()	8	static
../Core/Src/mainpp.cpp:53:6:void main_function()	8	static
../Core/Src/mainpp.cpp:66:6:void wait(int, TIM_HandleTypeDef*)	16	static
../Core/Src/mainpp.cpp:77:6:void HAL_TIM_PeriodElapsedCallback(TIM_HandleTypeDef*)	16	static
../Core/Src/mainpp.cpp:84:6:void HAL_GPIO_EXTI_Callback(uint16_t)	16	static
../Core/Src/mainpp.cpp:110:1:void __static_initialization_and_destruction_0(int, int)	24	static
../Core/Src/mainpp.cpp:110:1:cpp)	8	static
