../Core/Inc/servo.h:19:5:servo::servo(TIM_HandleTypeDef*, uint32_t)	24	static
../Core/Inc/DC_motor.h:34:2:DC_motor::DC_motor(TIM_HandleTypeDef*, GPIO_TypeDef*, uint16_t, TIM_HandleTypeDef*, uint32_t)	24	static
../Core/Src/mainpp.cpp:54:6:void setup_all()	8	static
../Core/Src/mainpp.cpp:65:6:void main_function()	8	static
../Core/Src/mainpp.cpp:77:6:void mission_1()	4	static
../Core/Src/mainpp.cpp:81:6:void mission_2()	8	static
../Core/Src/mainpp.cpp:92:6:void mission_3()	16	static
../Core/Src/mainpp.cpp:132:6:void wait(int, TIM_HandleTypeDef*)	16	static
../Core/Src/mainpp.cpp:143:6:void HAL_TIM_PeriodElapsedCallback(TIM_HandleTypeDef*)	16	static
../Core/Src/mainpp.cpp:150:6:void HAL_GPIO_EXTI_Callback(uint16_t)	16	static
../Core/Src/mainpp.cpp:176:1:void __static_initialization_and_destruction_0(int, int)	24	static
../Core/Src/mainpp.cpp:176:1:cpp)	8	static
