../Core/Src/mission.cpp:18:6:void mission_1()	4	static
../Core/Src/mission.cpp:22:6:void mission_2()	8	static
../Core/Src/mission.cpp:38:6:void mission_3()	8	static
../Core/Src/mission.cpp:58:6:void mission_4()	4	static
../Core/Src/mission.cpp:62:6:void gripperControl(bool)	16	static
../Core/Src/mission.cpp:73:6:void basketControl(bool)	16	static
../Core/Src/mission.cpp:86:6:void forwardControl(bool)	16	static
../Core/Src/mission.cpp:97:6:void elevatorControl(float)	16	static
../Core/Src/mission.cpp:101:6:void forwardToPoint(float)	16	static
