../Core/Src/mission.cpp:18:6:void mission_1()	4	static
../Core/Src/mission.cpp:22:6:void mission_2()	8	static
../Core/Src/mission.cpp:38:6:void mission_3()	8	static
../Core/Src/mission.cpp:61:6:void mission_4()	4	static
../Core/Src/mission.cpp:65:6:void gripperControl(bool)	16	static
../Core/Src/mission.cpp:76:6:void middleTurn(int)	24	static
../Core/Src/mission.cpp:87:6:void basketControl(bool)	16	static
../Core/Src/mission.cpp:100:6:void forwardControl(bool)	16	static
../Core/Src/mission.cpp:111:6:void elevatorControl(float)	16	static
../Core/Src/mission.cpp:115:6:void for_last_mission()	8	static
../Core/Src/mission.cpp:120:6:void forwardToPoint(float)	16	static
