../Core/Src/stm32g4xx_it.c:76:6:NMI_Handler	4	static
../Core/Src/stm32g4xx_it.c:91:6:HardFault_Handler	4	static
../Core/Src/stm32g4xx_it.c:106:6:MemManage_Handler	4	static
../Core/Src/stm32g4xx_it.c:121:6:BusFault_Handler	4	static
../Core/Src/stm32g4xx_it.c:136:6:UsageFault_Handler	4	static
../Core/Src/stm32g4xx_it.c:151:6:SVC_Handler	4	static
../Core/Src/stm32g4xx_it.c:164:6:DebugMon_Handler	4	static
../Core/Src/stm32g4xx_it.c:177:6:PendSV_Handler	4	static
../Core/Src/stm32g4xx_it.c:190:6:SysTick_Handler	8	static
../Core/Src/stm32g4xx_it.c:211:6:RCC_IRQHandler	4	static
../Core/Src/stm32g4xx_it.c:224:6:EXTI3_IRQHandler	8	static
../Core/Src/stm32g4xx_it.c:238:6:EXTI4_IRQHandler	8	static
../Core/Src/stm32g4xx_it.c:252:6:DMA1_Channel3_IRQHandler	8	static
../Core/Src/stm32g4xx_it.c:266:6:DMA1_Channel4_IRQHandler	8	static
../Core/Src/stm32g4xx_it.c:280:6:EXTI9_5_IRQHandler	8	static
../Core/Src/stm32g4xx_it.c:297:6:TIM1_BRK_TIM15_IRQHandler	8	static
../Core/Src/stm32g4xx_it.c:312:6:TIM2_IRQHandler	8	static
../Core/Src/stm32g4xx_it.c:326:6:USART2_IRQHandler	8	static
../Core/Src/stm32g4xx_it.c:340:6:EXTI15_10_IRQHandler	8	static
../Core/Src/stm32g4xx_it.c:357:6:TIM6_DAC_IRQHandler	8	static
../Core/Src/stm32g4xx_it.c:371:6:TIM7_IRQHandler	8	static
